<?xml version="1.0"?>
<link_info>
   <banner>MSP430 Linker Unix v4.4.3</banner>
   <copyright>Copyright (c) 2003-2015 Texas Instruments Incorporated</copyright>
   <link_time>0x55b7c9bf</link_time>
   <link_errors>0x0</link_errors>
   <output_file>SpikeRecorderHID.out</output_file>
   <entry_point>
      <name>_c_int00_noargs_noexit</name>
      <address>0xa28c</address>
   </entry_point>
   <input_file_list>
      <input_file id="fl-2">
         <path>./</path>
         <kind>object</kind>
         <file>hal.obj</file>
         <name>hal.obj</name>
      </input_file>
      <input_file id="fl-3">
         <path>./</path>
         <kind>object</kind>
         <file>main.obj</file>
         <name>main.obj</name>
      </input_file>
      <input_file id="fl-4">
         <path>./driverlib/MSP430F5xx_6xx/</path>
         <kind>object</kind>
         <file>adc10_a.obj</file>
         <name>adc10_a.obj</name>
      </input_file>
      <input_file id="fl-5">
         <path>./driverlib/MSP430F5xx_6xx/</path>
         <kind>object</kind>
         <file>adc12_a.obj</file>
         <name>adc12_a.obj</name>
      </input_file>
      <input_file id="fl-6">
         <path>./driverlib/MSP430F5xx_6xx/</path>
         <kind>object</kind>
         <file>aes.obj</file>
         <name>aes.obj</name>
      </input_file>
      <input_file id="fl-7">
         <path>./driverlib/MSP430F5xx_6xx/</path>
         <kind>object</kind>
         <file>battbak.obj</file>
         <name>battbak.obj</name>
      </input_file>
      <input_file id="fl-8">
         <path>./driverlib/MSP430F5xx_6xx/</path>
         <kind>object</kind>
         <file>comp_b.obj</file>
         <name>comp_b.obj</name>
      </input_file>
      <input_file id="fl-9">
         <path>./driverlib/MSP430F5xx_6xx/</path>
         <kind>object</kind>
         <file>crc.obj</file>
         <name>crc.obj</name>
      </input_file>
      <input_file id="fl-a">
         <path>./driverlib/MSP430F5xx_6xx/</path>
         <kind>object</kind>
         <file>dac12_a.obj</file>
         <name>dac12_a.obj</name>
      </input_file>
      <input_file id="fl-b">
         <path>./driverlib/MSP430F5xx_6xx/</path>
         <kind>object</kind>
         <file>dma.obj</file>
         <name>dma.obj</name>
      </input_file>
      <input_file id="fl-c">
         <path>./driverlib/MSP430F5xx_6xx/</path>
         <kind>object</kind>
         <file>eusci_a_spi.obj</file>
         <name>eusci_a_spi.obj</name>
      </input_file>
      <input_file id="fl-d">
         <path>./driverlib/MSP430F5xx_6xx/</path>
         <kind>object</kind>
         <file>eusci_a_uart.obj</file>
         <name>eusci_a_uart.obj</name>
      </input_file>
      <input_file id="fl-e">
         <path>./driverlib/MSP430F5xx_6xx/</path>
         <kind>object</kind>
         <file>eusci_b_i2c.obj</file>
         <name>eusci_b_i2c.obj</name>
      </input_file>
      <input_file id="fl-f">
         <path>./driverlib/MSP430F5xx_6xx/</path>
         <kind>object</kind>
         <file>eusci_b_spi.obj</file>
         <name>eusci_b_spi.obj</name>
      </input_file>
      <input_file id="fl-10">
         <path>./driverlib/MSP430F5xx_6xx/</path>
         <kind>object</kind>
         <file>eusci_i2c.obj</file>
         <name>eusci_i2c.obj</name>
      </input_file>
      <input_file id="fl-11">
         <path>./driverlib/MSP430F5xx_6xx/</path>
         <kind>object</kind>
         <file>eusci_spi.obj</file>
         <name>eusci_spi.obj</name>
      </input_file>
      <input_file id="fl-12">
         <path>./driverlib/MSP430F5xx_6xx/</path>
         <kind>object</kind>
         <file>eusci_uart.obj</file>
         <name>eusci_uart.obj</name>
      </input_file>
      <input_file id="fl-13">
         <path>./driverlib/MSP430F5xx_6xx/</path>
         <kind>object</kind>
         <file>flashctl.obj</file>
         <name>flashctl.obj</name>
      </input_file>
      <input_file id="fl-14">
         <path>./driverlib/MSP430F5xx_6xx/</path>
         <kind>object</kind>
         <file>gpio.obj</file>
         <name>gpio.obj</name>
      </input_file>
      <input_file id="fl-15">
         <path>./driverlib/MSP430F5xx_6xx/</path>
         <kind>object</kind>
         <file>ldopwr.obj</file>
         <name>ldopwr.obj</name>
      </input_file>
      <input_file id="fl-16">
         <path>./driverlib/MSP430F5xx_6xx/</path>
         <kind>object</kind>
         <file>mpy32.obj</file>
         <name>mpy32.obj</name>
      </input_file>
      <input_file id="fl-17">
         <path>./driverlib/MSP430F5xx_6xx/</path>
         <kind>object</kind>
         <file>pmap.obj</file>
         <name>pmap.obj</name>
      </input_file>
      <input_file id="fl-18">
         <path>./driverlib/MSP430F5xx_6xx/</path>
         <kind>object</kind>
         <file>pmm.obj</file>
         <name>pmm.obj</name>
      </input_file>
      <input_file id="fl-19">
         <path>./driverlib/MSP430F5xx_6xx/</path>
         <kind>object</kind>
         <file>ram.obj</file>
         <name>ram.obj</name>
      </input_file>
      <input_file id="fl-1a">
         <path>./driverlib/MSP430F5xx_6xx/</path>
         <kind>object</kind>
         <file>ref.obj</file>
         <name>ref.obj</name>
      </input_file>
      <input_file id="fl-1b">
         <path>./driverlib/MSP430F5xx_6xx/</path>
         <kind>object</kind>
         <file>rtc_a.obj</file>
         <name>rtc_a.obj</name>
      </input_file>
      <input_file id="fl-1c">
         <path>./driverlib/MSP430F5xx_6xx/</path>
         <kind>object</kind>
         <file>rtc_b.obj</file>
         <name>rtc_b.obj</name>
      </input_file>
      <input_file id="fl-1d">
         <path>./driverlib/MSP430F5xx_6xx/</path>
         <kind>object</kind>
         <file>rtc_c.obj</file>
         <name>rtc_c.obj</name>
      </input_file>
      <input_file id="fl-1e">
         <path>./driverlib/MSP430F5xx_6xx/</path>
         <kind>object</kind>
         <file>sd24_b.obj</file>
         <name>sd24_b.obj</name>
      </input_file>
      <input_file id="fl-1f">
         <path>./driverlib/MSP430F5xx_6xx/</path>
         <kind>object</kind>
         <file>sfr.obj</file>
         <name>sfr.obj</name>
      </input_file>
      <input_file id="fl-20">
         <path>./driverlib/MSP430F5xx_6xx/</path>
         <kind>object</kind>
         <file>sysctl.obj</file>
         <name>sysctl.obj</name>
      </input_file>
      <input_file id="fl-21">
         <path>./driverlib/MSP430F5xx_6xx/</path>
         <kind>object</kind>
         <file>tec.obj</file>
         <name>tec.obj</name>
      </input_file>
      <input_file id="fl-22">
         <path>./driverlib/MSP430F5xx_6xx/</path>
         <kind>object</kind>
         <file>timer_a.obj</file>
         <name>timer_a.obj</name>
      </input_file>
      <input_file id="fl-23">
         <path>./driverlib/MSP430F5xx_6xx/</path>
         <kind>object</kind>
         <file>timer_b.obj</file>
         <name>timer_b.obj</name>
      </input_file>
      <input_file id="fl-24">
         <path>./driverlib/MSP430F5xx_6xx/</path>
         <kind>object</kind>
         <file>timer_d.obj</file>
         <name>timer_d.obj</name>
      </input_file>
      <input_file id="fl-25">
         <path>./driverlib/MSP430F5xx_6xx/</path>
         <kind>object</kind>
         <file>tlv.obj</file>
         <name>tlv.obj</name>
      </input_file>
      <input_file id="fl-26">
         <path>./driverlib/MSP430F5xx_6xx/</path>
         <kind>object</kind>
         <file>ucs.obj</file>
         <name>ucs.obj</name>
      </input_file>
      <input_file id="fl-27">
         <path>./driverlib/MSP430F5xx_6xx/</path>
         <kind>object</kind>
         <file>usci_a_spi.obj</file>
         <name>usci_a_spi.obj</name>
      </input_file>
      <input_file id="fl-28">
         <path>./driverlib/MSP430F5xx_6xx/</path>
         <kind>object</kind>
         <file>usci_a_uart.obj</file>
         <name>usci_a_uart.obj</name>
      </input_file>
      <input_file id="fl-29">
         <path>./driverlib/MSP430F5xx_6xx/</path>
         <kind>object</kind>
         <file>usci_b_i2c.obj</file>
         <name>usci_b_i2c.obj</name>
      </input_file>
      <input_file id="fl-2a">
         <path>./driverlib/MSP430F5xx_6xx/</path>
         <kind>object</kind>
         <file>usci_b_spi.obj</file>
         <name>usci_b_spi.obj</name>
      </input_file>
      <input_file id="fl-2b">
         <path>./driverlib/MSP430F5xx_6xx/</path>
         <kind>object</kind>
         <file>usci_i2c.obj</file>
         <name>usci_i2c.obj</name>
      </input_file>
      <input_file id="fl-2c">
         <path>./driverlib/MSP430F5xx_6xx/</path>
         <kind>object</kind>
         <file>usci_spi.obj</file>
         <name>usci_spi.obj</name>
      </input_file>
      <input_file id="fl-2d">
         <path>./driverlib/MSP430F5xx_6xx/</path>
         <kind>object</kind>
         <file>usci_uart.obj</file>
         <name>usci_uart.obj</name>
      </input_file>
      <input_file id="fl-2e">
         <path>./driverlib/MSP430F5xx_6xx/</path>
         <kind>object</kind>
         <file>wdt_a.obj</file>
         <name>wdt_a.obj</name>
      </input_file>
      <input_file id="fl-2f">
         <path>./driverlib/MSP430F5xx_6xx/deprecated/</path>
         <kind>object</kind>
         <file>dma.obj</file>
         <name>dma.obj</name>
      </input_file>
      <input_file id="fl-30">
         <path>./driverlib/MSP430F5xx_6xx/deprecated/</path>
         <kind>object</kind>
         <file>flashctl.obj</file>
         <name>flashctl.obj</name>
      </input_file>
      <input_file id="fl-31">
         <path>./driverlib/MSP430F5xx_6xx/deprecated/</path>
         <kind>object</kind>
         <file>mpy32.obj</file>
         <name>mpy32.obj</name>
      </input_file>
      <input_file id="fl-32">
         <path>./driverlib/MSP430F5xx_6xx/deprecated/</path>
         <kind>object</kind>
         <file>pmm.obj</file>
         <name>pmm.obj</name>
      </input_file>
      <input_file id="fl-33">
         <path>./driverlib/MSP430F5xx_6xx/deprecated/</path>
         <kind>object</kind>
         <file>ram.obj</file>
         <name>ram.obj</name>
      </input_file>
      <input_file id="fl-34">
         <path>./driverlib/MSP430F5xx_6xx/deprecated/</path>
         <kind>object</kind>
         <file>sfr.obj</file>
         <name>sfr.obj</name>
      </input_file>
      <input_file id="fl-35">
         <path>./driverlib/MSP430F5xx_6xx/deprecated/</path>
         <kind>object</kind>
         <file>sysctl.obj</file>
         <name>sysctl.obj</name>
      </input_file>
      <input_file id="fl-36">
         <path>./driverlib/MSP430F5xx_6xx/deprecated/</path>
         <kind>object</kind>
         <file>ucs.obj</file>
         <name>ucs.obj</name>
      </input_file>
      <input_file id="fl-37">
         <path>./USB_config/</path>
         <kind>object</kind>
         <file>UsbIsr.obj</file>
         <name>UsbIsr.obj</name>
      </input_file>
      <input_file id="fl-38">
         <path>./USB_config/</path>
         <kind>object</kind>
         <file>descriptors.obj</file>
         <name>descriptors.obj</name>
      </input_file>
      <input_file id="fl-39">
         <path>./USB_app/</path>
         <kind>object</kind>
         <file>usbConstructs.obj</file>
         <name>usbConstructs.obj</name>
      </input_file>
      <input_file id="fl-3a">
         <path>./USB_app/</path>
         <kind>object</kind>
         <file>usbEventHandling.obj</file>
         <name>usbEventHandling.obj</name>
      </input_file>
      <input_file id="fl-3b">
         <path>./USB_API/USB_PHDC_API/</path>
         <kind>object</kind>
         <file>UsbPHDC.obj</file>
         <name>UsbPHDC.obj</name>
      </input_file>
      <input_file id="fl-3c">
         <path>./USB_API/USB_MSC_API/</path>
         <kind>object</kind>
         <file>UsbMscReq.obj</file>
         <name>UsbMscReq.obj</name>
      </input_file>
      <input_file id="fl-3d">
         <path>./USB_API/USB_MSC_API/</path>
         <kind>object</kind>
         <file>UsbMscScsi.obj</file>
         <name>UsbMscScsi.obj</name>
      </input_file>
      <input_file id="fl-3e">
         <path>./USB_API/USB_MSC_API/</path>
         <kind>object</kind>
         <file>UsbMscStateMachine.obj</file>
         <name>UsbMscStateMachine.obj</name>
      </input_file>
      <input_file id="fl-3f">
         <path>./USB_API/USB_HID_API/</path>
         <kind>object</kind>
         <file>UsbHid.obj</file>
         <name>UsbHid.obj</name>
      </input_file>
      <input_file id="fl-40">
         <path>./USB_API/USB_HID_API/</path>
         <kind>object</kind>
         <file>UsbHidReq.obj</file>
         <name>UsbHidReq.obj</name>
      </input_file>
      <input_file id="fl-41">
         <path>./USB_API/USB_Common/</path>
         <kind>object</kind>
         <file>usb.obj</file>
         <name>usb.obj</name>
      </input_file>
      <input_file id="fl-42">
         <path>./USB_API/USB_Common/</path>
         <kind>object</kind>
         <file>usbdma.obj</file>
         <name>usbdma.obj</name>
      </input_file>
      <input_file id="fl-43">
         <path>./USB_API/USB_CDC_API/</path>
         <kind>object</kind>
         <file>UsbCdc.obj</file>
         <name>UsbCdc.obj</name>
      </input_file>
      <input_file id="fl-74">
         <path>/Applications/Texas-Instruments/ccsv6/tools/compiler/ti-cgt-msp430_4.4.3/lib/</path>
         <kind>archive</kind>
         <file>rts430x_lc_sd_eabi.lib</file>
         <name>boot.obj</name>
      </input_file>
      <input_file id="fl-75">
         <path>/Applications/Texas-Instruments/ccsv6/tools/compiler/ti-cgt-msp430_4.4.3/lib/</path>
         <kind>archive</kind>
         <file>rts430x_lc_sd_eabi.lib</file>
         <name>boot_special.obj</name>
      </input_file>
      <input_file id="fl-76">
         <path>/Applications/Texas-Instruments/ccsv6/tools/compiler/ti-cgt-msp430_4.4.3/lib/</path>
         <kind>archive</kind>
         <file>rts430x_lc_sd_eabi.lib</file>
         <name>copy_decompress_none.obj</name>
      </input_file>
      <input_file id="fl-77">
         <path>/Applications/Texas-Instruments/ccsv6/tools/compiler/ti-cgt-msp430_4.4.3/lib/</path>
         <kind>archive</kind>
         <file>rts430x_lc_sd_eabi.lib</file>
         <name>copy_decompress_rle.obj</name>
      </input_file>
      <input_file id="fl-78">
         <path>/Applications/Texas-Instruments/ccsv6/tools/compiler/ti-cgt-msp430_4.4.3/lib/</path>
         <kind>archive</kind>
         <file>rts430x_lc_sd_eabi.lib</file>
         <name>copy_zero_init.obj</name>
      </input_file>
      <input_file id="fl-79">
         <path>/Applications/Texas-Instruments/ccsv6/tools/compiler/ti-cgt-msp430_4.4.3/lib/</path>
         <kind>archive</kind>
         <file>rts430x_lc_sd_eabi.lib</file>
         <name>cpy_util.obj</name>
      </input_file>
      <input_file id="fl-7a">
         <path>/Applications/Texas-Instruments/ccsv6/tools/compiler/ti-cgt-msp430_4.4.3/lib/</path>
         <kind>archive</kind>
         <file>rts430x_lc_sd_eabi.lib</file>
         <name>div16s.obj</name>
      </input_file>
      <input_file id="fl-7b">
         <path>/Applications/Texas-Instruments/ccsv6/tools/compiler/ti-cgt-msp430_4.4.3/lib/</path>
         <kind>archive</kind>
         <file>rts430x_lc_sd_eabi.lib</file>
         <name>div16u.obj</name>
      </input_file>
      <input_file id="fl-7c">
         <path>/Applications/Texas-Instruments/ccsv6/tools/compiler/ti-cgt-msp430_4.4.3/lib/</path>
         <kind>archive</kind>
         <file>rts430x_lc_sd_eabi.lib</file>
         <name>div32s.obj</name>
      </input_file>
      <input_file id="fl-7d">
         <path>/Applications/Texas-Instruments/ccsv6/tools/compiler/ti-cgt-msp430_4.4.3/lib/</path>
         <kind>archive</kind>
         <file>rts430x_lc_sd_eabi.lib</file>
         <name>div32u.obj</name>
      </input_file>
      <input_file id="fl-7e">
         <path>/Applications/Texas-Instruments/ccsv6/tools/compiler/ti-cgt-msp430_4.4.3/lib/</path>
         <kind>archive</kind>
         <file>rts430x_lc_sd_eabi.lib</file>
         <name>exit.obj</name>
      </input_file>
      <input_file id="fl-7f">
         <path>/Applications/Texas-Instruments/ccsv6/tools/compiler/ti-cgt-msp430_4.4.3/lib/</path>
         <kind>archive</kind>
         <file>rts430x_lc_sd_eabi.lib</file>
         <name>int41.obj</name>
      </input_file>
      <input_file id="fl-80">
         <path>/Applications/Texas-Instruments/ccsv6/tools/compiler/ti-cgt-msp430_4.4.3/lib/</path>
         <kind>archive</kind>
         <file>rts430x_lc_sd_eabi.lib</file>
         <name>int42.obj</name>
      </input_file>
      <input_file id="fl-81">
         <path>/Applications/Texas-Instruments/ccsv6/tools/compiler/ti-cgt-msp430_4.4.3/lib/</path>
         <kind>archive</kind>
         <file>rts430x_lc_sd_eabi.lib</file>
         <name>int43.obj</name>
      </input_file>
      <input_file id="fl-82">
         <path>/Applications/Texas-Instruments/ccsv6/tools/compiler/ti-cgt-msp430_4.4.3/lib/</path>
         <kind>archive</kind>
         <file>rts430x_lc_sd_eabi.lib</file>
         <name>int44.obj</name>
      </input_file>
      <input_file id="fl-83">
         <path>/Applications/Texas-Instruments/ccsv6/tools/compiler/ti-cgt-msp430_4.4.3/lib/</path>
         <kind>archive</kind>
         <file>rts430x_lc_sd_eabi.lib</file>
         <name>int45.obj</name>
      </input_file>
      <input_file id="fl-84">
         <path>/Applications/Texas-Instruments/ccsv6/tools/compiler/ti-cgt-msp430_4.4.3/lib/</path>
         <kind>archive</kind>
         <file>rts430x_lc_sd_eabi.lib</file>
         <name>int46.obj</name>
      </input_file>
      <input_file id="fl-85">
         <path>/Applications/Texas-Instruments/ccsv6/tools/compiler/ti-cgt-msp430_4.4.3/lib/</path>
         <kind>archive</kind>
         <file>rts430x_lc_sd_eabi.lib</file>
         <name>int47.obj</name>
      </input_file>
      <input_file id="fl-86">
         <path>/Applications/Texas-Instruments/ccsv6/tools/compiler/ti-cgt-msp430_4.4.3/lib/</path>
         <kind>archive</kind>
         <file>rts430x_lc_sd_eabi.lib</file>
         <name>int48.obj</name>
      </input_file>
      <input_file id="fl-87">
         <path>/Applications/Texas-Instruments/ccsv6/tools/compiler/ti-cgt-msp430_4.4.3/lib/</path>
         <kind>archive</kind>
         <file>rts430x_lc_sd_eabi.lib</file>
         <name>int49.obj</name>
      </input_file>
      <input_file id="fl-88">
         <path>/Applications/Texas-Instruments/ccsv6/tools/compiler/ti-cgt-msp430_4.4.3/lib/</path>
         <kind>archive</kind>
         <file>rts430x_lc_sd_eabi.lib</file>
         <name>int50.obj</name>
      </input_file>
      <input_file id="fl-89">
         <path>/Applications/Texas-Instruments/ccsv6/tools/compiler/ti-cgt-msp430_4.4.3/lib/</path>
         <kind>archive</kind>
         <file>rts430x_lc_sd_eabi.lib</file>
         <name>int52.obj</name>
      </input_file>
      <input_file id="fl-8a">
         <path>/Applications/Texas-Instruments/ccsv6/tools/compiler/ti-cgt-msp430_4.4.3/lib/</path>
         <kind>archive</kind>
         <file>rts430x_lc_sd_eabi.lib</file>
         <name>int55.obj</name>
      </input_file>
      <input_file id="fl-8b">
         <path>/Applications/Texas-Instruments/ccsv6/tools/compiler/ti-cgt-msp430_4.4.3/lib/</path>
         <kind>archive</kind>
         <file>rts430x_lc_sd_eabi.lib</file>
         <name>int56.obj</name>
      </input_file>
      <input_file id="fl-8c">
         <path>/Applications/Texas-Instruments/ccsv6/tools/compiler/ti-cgt-msp430_4.4.3/lib/</path>
         <kind>archive</kind>
         <file>rts430x_lc_sd_eabi.lib</file>
         <name>int57.obj</name>
      </input_file>
      <input_file id="fl-8d">
         <path>/Applications/Texas-Instruments/ccsv6/tools/compiler/ti-cgt-msp430_4.4.3/lib/</path>
         <kind>archive</kind>
         <file>rts430x_lc_sd_eabi.lib</file>
         <name>int58.obj</name>
      </input_file>
      <input_file id="fl-8e">
         <path>/Applications/Texas-Instruments/ccsv6/tools/compiler/ti-cgt-msp430_4.4.3/lib/</path>
         <kind>archive</kind>
         <file>rts430x_lc_sd_eabi.lib</file>
         <name>int59.obj</name>
      </input_file>
      <input_file id="fl-8f">
         <path>/Applications/Texas-Instruments/ccsv6/tools/compiler/ti-cgt-msp430_4.4.3/lib/</path>
         <kind>archive</kind>
         <file>rts430x_lc_sd_eabi.lib</file>
         <name>int60.obj</name>
      </input_file>
      <input_file id="fl-90">
         <path>/Applications/Texas-Instruments/ccsv6/tools/compiler/ti-cgt-msp430_4.4.3/lib/</path>
         <kind>archive</kind>
         <file>rts430x_lc_sd_eabi.lib</file>
         <name>int62.obj</name>
      </input_file>
      <input_file id="fl-91">
         <path>/Applications/Texas-Instruments/ccsv6/tools/compiler/ti-cgt-msp430_4.4.3/lib/</path>
         <kind>archive</kind>
         <file>rts430x_lc_sd_eabi.lib</file>
         <name>isr_trap.obj</name>
      </input_file>
      <input_file id="fl-92">
         <path>/Applications/Texas-Instruments/ccsv6/tools/compiler/ti-cgt-msp430_4.4.3/lib/</path>
         <kind>archive</kind>
         <file>rts430x_lc_sd_eabi.lib</file>
         <name>lsl16.obj</name>
      </input_file>
      <input_file id="fl-93">
         <path>/Applications/Texas-Instruments/ccsv6/tools/compiler/ti-cgt-msp430_4.4.3/lib/</path>
         <kind>archive</kind>
         <file>rts430x_lc_sd_eabi.lib</file>
         <name>lsr16.obj</name>
      </input_file>
      <input_file id="fl-94">
         <path>/Applications/Texas-Instruments/ccsv6/tools/compiler/ti-cgt-msp430_4.4.3/lib/</path>
         <kind>archive</kind>
         <file>rts430x_lc_sd_eabi.lib</file>
         <name>lsr32.obj</name>
      </input_file>
      <input_file id="fl-95">
         <path>/Applications/Texas-Instruments/ccsv6/tools/compiler/ti-cgt-msp430_4.4.3/lib/</path>
         <kind>archive</kind>
         <file>rts430x_lc_sd_eabi.lib</file>
         <name>memcpy.obj</name>
      </input_file>
      <input_file id="fl-96">
         <path>/Applications/Texas-Instruments/ccsv6/tools/compiler/ti-cgt-msp430_4.4.3/lib/</path>
         <kind>archive</kind>
         <file>rts430x_lc_sd_eabi.lib</file>
         <name>memset.obj</name>
      </input_file>
      <input_file id="fl-97">
         <path>/Applications/Texas-Instruments/ccsv6/tools/compiler/ti-cgt-msp430_4.4.3/lib/</path>
         <kind>archive</kind>
         <file>rts430x_lc_sd_eabi.lib</file>
         <name>mpu_init.obj</name>
      </input_file>
      <input_file id="fl-98">
         <path>/Applications/Texas-Instruments/ccsv6/tools/compiler/ti-cgt-msp430_4.4.3/lib/</path>
         <kind>archive</kind>
         <file>rts430x_lc_sd_eabi.lib</file>
         <name>mult16.obj</name>
      </input_file>
      <input_file id="fl-99">
         <path>/Applications/Texas-Instruments/ccsv6/tools/compiler/ti-cgt-msp430_4.4.3/lib/</path>
         <kind>archive</kind>
         <file>rts430x_lc_sd_eabi.lib</file>
         <name>mult1632_f5hw.obj</name>
      </input_file>
      <input_file id="fl-9a">
         <path>/Applications/Texas-Instruments/ccsv6/tools/compiler/ti-cgt-msp430_4.4.3/lib/</path>
         <kind>archive</kind>
         <file>rts430x_lc_sd_eabi.lib</file>
         <name>mult16_f5hw.obj</name>
      </input_file>
      <input_file id="fl-9b">
         <path>/Applications/Texas-Instruments/ccsv6/tools/compiler/ti-cgt-msp430_4.4.3/lib/</path>
         <kind>archive</kind>
         <file>rts430x_lc_sd_eabi.lib</file>
         <name>mult32.obj</name>
      </input_file>
      <input_file id="fl-9c">
         <path>/Applications/Texas-Instruments/ccsv6/tools/compiler/ti-cgt-msp430_4.4.3/lib/</path>
         <kind>archive</kind>
         <file>rts430x_lc_sd_eabi.lib</file>
         <name>mult3264_f5hw.obj</name>
      </input_file>
      <input_file id="fl-9d">
         <path>/Applications/Texas-Instruments/ccsv6/tools/compiler/ti-cgt-msp430_4.4.3/lib/</path>
         <kind>archive</kind>
         <file>rts430x_lc_sd_eabi.lib</file>
         <name>mult32_f5hw.obj</name>
      </input_file>
      <input_file id="fl-9e">
         <path>/Applications/Texas-Instruments/ccsv6/tools/compiler/ti-cgt-msp430_4.4.3/lib/</path>
         <kind>archive</kind>
         <file>rts430x_lc_sd_eabi.lib</file>
         <name>mult64_f5hw.obj</name>
      </input_file>
      <input_file id="fl-9f">
         <path>/Applications/Texas-Instruments/ccsv6/tools/compiler/ti-cgt-msp430_4.4.3/lib/</path>
         <kind>archive</kind>
         <file>rts430x_lc_sd_eabi.lib</file>
         <name>pre_init.obj</name>
      </input_file>
      <input_file id="fl-a0">
         <path>/Applications/Texas-Instruments/ccsv6/tools/compiler/ti-cgt-msp430_4.4.3/lib/</path>
         <kind>archive</kind>
         <file>rts430x_lc_sd_eabi.lib</file>
         <name>strcat.obj</name>
      </input_file>
      <input_file id="fl-a1">
         <path>/Applications/Texas-Instruments/ccsv6/tools/compiler/ti-cgt-msp430_4.4.3/lib/</path>
         <kind>archive</kind>
         <file>rts430x_lc_sd_eabi.lib</file>
         <name>strcmp.obj</name>
      </input_file>
      <input_file id="fl-a2">
         <path>/Applications/Texas-Instruments/ccsv6/tools/compiler/ti-cgt-msp430_4.4.3/lib/</path>
         <kind>archive</kind>
         <file>rts430x_lc_sd_eabi.lib</file>
         <name>strtok.obj</name>
      </input_file>
      <input_file id="fl-a3">
         <path>/Applications/Texas-Instruments/ccsv6/tools/compiler/ti-cgt-msp430_4.4.3/lib/</path>
         <kind>archive</kind>
         <file>rts430x_lc_sd_eabi.lib</file>
         <name>_lock.obj</name>
      </input_file>
      <input_file id="fl-a4">
         <path>/Applications/Texas-Instruments/ccsv6/tools/compiler/ti-cgt-msp430_4.4.3/lib/</path>
         <kind>archive</kind>
         <file>rts430x_lc_sd_eabi.lib</file>
         <name>args_main.obj</name>
      </input_file>
      <input_file id="fl-a5">
         <path>/Applications/Texas-Instruments/ccsv6/tools/compiler/ti-cgt-msp430_4.4.3/lib/</path>
         <kind>archive</kind>
         <file>rts430x_lc_sd_eabi.lib</file>
         <name>autoinit_wdt.obj</name>
      </input_file>
      <input_file id="fl-a6">
         <path>/Applications/Texas-Instruments/ccsv6/tools/compiler/ti-cgt-msp430_4.4.3/lib/</path>
         <kind>archive</kind>
         <file>rts430x_lc_sd_eabi.lib</file>
         <name>strcspn.obj</name>
      </input_file>
      <input_file id="fl-a7">
         <path>/Applications/Texas-Instruments/ccsv6/tools/compiler/ti-cgt-msp430_4.4.3/lib/</path>
         <kind>archive</kind>
         <file>rts430x_lc_sd_eabi.lib</file>
         <name>strspn.obj</name>
      </input_file>
   </input_file_list>
   <object_component_list>
      <object_component id="oc-cd">
         <name>.stack</name>
         <uninitialized>true</uninitialized>
         <run_address>0x4360</run_address>
         <size>0x2</size>
         <input_file_ref idref="fl-74"/>
      </object_component>
      <object_component id="oc-61e">
         <name>.stack</name>
         <uninitialized>true</uninitialized>
         <run_address>0x4360</run_address>
         <size>0x0</size>
      </object_component>
      <object_component id="oc-357">
         <name>.text:USBHID_receiveData</name>
         <load_address>0x8000</load_address>
         <run_address>0x8000</run_address>
         <size>0x1d8</size>
         <input_file_ref idref="fl-3f"/>
      </object_component>
      <object_component id="oc-fb">
         <name>.text:_isr:ADC12ISR</name>
         <load_address>0x81d8</load_address>
         <run_address>0x81d8</run_address>
         <size>0x18e</size>
         <input_file_ref idref="fl-3"/>
      </object_component>
      <object_component id="oc-12d">
         <name>.text:main</name>
         <load_address>0x8366</load_address>
         <run_address>0x8366</run_address>
         <size>0x16c</size>
         <input_file_ref idref="fl-3"/>
      </object_component>
      <object_component id="oc-236">
         <name>.text:executeCommand</name>
         <load_address>0x84d2</load_address>
         <run_address>0x84d2</run_address>
         <size>0x13c</size>
         <input_file_ref idref="fl-3"/>
      </object_component>
      <object_component id="oc-164">
         <name>.text:HidToBufferFromHost</name>
         <load_address>0x860e</load_address>
         <run_address>0x860e</run_address>
         <size>0x122</size>
         <input_file_ref idref="fl-3f"/>
      </object_component>
      <object_component id="oc-1c4">
         <name>.text:sendStringWithEscapeSequence</name>
         <load_address>0x8730</load_address>
         <run_address>0x8730</run_address>
         <size>0x120</size>
         <input_file_ref idref="fl-3"/>
      </object_component>
      <object_component id="oc-ef">
         <name>.text:_isr:iUsbInterruptHandler</name>
         <load_address>0x8850</load_address>
         <run_address>0x8850</run_address>
         <size>0x11e</size>
         <input_file_ref idref="fl-37"/>
      </object_component>
      <object_component id="oc-1ac">
         <name>.text:HidToHostFromBuffer</name>
         <load_address>0x896e</load_address>
         <run_address>0x896e</run_address>
         <size>0xe8</size>
         <input_file_ref idref="fl-3f"/>
      </object_component>
      <object_component id="oc-182">
         <name>.text:USB_reset</name>
         <load_address>0x8a56</load_address>
         <run_address>0x8a56</run_address>
         <size>0xe6</size>
         <input_file_ref idref="fl-41"/>
      </object_component>
      <object_component id="oc-3fb">
         <name>.text:UCS_initFLL</name>
         <load_address>0x8b3c</load_address>
         <run_address>0x8b3c</run_address>
         <size>0xe2</size>
         <input_file_ref idref="fl-26"/>
      </object_component>
      <object_component id="oc-dd">
         <name>.text:__TI_decompress_rle_core</name>
         <load_address>0x8c1e</load_address>
         <run_address>0x8c1e</run_address>
         <size>0xd6</size>
         <input_file_ref idref="fl-77"/>
      </object_component>
      <object_component id="oc-28e">
         <name>.text:USB_enable</name>
         <load_address>0x8cf4</load_address>
         <run_address>0x8cf4</run_address>
         <size>0xd2</size>
         <input_file_ref idref="fl-41"/>
      </object_component>
      <object_component id="oc-316">
         <name>.text:PMM_setVCoreUp</name>
         <load_address>0x8dc6</load_address>
         <run_address>0x8dc6</run_address>
         <size>0xce</size>
         <input_file_ref idref="fl-18"/>
      </object_component>
      <object_component id="oc-35d">
         <name>.text:USBHID_bytesInUSBBuffer</name>
         <load_address>0x8e94</load_address>
         <run_address>0x8e94</run_address>
         <size>0xc0</size>
         <input_file_ref idref="fl-3f"/>
      </object_component>
      <object_component id="oc-40a">
         <name>.text:USB_InitSerialStringDescriptor</name>
         <load_address>0x8f54</load_address>
         <run_address>0x8f54</run_address>
         <size>0xb0</size>
         <input_file_ref idref="fl-41"/>
      </object_component>
      <object_component id="oc-2ae">
         <name>.text:USB_determineFreq</name>
         <load_address>0x9004</load_address>
         <run_address>0x9004</run_address>
         <size>0xae</size>
         <input_file_ref idref="fl-41"/>
      </object_component>
      <object_component id="oc-383">
         <name>.text:USBHID_intfStatus</name>
         <load_address>0x90b2</load_address>
         <run_address>0x90b2</run_address>
         <size>0xa4</size>
         <input_file_ref idref="fl-3f"/>
      </object_component>
      <object_component id="oc-248">
         <name>.text:USB_connectionState</name>
         <load_address>0x9156</load_address>
         <run_address>0x9156</run_address>
         <size>0x96</size>
         <input_file_ref idref="fl-41"/>
      </object_component>
      <object_component id="oc-310">
         <name>.text:PMM_setVCoreDown</name>
         <load_address>0x91ec</load_address>
         <run_address>0x91ec</run_address>
         <size>0x94</size>
         <input_file_ref idref="fl-18"/>
      </object_component>
      <object_component id="oc-32a">
         <name>.text:UCS_clockSignalInit</name>
         <load_address>0x9280</load_address>
         <run_address>0x9280</run_address>
         <size>0x88</size>
         <input_file_ref idref="fl-26"/>
      </object_component>
      <object_component id="oc-252">
         <name>.text:usbDecodeAndProcessUsbRequest</name>
         <load_address>0x9308</load_address>
         <run_address>0x9308</run_address>
         <size>0x86</size>
         <input_file_ref idref="fl-41"/>
      </object_component>
      <object_component id="oc-342">
         <name>.text:USB_init</name>
         <load_address>0x938e</load_address>
         <run_address>0x938e</run_address>
         <size>0x84</size>
         <input_file_ref idref="fl-41"/>
      </object_component>
      <object_component id="oc-113">
         <name>.text:_auto_init_hold_wdt</name>
         <load_address>0x9412</load_address>
         <run_address>0x9412</run_address>
         <size>0x80</size>
         <input_file_ref idref="fl-a5"/>
      </object_component>
      <object_component id="oc-20b">
         <name>.text:initPorts</name>
         <load_address>0x9492</load_address>
         <run_address>0x9492</run_address>
         <size>0x7c</size>
         <input_file_ref idref="fl-2"/>
      </object_component>
      <object_component id="oc-2de">
         <name>.text:usbSendNextPacketOnIEP0</name>
         <load_address>0x950e</load_address>
         <run_address>0x950e</run_address>
         <size>0x70</size>
         <input_file_ref idref="fl-41"/>
      </object_component>
      <object_component id="oc-389">
         <name>.text:USBHID_sendData</name>
         <load_address>0x957e</load_address>
         <run_address>0x957e</run_address>
         <size>0x6e</size>
         <input_file_ref idref="fl-3f"/>
      </object_component>
      <object_component id="oc-18e">
         <name>.text:PWRVBUSoffHandler</name>
         <load_address>0x95ec</load_address>
         <run_address>0x95ec</run_address>
         <size>0x6a</size>
         <input_file_ref idref="fl-37"/>
      </object_component>
      <object_component id="oc-23c">
         <name>.text:hidSendDataInBackground</name>
         <load_address>0x9656</load_address>
         <run_address>0x9656</run_address>
         <size>0x6a</size>
         <input_file_ref idref="fl-39"/>
      </object_component>
      <object_component id="oc-488">
         <name>.text:usbGetEndpointStatus</name>
         <load_address>0x96c0</load_address>
         <run_address>0x96c0</run_address>
         <size>0x6a</size>
         <input_file_ref idref="fl-41"/>
      </object_component>
      <object_component id="oc-281">
         <name>.text:HidCopyUsbToBuff</name>
         <load_address>0x972a</load_address>
         <run_address>0x972a</run_address>
         <size>0x60</size>
         <input_file_ref idref="fl-3f"/>
      </object_component>
      <object_component id="oc-19a">
         <name>.text:PWRVBUSonHandler</name>
         <load_address>0x978a</load_address>
         <run_address>0x978a</run_address>
         <size>0x5e</size>
         <input_file_ref idref="fl-37"/>
      </object_component>
      <object_component id="oc-4dc">
         <name>.text:memcpyDMA</name>
         <load_address>0x97e8</load_address>
         <run_address>0x97e8</run_address>
         <size>0x5a</size>
         <input_file_ref idref="fl-42"/>
      </object_component>
      <object_component id="oc-330">
         <name>.text</name>
         <load_address>0x9842</load_address>
         <run_address>0x9842</run_address>
         <size>0x58</size>
         <input_file_ref idref="fl-7d"/>
      </object_component>
      <object_component id="oc-542">
         <name>.text:DMA_initialize</name>
         <load_address>0x989a</load_address>
         <run_address>0x989a</run_address>
         <size>0x56</size>
         <input_file_ref idref="fl-b"/>
      </object_component>
      <object_component id="oc-4a0">
         <name>.text:usbSetEndpointFeature</name>
         <load_address>0x98f0</load_address>
         <run_address>0x98f0</run_address>
         <size>0x52</size>
         <input_file_ref idref="fl-41"/>
      </object_component>
      <object_component id="oc-470">
         <name>.text:usbGetStringDescriptor</name>
         <load_address>0x9942</load_address>
         <run_address>0x9942</run_address>
         <size>0x4e</size>
         <input_file_ref idref="fl-41"/>
      </object_component>
      <object_component id="oc-4d6">
         <name>.text:DMA_init</name>
         <load_address>0x9990</load_address>
         <run_address>0x9990</run_address>
         <size>0x4c</size>
         <input_file_ref idref="fl-b"/>
      </object_component>
      <object_component id="oc-205">
         <name>.text:PMM_setVCore</name>
         <load_address>0x99dc</load_address>
         <run_address>0x99dc</run_address>
         <size>0x4a</size>
         <input_file_ref idref="fl-18"/>
      </object_component>
      <object_component id="oc-217">
         <name>.text:USB_setup</name>
         <load_address>0x9a26</load_address>
         <run_address>0x9a26</run_address>
         <size>0x4a</size>
         <input_file_ref idref="fl-41"/>
      </object_component>
      <object_component id="oc-230">
         <name>.text:strtok</name>
         <load_address>0x9a70</load_address>
         <run_address>0x9a70</run_address>
         <size>0x4a</size>
         <input_file_ref idref="fl-a2"/>
      </object_component>
      <object_component id="oc-2d1">
         <name>.text:usbReceiveNextPacketOnOEP0</name>
         <load_address>0x9aba</load_address>
         <run_address>0x9aba</run_address>
         <size>0x4a</size>
         <input_file_ref idref="fl-41"/>
      </object_component>
      <object_component id="oc-14f">
         <name>.text:SetupPacketInterruptHandler</name>
         <load_address>0x9b04</load_address>
         <run_address>0x9b04</run_address>
         <size>0x48</size>
         <input_file_ref idref="fl-37"/>
      </object_component>
      <object_component id="oc-4c9">
         <name>.text:TLV_getInfo</name>
         <load_address>0x9b4c</load_address>
         <run_address>0x9b4c</run_address>
         <size>0x48</size>
         <input_file_ref idref="fl-25"/>
      </object_component>
      <object_component id="oc-22a">
         <name>.text:hidReceiveDataInBuffer</name>
         <load_address>0x9b94</load_address>
         <run_address>0x9b94</run_address>
         <size>0x48</size>
         <input_file_ref idref="fl-39"/>
      </object_component>
      <object_component id="oc-458">
         <name>.text:usbClearEndpointFeature</name>
         <load_address>0x9bdc</load_address>
         <run_address>0x9bdc</run_address>
         <size>0x46</size>
         <input_file_ref idref="fl-41"/>
      </object_component>
      <object_component id="oc-3b6">
         <name>.text:UCS_XT2StartWithTimeout</name>
         <load_address>0x9c22</load_address>
         <run_address>0x9c22</run_address>
         <size>0x40</size>
         <input_file_ref idref="fl-26"/>
      </object_component>
      <object_component id="oc-410">
         <name>.text:USB_initMemcpy</name>
         <load_address>0x9c62</load_address>
         <run_address>0x9c62</run_address>
         <size>0x40</size>
         <input_file_ref idref="fl-42"/>
      </object_component>
      <object_component id="oc-d1">
         <name>.text:__memcpy_far</name>
         <load_address>0x9ca2</load_address>
         <run_address>0x9ca2</run_address>
         <size>0x40</size>
         <input_file_ref idref="fl-79"/>
      </object_component>
      <object_component id="oc-101">
         <name>.text:_isr:UNMI_ISR</name>
         <load_address>0x9ce2</load_address>
         <run_address>0x9ce2</run_address>
         <size>0x3e</size>
         <input_file_ref idref="fl-3"/>
      </object_component>
      <object_component id="oc-8b">
         <name>.text:decompress:ZI:__TI_zero_init</name>
         <load_address>0x9d20</load_address>
         <run_address>0x9d20</run_address>
         <size>0x3e</size>
         <input_file_ref idref="fl-78"/>
      </object_component>
      <object_component id="oc-211">
         <name>.text:initClocks</name>
         <load_address>0x9d5e</load_address>
         <run_address>0x9d5e</run_address>
         <size>0x3e</size>
         <input_file_ref idref="fl-2"/>
      </object_component>
      <object_component id="oc-335">
         <name>.text:l_lsr_const</name>
         <load_address>0x9d9c</load_address>
         <run_address>0x9d9c</run_address>
         <size>0x3e</size>
         <input_file_ref idref="fl-94"/>
      </object_component>
      <object_component id="oc-1b2">
         <name>.text:OEP0InterruptHandler</name>
         <load_address>0x9dda</load_address>
         <run_address>0x9dda</run_address>
         <size>0x3c</size>
         <input_file_ref idref="fl-37"/>
      </object_component>
      <object_component id="oc-69">
         <name>.text:decompress:none:__TI_decompress_none</name>
         <load_address>0x9e16</load_address>
         <run_address>0x9e16</run_address>
         <size>0x3c</size>
         <input_file_ref idref="fl-76"/>
      </object_component>
      <object_component id="oc-242">
         <name>.text:USBHID_abortSend</name>
         <load_address>0x9e52</load_address>
         <run_address>0x9e52</run_address>
         <size>0x36</size>
         <input_file_ref idref="fl-3f"/>
      </object_component>
      <object_component id="oc-48e">
         <name>.text:usbSetAddress</name>
         <load_address>0x9e88</load_address>
         <run_address>0x9e88</run_address>
         <size>0x34</size>
         <input_file_ref idref="fl-41"/>
      </object_component>
      <object_component id="oc-33a">
         <name>.text:UCS_initFLLSettle</name>
         <load_address>0x9ebc</load_address>
         <run_address>0x9ebc</run_address>
         <size>0x32</size>
         <input_file_ref idref="fl-26"/>
      </object_component>
      <object_component id="oc-348">
         <name>.text:USB_connectionInfo</name>
         <load_address>0x9eee</load_address>
         <run_address>0x9eee</run_address>
         <size>0x32</size>
         <input_file_ref idref="fl-41"/>
      </object_component>
      <object_component id="oc-176">
         <name>.text:USB_suspend</name>
         <load_address>0x9f20</load_address>
         <run_address>0x9f20</run_address>
         <size>0x30</size>
         <input_file_ref idref="fl-41"/>
      </object_component>
      <object_component id="oc-21d">
         <name>.text:setupADC</name>
         <load_address>0x9f50</load_address>
         <run_address>0x9f50</run_address>
         <size>0x30</size>
         <input_file_ref idref="fl-3"/>
      </object_component>
      <object_component id="oc-494">
         <name>.text:usbSetConfiguration</name>
         <load_address>0x9f80</load_address>
         <run_address>0x9f80</run_address>
         <size>0x30</size>
         <input_file_ref idref="fl-41"/>
      </object_component>
      <object_component id="oc-47c">
         <name>.text:usbGetDeviceStatus</name>
         <load_address>0x9fb0</load_address>
         <run_address>0x9fb0</run_address>
         <size>0x2a</size>
         <input_file_ref idref="fl-41"/>
      </object_component>
      <object_component id="oc-440">
         <name>.text:usbSetReport</name>
         <load_address>0x9fda</load_address>
         <run_address>0x9fda</run_address>
         <size>0x2a</size>
         <input_file_ref idref="fl-40"/>
      </object_component>
      <object_component id="oc-36e">
         <name>.text:strcspn</name>
         <load_address>0xa004</load_address>
         <run_address>0xa004</run_address>
         <size>0x28</size>
         <input_file_ref idref="fl-a6"/>
      </object_component>
      <object_component id="oc-368">
         <name>.text:strspn</name>
         <load_address>0xa02c</load_address>
         <run_address>0xa02c</run_address>
         <size>0x28</size>
         <input_file_ref idref="fl-a7"/>
      </object_component>
      <object_component id="oc-55b">
         <name>.text:DMA_setDstAddress</name>
         <load_address>0xa054</load_address>
         <run_address>0xa054</run_address>
         <size>0x26</size>
         <input_file_ref idref="fl-b"/>
      </object_component>
      <object_component id="oc-43a">
         <name>.text:usbGetReport</name>
         <load_address>0xa07a</load_address>
         <run_address>0xa07a</run_address>
         <size>0x26</size>
         <input_file_ref idref="fl-40"/>
      </object_component>
      <object_component id="oc-555">
         <name>.text:DMA_setSrcAddress</name>
         <load_address>0xa0a0</load_address>
         <run_address>0xa0a0</run_address>
         <size>0x24</size>
         <input_file_ref idref="fl-b"/>
      </object_component>
      <object_component id="oc-452">
         <name>.text:usbClearDeviceFeature</name>
         <load_address>0xa0c4</load_address>
         <run_address>0xa0c4</run_address>
         <size>0x24</size>
         <input_file_ref idref="fl-41"/>
      </object_component>
      <object_component id="oc-49a">
         <name>.text:usbSetDeviceFeature</name>
         <load_address>0xa0e8</load_address>
         <run_address>0xa0e8</run_address>
         <size>0x24</size>
         <input_file_ref idref="fl-41"/>
      </object_component>
      <object_component id="oc-1d3">
         <name>.text:USB_disable</name>
         <load_address>0xa10c</load_address>
         <run_address>0xa10c</run_address>
         <size>0x22</size>
         <input_file_ref idref="fl-41"/>
      </object_component>
      <object_component id="oc-2bf">
         <name>.text:USB_disconnect</name>
         <load_address>0xa12e</load_address>
         <run_address>0xa12e</run_address>
         <size>0x22</size>
         <input_file_ref idref="fl-41"/>
      </object_component>
      <object_component id="oc-2a6">
         <name>.text:HidResetData</name>
         <load_address>0xa150</load_address>
         <run_address>0xa150</run_address>
         <size>0x20</size>
         <input_file_ref idref="fl-3f"/>
      </object_component>
      <object_component id="oc-4f3">
         <name>.text:usbSendDataPacketOnEP0</name>
         <load_address>0xa170</load_address>
         <run_address>0xa170</run_address>
         <size>0x20</size>
         <input_file_ref idref="fl-41"/>
      </object_component>
      <object_component id="oc-44c">
         <name>.text:usbGetHidDescriptor</name>
         <load_address>0xa190</load_address>
         <run_address>0xa190</run_address>
         <size>0x1e</size>
         <input_file_ref idref="fl-40"/>
      </object_component>
      <object_component id="oc-476">
         <name>.text:usbGetInterface</name>
         <load_address>0xa1ae</load_address>
         <run_address>0xa1ae</run_address>
         <size>0x1e</size>
         <input_file_ref idref="fl-41"/>
      </object_component>
      <object_component id="oc-482">
         <name>.text:usbGetInterfaceStatus</name>
         <load_address>0xa1cc</load_address>
         <run_address>0xa1cc</run_address>
         <size>0x1e</size>
         <input_file_ref idref="fl-41"/>
      </object_component>
      <object_component id="oc-1b8">
         <name>.text:IEP0InterruptHandler</name>
         <load_address>0xa1ea</load_address>
         <run_address>0xa1ea</run_address>
         <size>0x1c</size>
         <input_file_ref idref="fl-37"/>
      </object_component>
      <object_component id="oc-390">
         <name>.text:usbDisableInEndpointInterrupt</name>
         <load_address>0xa206</load_address>
         <run_address>0xa206</run_address>
         <size>0x1c</size>
         <input_file_ref idref="fl-41"/>
      </object_component>
      <object_component id="oc-41a">
         <name>.text:usbDisableOutEndpointInterrupt</name>
         <load_address>0xa222</load_address>
         <run_address>0xa222</run_address>
         <size>0x1c</size>
         <input_file_ref idref="fl-41"/>
      </object_component>
      <object_component id="oc-31d">
         <name>.text:GPIO_setAsOutputPin</name>
         <load_address>0xa23e</load_address>
         <run_address>0xa23e</run_address>
         <size>0x1a</size>
         <input_file_ref idref="fl-14"/>
      </object_component>
      <object_component id="oc-3b0">
         <name>.text:GPIO_setAsPeripheralModuleFunctionOutputPin</name>
         <load_address>0xa258</load_address>
         <run_address>0xa258</run_address>
         <size>0x1a</size>
         <input_file_ref idref="fl-14"/>
      </object_component>
      <object_component id="oc-2b8">
         <name>.text:USB_connect</name>
         <load_address>0xa272</load_address>
         <run_address>0xa272</run_address>
         <size>0x1a</size>
         <input_file_ref idref="fl-41"/>
      </object_component>
      <object_component id="oc-a9">
         <name>.text:_isr:_c_int00_noargs_noexit</name>
         <load_address>0xa28c</load_address>
         <run_address>0xa28c</run_address>
         <size>0x1a</size>
         <input_file_ref idref="fl-75"/>
      </object_component>
      <object_component id="oc-4d0">
         <name>.text:memcpyV</name>
         <load_address>0xa2a6</load_address>
         <run_address>0xa2a6</run_address>
         <size>0x1a</size>
         <input_file_ref idref="fl-42"/>
      </object_component>
      <object_component id="oc-37c">
         <name>.text:strcat</name>
         <load_address>0xa2c0</load_address>
         <run_address>0xa2c0</run_address>
         <size>0x1a</size>
         <input_file_ref idref="fl-a0"/>
      </object_component>
      <object_component id="oc-4a6">
         <name>.text:usbSetInterface</name>
         <load_address>0xa2da</load_address>
         <run_address>0xa2da</run_address>
         <size>0x1a</size>
         <input_file_ref idref="fl-41"/>
      </object_component>
      <object_component id="oc-16a">
         <name>.text:USB_resume</name>
         <load_address>0xa2f4</load_address>
         <run_address>0xa2f4</run_address>
         <size>0x18</size>
         <input_file_ref idref="fl-41"/>
      </object_component>
      <object_component id="oc-1ff">
         <name>.text:WDT_A_hold</name>
         <load_address>0xa30c</load_address>
         <run_address>0xa30c</run_address>
         <size>0x18</size>
         <input_file_ref idref="fl-2e"/>
      </object_component>
      <object_component id="oc-376">
         <name>.text:strcmp</name>
         <load_address>0xa324</load_address>
         <run_address>0xa324</run_address>
         <size>0x18</size>
         <input_file_ref idref="fl-a1"/>
      </object_component>
      <object_component id="oc-446">
         <name>.text:usbGetReportDescriptor</name>
         <load_address>0xa33c</load_address>
         <run_address>0xa33c</run_address>
         <size>0x18</size>
         <input_file_ref idref="fl-40"/>
      </object_component>
      <object_component id="oc-323">
         <name>.text:GPIO_setOutputLowOnPin</name>
         <load_address>0xa354</load_address>
         <run_address>0xa354</run_address>
         <size>0x16</size>
         <input_file_ref idref="fl-14"/>
      </object_component>
      <object_component id="oc-3ca">
         <name>.text</name>
         <load_address>0xa36a</load_address>
         <run_address>0xa36a</run_address>
         <size>0x16</size>
         <input_file_ref idref="fl-7b"/>
      </object_component>
      <object_component id="oc-3cf">
         <name>.text</name>
         <load_address>0xa380</load_address>
         <run_address>0xa380</run_address>
         <size>0x16</size>
         <input_file_ref idref="fl-9a"/>
      </object_component>
      <object_component id="oc-46a">
         <name>.text:usbGetConfigurationDescriptor</name>
         <load_address>0xa396</load_address>
         <run_address>0xa396</run_address>
         <size>0x16</size>
         <input_file_ref idref="fl-41"/>
      </object_component>
      <object_component id="oc-464">
         <name>.text:usbGetDeviceDescriptor</name>
         <load_address>0xa3ac</load_address>
         <run_address>0xa3ac</run_address>
         <size>0x16</size>
         <input_file_ref idref="fl-41"/>
      </object_component>
      <object_component id="oc-1a0">
         <name>.text:USB_handleVbusOnEvent</name>
         <load_address>0xa3c2</load_address>
         <run_address>0xa3c2</run_address>
         <size>0x14</size>
         <input_file_ref idref="fl-3a"/>
      </object_component>
      <object_component id="oc-224">
         <name>.text:memset</name>
         <load_address>0xa3d6</load_address>
         <run_address>0xa3d6</run_address>
         <size>0x14</size>
         <input_file_ref idref="fl-96"/>
      </object_component>
      <object_component id="oc-45e">
         <name>.text:usbGetConfiguration</name>
         <load_address>0xa3ea</load_address>
         <run_address>0xa3ea</run_address>
         <size>0x14</size>
         <input_file_ref idref="fl-41"/>
      </object_component>
      <object_component id="oc-502">
         <name>.text:usbReceiveDataPacketOnEP0</name>
         <load_address>0xa3fe</load_address>
         <run_address>0xa3fe</run_address>
         <size>0x14</size>
         <input_file_ref idref="fl-41"/>
      </object_component>
      <object_component id="oc-155">
         <name>.text:HidIsReceiveInProgress</name>
         <load_address>0xa412</load_address>
         <run_address>0xa412</run_address>
         <size>0x12</size>
         <input_file_ref idref="fl-3f"/>
      </object_component>
      <object_component id="oc-53c">
         <name>.text:memcpy</name>
         <load_address>0xa424</load_address>
         <run_address>0xa424</run_address>
         <size>0x12</size>
         <input_file_ref idref="fl-95"/>
      </object_component>
      <object_component id="oc-4ac">
         <name>.text:usbInvalidRequest</name>
         <load_address>0xa436</load_address>
         <run_address>0xa436</run_address>
         <size>0x12</size>
         <input_file_ref idref="fl-41"/>
      </object_component>
      <object_component id="oc-6f">
         <name>.text:decompress:rle24:__TI_decompress_rle24</name>
         <load_address>0xa448</load_address>
         <run_address>0xa448</run_address>
         <size>0xe</size>
         <input_file_ref idref="fl-77"/>
      </object_component>
      <object_component id="oc-579">
         <name>.text:DMA_getInterruptStatus</name>
         <load_address>0xa456</load_address>
         <run_address>0xa456</run_address>
         <size>0xc</size>
         <input_file_ref idref="fl-b"/>
      </object_component>
      <object_component id="oc-1a6">
         <name>.text:USB_handleClockEvent</name>
         <load_address>0xa462</load_address>
         <run_address>0xa462</run_address>
         <size>0xc</size>
         <input_file_ref idref="fl-3a"/>
      </object_component>
      <object_component id="oc-57f">
         <name>.text:DMA_disableTransfers</name>
         <load_address>0xa46e</load_address>
         <run_address>0xa46e</run_address>
         <size>0xa</size>
         <input_file_ref idref="fl-b"/>
      </object_component>
      <object_component id="oc-56d">
         <name>.text:DMA_enableTransfers</name>
         <load_address>0xa478</load_address>
         <run_address>0xa478</run_address>
         <size>0xa</size>
         <input_file_ref idref="fl-b"/>
      </object_component>
      <object_component id="oc-3c5">
         <name>.text</name>
         <load_address>0xa482</load_address>
         <run_address>0xa482</run_address>
         <size>0xa</size>
         <input_file_ref idref="fl-92"/>
      </object_component>
      <object_component id="oc-3d4">
         <name>.text</name>
         <load_address>0xa48c</load_address>
         <run_address>0xa48c</run_address>
         <size>0xa</size>
         <input_file_ref idref="fl-93"/>
      </object_component>
      <object_component id="oc-567">
         <name>.text:DMA_setTransferSize</name>
         <load_address>0xa496</load_address>
         <run_address>0xa496</run_address>
         <size>0x8</size>
         <input_file_ref idref="fl-b"/>
      </object_component>
      <object_component id="oc-573">
         <name>.text:DMA_startTransfer</name>
         <load_address>0xa49e</load_address>
         <run_address>0xa49e</run_address>
         <size>0x8</size>
         <input_file_ref idref="fl-b"/>
      </object_component>
      <object_component id="oc-299">
         <name>.text:UCS_XT2Off</name>
         <load_address>0xa4a6</load_address>
         <run_address>0xa4a6</run_address>
         <size>0x8</size>
         <input_file_ref idref="fl-26"/>
      </object_component>
      <object_component id="oc-15e">
         <name>.text:USBHID_handleDataReceived</name>
         <load_address>0xa4ae</load_address>
         <run_address>0xa4ae</run_address>
         <size>0x8</size>
         <input_file_ref idref="fl-3a"/>
      </object_component>
      <object_component id="oc-2c7">
         <name>.text:USBHID_handleSendCompleted</name>
         <load_address>0xa4b6</load_address>
         <run_address>0xa4b6</run_address>
         <size>0x8</size>
         <input_file_ref idref="fl-3a"/>
      </object_component>
      <object_component id="oc-f5">
         <name>.text:_isr:TIMER0_A0_ISR</name>
         <load_address>0xa4be</load_address>
         <run_address>0xa4be</run_address>
         <size>0x8</size>
         <input_file_ref idref="fl-3"/>
      </object_component>
      <object_component id="oc-54f">
         <name>.text:DMA_disableTransferDuringReadModifyWrite</name>
         <load_address>0xa4c6</load_address>
         <run_address>0xa4c6</run_address>
         <size>0x6</size>
         <input_file_ref idref="fl-b"/>
      </object_component>
      <object_component id="oc-561">
         <name>.text:DMA_enableTransferDuringReadModifyWrite</name>
         <load_address>0xa4cc</load_address>
         <run_address>0xa4cc</run_address>
         <size>0x6</size>
         <input_file_ref idref="fl-b"/>
      </object_component>
      <object_component id="oc-1df">
         <name>.text:SFR_clearInterrupt</name>
         <load_address>0xa4d2</load_address>
         <run_address>0xa4d2</run_address>
         <size>0x6</size>
         <input_file_ref idref="fl-1f"/>
      </object_component>
      <object_component id="oc-1d9">
         <name>.text:UCS_clearFaultFlag</name>
         <load_address>0xa4d8</load_address>
         <run_address>0xa4d8</run_address>
         <size>0x6</size>
         <input_file_ref idref="fl-26"/>
      </object_component>
      <object_component id="oc-404">
         <name>.text:USB_getVersion</name>
         <load_address>0xa4de</load_address>
         <run_address>0xa4de</run_address>
         <size>0x6</size>
         <input_file_ref idref="fl-41"/>
      </object_component>
      <object_component id="oc-ea">
         <name>.text:_isr:__TI_ISR_TRAP</name>
         <load_address>0xa4e4</load_address>
         <run_address>0xa4e4</run_address>
         <size>0x6</size>
         <input_file_ref idref="fl-91"/>
      </object_component>
      <object_component id="oc-510">
         <name>.text:usbClearOEP0ByteCount</name>
         <load_address>0xa4ea</load_address>
         <run_address>0xa4ea</run_address>
         <size>0x6</size>
         <input_file_ref idref="fl-41"/>
      </object_component>
      <object_component id="oc-396">
         <name>.text:usbRestoreInEndpointInterrupt</name>
         <load_address>0xa4f0</load_address>
         <run_address>0xa4f0</run_address>
         <size>0x6</size>
         <input_file_ref idref="fl-41"/>
      </object_component>
      <object_component id="oc-420">
         <name>.text:usbRestoreOutEndpointInterrupt</name>
         <load_address>0xa4f6</load_address>
         <run_address>0xa4f6</run_address>
         <size>0x6</size>
         <input_file_ref idref="fl-41"/>
      </object_component>
      <object_component id="oc-4ed">
         <name>.text:USBHID_handleEP0GetReport</name>
         <load_address>0xa4fc</load_address>
         <run_address>0xa4fc</run_address>
         <size>0x4</size>
         <input_file_ref idref="fl-3a"/>
      </object_component>
      <object_component id="oc-4fb">
         <name>.text:USBHID_handleEP0SetReport</name>
         <load_address>0xa500</load_address>
         <run_address>0xa500</run_address>
         <size>0x4</size>
         <input_file_ref idref="fl-3a"/>
      </object_component>
      <object_component id="oc-2d7">
         <name>.text:USBHID_handleEP0SetReportDataAvailable</name>
         <load_address>0xa504</load_address>
         <run_address>0xa504</run_address>
         <size>0x4</size>
         <input_file_ref idref="fl-3a"/>
      </object_component>
      <object_component id="oc-287">
         <name>.text:USBHID_handleReceiveCompleted</name>
         <load_address>0xa508</load_address>
         <run_address>0xa508</run_address>
         <size>0x4</size>
         <input_file_ref idref="fl-3a"/>
      </object_component>
      <object_component id="oc-52b">
         <name>.text:USB_handleEnumCompleteEvent</name>
         <load_address>0xa50c</load_address>
         <run_address>0xa50c</run_address>
         <size>0x4</size>
         <input_file_ref idref="fl-3a"/>
      </object_component>
      <object_component id="oc-188">
         <name>.text:USB_handleResetEvent</name>
         <load_address>0xa510</load_address>
         <run_address>0xa510</run_address>
         <size>0x4</size>
         <input_file_ref idref="fl-3a"/>
      </object_component>
      <object_component id="oc-170">
         <name>.text:USB_handleResumeEvent</name>
         <load_address>0xa514</load_address>
         <run_address>0xa514</run_address>
         <size>0x4</size>
         <input_file_ref idref="fl-3a"/>
      </object_component>
      <object_component id="oc-17c">
         <name>.text:USB_handleSuspendEvent</name>
         <load_address>0xa518</load_address>
         <run_address>0xa518</run_address>
         <size>0x4</size>
         <input_file_ref idref="fl-3a"/>
      </object_component>
      <object_component id="oc-194">
         <name>.text:USB_handleVbusOffEvent</name>
         <load_address>0xa51c</load_address>
         <run_address>0xa51c</run_address>
         <size>0x4</size>
         <input_file_ref idref="fl-3a"/>
      </object_component>
      <object_component id="oc-10d">
         <name>.text:_system_pre_init</name>
         <load_address>0xa520</load_address>
         <run_address>0xa520</run_address>
         <size>0x4</size>
         <input_file_ref idref="fl-9f"/>
      </object_component>
      <object_component id="oc-135">
         <name>.text:abort</name>
         <load_address>0xa524</load_address>
         <run_address>0xa524</run_address>
         <size>0x4</size>
         <input_file_ref idref="fl-7e"/>
      </object_component>
      <object_component id="oc-61d">
         <name>.cinit..data.load</name>
         <load_address>0xa7fc</load_address>
         <run_address>0xa7fc</run_address>
         <size>0x21</size>
      </object_component>
      <object_component id="oc-61a">
         <name>__TI_handler_table</name>
         <load_address>0xa81e</load_address>
         <run_address>0xa81e</run_address>
         <size>0xc</size>
      </object_component>
      <object_component id="oc-61c">
         <name>.cinit..bss.load</name>
         <load_address>0xa82a</load_address>
         <run_address>0xa82a</run_address>
         <size>0x6</size>
      </object_component>
      <object_component id="oc-61b">
         <name>__TI_cinit_table</name>
         <load_address>0xa830</load_address>
         <run_address>0xa830</run_address>
         <size>0x10</size>
      </object_component>
      <object_component id="oc-39e">
         <name>.const:tUsbRequestList</name>
         <load_address>0xa528</load_address>
         <run_address>0xa528</run_address>
         <size>0x118</size>
         <input_file_ref idref="fl-38"/>
      </object_component>
      <object_component id="oc-522">
         <name>.const:.string:abromStringDescriptor</name>
         <load_address>0xa640</load_address>
         <run_address>0xa640</run_address>
         <size>0xa0</size>
         <input_file_ref idref="fl-38"/>
      </object_component>
      <object_component id="oc-1c3">
         <name>.const:.string</name>
         <load_address>0xa6e0</load_address>
         <run_address>0xa6e0</run_address>
         <size>0x64</size>
         <input_file_ref idref="fl-3"/>
      </object_component>
      <object_component id="oc-516">
         <name>.const</name>
         <load_address>0xa744</load_address>
         <run_address>0xa744</run_address>
         <size>0x29</size>
         <input_file_ref idref="fl-38"/>
      </object_component>
      <object_component id="oc-58f">
         <name>.const:.string:report_desc_HID0</name>
         <load_address>0xa76e</load_address>
         <run_address>0xa76e</run_address>
         <size>0x24</size>
         <input_file_ref idref="fl-38"/>
      </object_component>
      <object_component id="oc-3bd">
         <name>.const:.string</name>
         <load_address>0xa792</load_address>
         <run_address>0xa792</run_address>
         <size>0x20</size>
         <input_file_ref idref="fl-41"/>
      </object_component>
      <object_component id="oc-3f2">
         <name>.const:GPIO_PORT_TO_BASE</name>
         <load_address>0xa7b2</load_address>
         <run_address>0xa7b2</run_address>
         <size>0x1c</size>
         <input_file_ref idref="fl-14"/>
      </object_component>
      <object_component id="oc-51d">
         <name>.const:.string:abromDeviceDescriptor</name>
         <load_address>0xa7ce</load_address>
         <run_address>0xa7ce</run_address>
         <size>0x12</size>
         <input_file_ref idref="fl-38"/>
      </object_component>
      <object_component id="oc-27e">
         <name>.const:stUsbHandle</name>
         <load_address>0xa7e0</load_address>
         <run_address>0xa7e0</run_address>
         <size>0x10</size>
         <input_file_ref idref="fl-38"/>
      </object_component>
      <object_component id="oc-539">
         <name>.const</name>
         <load_address>0xa7f0</load_address>
         <run_address>0xa7f0</run_address>
         <size>0xa</size>
         <input_file_ref idref="fl-b"/>
      </object_component>
      <object_component id="oc-509">
         <name>.const:report_desc_size</name>
         <load_address>0xa7fa</load_address>
         <run_address>0xa7fa</run_address>
         <size>0x2</size>
         <input_file_ref idref="fl-38"/>
      </object_component>
      <object_component id="oc-75">
         <name>.int41</name>
         <load_address>0xffd2</load_address>
         <run_address>0xffd2</run_address>
         <size>0x2</size>
         <input_file_ref idref="fl-7f"/>
      </object_component>
      <object_component id="oc-76">
         <name>.int42</name>
         <load_address>0xffd4</load_address>
         <run_address>0xffd4</run_address>
         <size>0x2</size>
         <input_file_ref idref="fl-80"/>
      </object_component>
      <object_component id="oc-77">
         <name>.int43</name>
         <load_address>0xffd6</load_address>
         <run_address>0xffd6</run_address>
         <size>0x2</size>
         <input_file_ref idref="fl-81"/>
      </object_component>
      <object_component id="oc-78">
         <name>.int44</name>
         <load_address>0xffd8</load_address>
         <run_address>0xffd8</run_address>
         <size>0x2</size>
         <input_file_ref idref="fl-82"/>
      </object_component>
      <object_component id="oc-79">
         <name>.int45</name>
         <load_address>0xffda</load_address>
         <run_address>0xffda</run_address>
         <size>0x2</size>
         <input_file_ref idref="fl-83"/>
      </object_component>
      <object_component id="oc-7a">
         <name>.int46</name>
         <load_address>0xffdc</load_address>
         <run_address>0xffdc</run_address>
         <size>0x2</size>
         <input_file_ref idref="fl-84"/>
      </object_component>
      <object_component id="oc-7b">
         <name>.int47</name>
         <load_address>0xffde</load_address>
         <run_address>0xffde</run_address>
         <size>0x2</size>
         <input_file_ref idref="fl-85"/>
      </object_component>
      <object_component id="oc-7c">
         <name>.int48</name>
         <load_address>0xffe0</load_address>
         <run_address>0xffe0</run_address>
         <size>0x2</size>
         <input_file_ref idref="fl-86"/>
      </object_component>
      <object_component id="oc-7d">
         <name>.int49</name>
         <load_address>0xffe2</load_address>
         <run_address>0xffe2</run_address>
         <size>0x2</size>
         <input_file_ref idref="fl-87"/>
      </object_component>
      <object_component id="oc-7e">
         <name>.int50</name>
         <load_address>0xffe4</load_address>
         <run_address>0xffe4</run_address>
         <size>0x2</size>
         <input_file_ref idref="fl-88"/>
      </object_component>
      <object_component id="oc-7f">
         <name>.int51</name>
         <load_address>0xffe6</load_address>
         <run_address>0xffe6</run_address>
         <size>0x2</size>
         <input_file_ref idref="fl-37"/>
      </object_component>
      <object_component id="oc-80">
         <name>.int52</name>
         <load_address>0xffe8</load_address>
         <run_address>0xffe8</run_address>
         <size>0x2</size>
         <input_file_ref idref="fl-89"/>
      </object_component>
      <object_component id="oc-81">
         <name>.int53</name>
         <load_address>0xffea</load_address>
         <run_address>0xffea</run_address>
         <size>0x2</size>
         <input_file_ref idref="fl-3"/>
      </object_component>
      <object_component id="oc-82">
         <name>.int54</name>
         <load_address>0xffec</load_address>
         <run_address>0xffec</run_address>
         <size>0x2</size>
         <input_file_ref idref="fl-3"/>
      </object_component>
      <object_component id="oc-83">
         <name>.int55</name>
         <load_address>0xffee</load_address>
         <run_address>0xffee</run_address>
         <size>0x2</size>
         <input_file_ref idref="fl-8a"/>
      </object_component>
      <object_component id="oc-84">
         <name>.int56</name>
         <load_address>0xfff0</load_address>
         <run_address>0xfff0</run_address>
         <size>0x2</size>
         <input_file_ref idref="fl-8b"/>
      </object_component>
      <object_component id="oc-85">
         <name>.int57</name>
         <load_address>0xfff2</load_address>
         <run_address>0xfff2</run_address>
         <size>0x2</size>
         <input_file_ref idref="fl-8c"/>
      </object_component>
      <object_component id="oc-86">
         <name>.int58</name>
         <load_address>0xfff4</load_address>
         <run_address>0xfff4</run_address>
         <size>0x2</size>
         <input_file_ref idref="fl-8d"/>
      </object_component>
      <object_component id="oc-87">
         <name>.int59</name>
         <load_address>0xfff6</load_address>
         <run_address>0xfff6</run_address>
         <size>0x2</size>
         <input_file_ref idref="fl-8e"/>
      </object_component>
      <object_component id="oc-88">
         <name>.int60</name>
         <load_address>0xfff8</load_address>
         <run_address>0xfff8</run_address>
         <size>0x2</size>
         <input_file_ref idref="fl-8f"/>
      </object_component>
      <object_component id="oc-89">
         <name>.int61</name>
         <load_address>0xfffa</load_address>
         <run_address>0xfffa</run_address>
         <size>0x2</size>
         <input_file_ref idref="fl-3"/>
      </object_component>
      <object_component id="oc-8a">
         <name>.int62</name>
         <load_address>0xfffc</load_address>
         <run_address>0xfffc</run_address>
         <size>0x2</size>
         <input_file_ref idref="fl-90"/>
      </object_component>
      <object_component id="oc-d0">
         <name>.reset</name>
         <load_address>0xfffe</load_address>
         <run_address>0xfffe</run_address>
         <size>0x2</size>
         <input_file_ref idref="fl-74"/>
      </object_component>
      <object_component id="oc-223">
         <name>.common:w</name>
         <uninitialized>true</uninitialized>
         <run_address>0x2550</run_address>
         <size>0x2</size>
      </object_component>
      <object_component id="oc-1d1">
         <name>.common:bufferX</name>
         <uninitialized>true</uninitialized>
         <run_address>0x2400</run_address>
         <size>0x7c</size>
      </object_component>
      <object_component id="oc-1ce">
         <name>.common:bufferY</name>
         <uninitialized>true</uninitialized>
         <run_address>0x247c</run_address>
         <size>0x7c</size>
      </object_component>
      <object_component id="oc-1d0">
         <name>.common:tempADCresult</name>
         <uninitialized>true</uninitialized>
         <run_address>0x254e</run_address>
         <size>0x2</size>
      </object_component>
      <object_component id="oc-1cf">
         <name>.common:writingHeadX</name>
         <uninitialized>true</uninitialized>
         <run_address>0x255a</run_address>
         <size>0x2</size>
      </object_component>
      <object_component id="oc-1cd">
         <name>.common:writingHeadY</name>
         <uninitialized>true</uninitialized>
         <run_address>0x255c</run_address>
         <size>0x2</size>
      </object_component>
      <object_component id="oc-1ca">
         <name>.common:weUseBufferX</name>
         <uninitialized>true</uninitialized>
         <run_address>0x2558</run_address>
         <size>0x2</size>
      </object_component>
      <object_component id="oc-2c6">
         <name>.common:HidWriteCtrl</name>
         <uninitialized>true</uninitialized>
         <run_address>0x252a</run_address>
         <size>0x8</size>
      </object_component>
      <object_component id="oc-25e">
         <name>.common:HidReadCtrl</name>
         <uninitialized>true</uninitialized>
         <run_address>0x251a</run_address>
         <size>0x10</size>
      </object_component>
      <object_component id="oc-2a2">
         <name>.common:bConfigurationNumber</name>
         <uninitialized>true</uninitialized>
         <run_address>0x255e</run_address>
         <size>0x1</size>
      </object_component>
      <object_component id="oc-2a3">
         <name>.common:bInterfaceNumber</name>
         <uninitialized>true</uninitialized>
         <run_address>0x255f</run_address>
         <size>0x1</size>
      </object_component>
      <object_component id="oc-3e4">
         <name>.common:pbIEP0Buffer</name>
         <uninitialized>true</uninitialized>
         <run_address>0x254a</run_address>
         <size>0x2</size>
      </object_component>
      <object_component id="oc-3e1">
         <name>.common:pbOEP0Buffer</name>
         <uninitialized>true</uninitialized>
         <run_address>0x254c</run_address>
         <size>0x2</size>
      </object_component>
      <object_component id="oc-2a1">
         <name>.common:bRemoteWakeup</name>
         <uninitialized>true</uninitialized>
         <run_address>0x2560</run_address>
         <size>0x1</size>
      </object_component>
      <object_component id="oc-2a4">
         <name>.common:wBytesRemainingOnIEP0</name>
         <uninitialized>true</uninitialized>
         <run_address>0x2552</run_address>
         <size>0x2</size>
      </object_component>
      <object_component id="oc-2a5">
         <name>.common:wBytesRemainingOnOEP0</name>
         <uninitialized>true</uninitialized>
         <run_address>0x2554</run_address>
         <size>0x2</size>
      </object_component>
      <object_component id="oc-251">
         <name>.common:abUsbRequestReturnData</name>
         <uninitialized>true</uninitialized>
         <run_address>0x253a</run_address>
         <size>0x8</size>
      </object_component>
      <object_component id="oc-501">
         <name>.common:abUsbRequestIncomingData</name>
         <uninitialized>true</uninitialized>
         <run_address>0x2532</run_address>
         <size>0x8</size>
      </object_component>
      <object_component id="oc-4c8">
         <name>.common:abramSerialStringDescriptor</name>
         <uninitialized>true</uninitialized>
         <run_address>0x24f8</run_address>
         <size>0x22</size>
      </object_component>
      <object_component id="oc-250">
         <name>.common:bStatusAction</name>
         <uninitialized>true</uninitialized>
         <run_address>0x2561</run_address>
         <size>0x1</size>
      </object_component>
      <object_component id="oc-15b">
         <name>.common:wUsbEventMask</name>
         <uninitialized>true</uninitialized>
         <run_address>0x2556</run_address>
         <size>0x2</size>
      </object_component>
      <object_component id="oc-2cd">
         <name>.common:USB_TX_memcpy</name>
         <uninitialized>true</uninitialized>
         <run_address>0x2546</run_address>
         <size>0x4</size>
      </object_component>
      <object_component id="oc-3ad">
         <name>.common:USB_RX_memcpy</name>
         <uninitialized>true</uninitialized>
         <run_address>0x2542</run_address>
         <size>0x4</size>
      </object_component>
      <object_component id="oc-1c0">
         <name>.data</name>
         <load_address>0x2562</load_address>
         <run_address>0x2562</run_address>
         <size>0x18</size>
         <input_file_ref idref="fl-3"/>
      </object_component>
      <object_component id="oc-50c">
         <name>.data:report_desc</name>
         <load_address>0x2580</load_address>
         <run_address>0x2580</run_address>
         <size>0x2</size>
         <input_file_ref idref="fl-38"/>
      </object_component>
      <object_component id="oc-3c1">
         <name>.data:hidProtocol</name>
         <load_address>0x2584</load_address>
         <run_address>0x2584</run_address>
         <size>0x1</size>
         <input_file_ref idref="fl-3f"/>
      </object_component>
      <object_component id="oc-294">
         <name>.data</name>
         <load_address>0x257a</load_address>
         <run_address>0x257a</run_address>
         <size>0x6</size>
         <input_file_ref idref="fl-41"/>
      </object_component>
      <object_component id="oc-365">
         <name>.data</name>
         <load_address>0x2582</load_address>
         <run_address>0x2582</run_address>
         <size>0x2</size>
         <input_file_ref idref="fl-a2"/>
      </object_component>
      <object_component id="oc-341">
         <name>.debug_info</name>
         <load_address>0x0</load_address>
         <run_address>0x0</run_address>
         <size>0x279</size>
         <input_file_ref idref="fl-2"/>
      </object_component>
      <object_component id="oc-20c">
         <name>.debug_info</name>
         <load_address>0x279</load_address>
         <run_address>0x279</run_address>
         <size>0x1ff</size>
         <input_file_ref idref="fl-2"/>
      </object_component>
      <object_component id="oc-212">
         <name>.debug_info</name>
         <load_address>0x478</load_address>
         <run_address>0x478</run_address>
         <size>0x1b7</size>
         <input_file_ref idref="fl-2"/>
      </object_component>
      <object_component id="oc-264">
         <name>.debug_info</name>
[...]
         <value>0xa412</value>
         <object_component_ref idref="oc-155"/>
      </symbol>
      <symbol id="sm-754">
         <name>USBHID_intfStatus</name>
         <value>0x90b2</value>
         <object_component_ref idref="oc-383"/>
      </symbol>
      <symbol id="sm-755">
         <name>HidCopyUsbToBuff</name>
         <value>0x972a</value>
         <object_component_ref idref="oc-281"/>
      </symbol>
      <symbol id="sm-756">
         <name>USBHID_receiveData</name>
         <value>0x8000</value>
         <object_component_ref idref="oc-357"/>
      </symbol>
      <symbol id="sm-757">
         <name>USBHID_abortSend</name>
         <value>0x9e52</value>
         <object_component_ref idref="oc-242"/>
      </symbol>
      <symbol id="sm-758">
         <name>hidProtocol</name>
         <value>0x2584</value>
         <object_component_ref idref="oc-3c1"/>
      </symbol>
      <symbol id="sm-759">
         <name>USBHID_sendData</name>
         <value>0x957e</value>
         <object_component_ref idref="oc-389"/>
      </symbol>
      <symbol id="sm-75a">
         <name>HidToBufferFromHost</name>
         <value>0x860e</value>
         <object_component_ref idref="oc-164"/>
      </symbol>
      <symbol id="sm-77d">
         <name>usbGetReportDescriptor</name>
         <value>0xa33c</value>
         <object_component_ref idref="oc-446"/>
      </symbol>
      <symbol id="sm-77e">
         <name>usbGetHidDescriptor</name>
         <value>0xa190</value>
         <object_component_ref idref="oc-44c"/>
      </symbol>
      <symbol id="sm-77f">
         <name>usbGetReport</name>
         <value>0xa07a</value>
         <object_component_ref idref="oc-43a"/>
      </symbol>
      <symbol id="sm-780">
         <name>usbSetReport</name>
         <value>0x9fda</value>
         <object_component_ref idref="oc-440"/>
      </symbol>
      <symbol id="sm-912">
         <name>wBytesRemainingOnIEP0</name>
         <value>0x2552</value>
      </symbol>
      <symbol id="sm-913">
         <name>wBytesRemainingOnOEP0</name>
         <value>0x2554</value>
      </symbol>
      <symbol id="sm-914">
         <name>abUsbRequestReturnData</name>
         <value>0x253a</value>
      </symbol>
      <symbol id="sm-915">
         <name>abUsbRequestIncomingData</name>
         <value>0x2532</value>
      </symbol>
      <symbol id="sm-916">
         <name>abramSerialStringDescriptor</name>
         <value>0x24f8</value>
      </symbol>
      <symbol id="sm-917">
         <name>bStatusAction</name>
         <value>0x2561</value>
      </symbol>
      <symbol id="sm-918">
         <name>wUsbEventMask</name>
         <value>0x2556</value>
      </symbol>
      <symbol id="sm-919">
         <name>usbReceiveDataPacketOnEP0</name>
         <value>0xa3fe</value>
         <object_component_ref idref="oc-502"/>
      </symbol>
      <symbol id="sm-91a">
         <name>usbGetInterface</name>
         <value>0xa1ae</value>
         <object_component_ref idref="oc-476"/>
      </symbol>
      <symbol id="sm-91b">
         <name>USB_setup</name>
         <value>0x9a26</value>
         <object_component_ref idref="oc-217"/>
      </symbol>
      <symbol id="sm-91c">
         <name>usbSetEndpointFeature</name>
         <value>0x98f0</value>
         <object_component_ref idref="oc-4a0"/>
      </symbol>
      <symbol id="sm-91d">
         <name>usbGetInterfaceStatus</name>
         <value>0xa1cc</value>
         <object_component_ref idref="oc-482"/>
      </symbol>
      <symbol id="sm-91e">
         <name>USB_getVersion</name>
         <value>0xa4de</value>
         <object_component_ref idref="oc-404"/>
      </symbol>
      <symbol id="sm-91f">
         <name>USB_enable</name>
         <value>0x8cf4</value>
         <object_component_ref idref="oc-28e"/>
      </symbol>
      <symbol id="sm-920">
         <name>USB_init</name>
         <value>0x938e</value>
         <object_component_ref idref="oc-342"/>
      </symbol>
      <symbol id="sm-921">
         <name>usbDisableOutEndpointInterrupt</name>
         <value>0xa222</value>
         <object_component_ref idref="oc-41a"/>
      </symbol>
      <symbol id="sm-922">
         <name>usbSetAddress</name>
         <value>0x9e88</value>
         <object_component_ref idref="oc-48e"/>
      </symbol>
      <symbol id="sm-923">
         <name>usbRestoreInEndpointInterrupt</name>
         <value>0xa4f0</value>
         <object_component_ref idref="oc-396"/>
      </symbol>
      <symbol id="sm-924">
         <name>usbGetEndpointStatus</name>
         <value>0x96c0</value>
         <object_component_ref idref="oc-488"/>
      </symbol>
      <symbol id="sm-925">
         <name>usbGetDeviceDescriptor</name>
         <value>0xa3ac</value>
         <object_component_ref idref="oc-464"/>
      </symbol>
      <symbol id="sm-926">
         <name>usbRestoreOutEndpointInterrupt</name>
         <value>0xa4f6</value>
         <object_component_ref idref="oc-420"/>
      </symbol>
      <symbol id="sm-927">
         <name>usbSetInterface</name>
         <value>0xa2da</value>
         <object_component_ref idref="oc-4a6"/>
      </symbol>
      <symbol id="sm-928">
         <name>usbReceiveNextPacketOnOEP0</name>
         <value>0x9aba</value>
         <object_component_ref idref="oc-2d1"/>
      </symbol>
      <symbol id="sm-929">
         <name>USB_suspend</name>
         <value>0x9f20</value>
         <object_component_ref idref="oc-176"/>
      </symbol>
      <symbol id="sm-92a">
         <name>usbSendNextPacketOnIEP0</name>
         <value>0x950e</value>
         <object_component_ref idref="oc-2de"/>
      </symbol>
      <symbol id="sm-92b">
         <name>usbGetStringDescriptor</name>
         <value>0x9942</value>
         <object_component_ref idref="oc-470"/>
      </symbol>
      <symbol id="sm-92c">
         <name>USB_determineFreq</name>
         <value>0x9004</value>
         <object_component_ref idref="oc-2ae"/>
      </symbol>
      <symbol id="sm-92d">
         <name>usbClearDeviceFeature</name>
         <value>0xa0c4</value>
         <object_component_ref idref="oc-452"/>
      </symbol>
      <symbol id="sm-92e">
         <name>USB_disconnect</name>
         <value>0xa12e</value>
         <object_component_ref idref="oc-2bf"/>
      </symbol>
      <symbol id="sm-92f">
         <name>USB_InitSerialStringDescriptor</name>
         <value>0x8f54</value>
         <object_component_ref idref="oc-40a"/>
      </symbol>
      <symbol id="sm-930">
         <name>usbSetConfiguration</name>
         <value>0x9f80</value>
         <object_component_ref idref="oc-494"/>
      </symbol>
      <symbol id="sm-931">
         <name>USB_resume</name>
         <value>0xa2f4</value>
         <object_component_ref idref="oc-16a"/>
      </symbol>
      <symbol id="sm-932">
         <name>usbSendDataPacketOnEP0</name>
         <value>0xa170</value>
         <object_component_ref idref="oc-4f3"/>
      </symbol>
      <symbol id="sm-933">
         <name>usbGetConfiguration</name>
         <value>0xa3ea</value>
         <object_component_ref idref="oc-45e"/>
      </symbol>
      <symbol id="sm-934">
         <name>usbGetConfigurationDescriptor</name>
         <value>0xa396</value>
         <object_component_ref idref="oc-46a"/>
      </symbol>
      <symbol id="sm-935">
         <name>usbClearEndpointFeature</name>
         <value>0x9bdc</value>
         <object_component_ref idref="oc-458"/>
      </symbol>
      <symbol id="sm-936">
         <name>bFunctionSuspended</name>
         <value>0x257b</value>
         <object_component_ref idref="oc-294"/>
      </symbol>
      <symbol id="sm-937">
         <name>VERSION</name>
         <value>0x257e</value>
         <object_component_ref idref="oc-294"/>
      </symbol>
      <symbol id="sm-938">
         <name>usbDecodeAndProcessUsbRequest</name>
         <value>0x9308</value>
         <object_component_ref idref="oc-252"/>
      </symbol>
      <symbol id="sm-939">
         <name>bEnumerationStatus</name>
         <value>0x257c</value>
         <object_component_ref idref="oc-294"/>
      </symbol>
      <symbol id="sm-93a">
         <name>usbClearOEP0ByteCount</name>
         <value>0xa4ea</value>
         <object_component_ref idref="oc-510"/>
      </symbol>
      <symbol id="sm-93b">
         <name>USB_connectionState</name>
         <value>0x9156</value>
         <object_component_ref idref="oc-248"/>
      </symbol>
      <symbol id="sm-93c">
         <name>usbSetDeviceFeature</name>
         <value>0xa0e8</value>
         <object_component_ref idref="oc-49a"/>
      </symbol>
      <symbol id="sm-93d">
         <name>USB_connectionInfo</name>
         <value>0x9eee</value>
         <object_component_ref idref="oc-348"/>
      </symbol>
      <symbol id="sm-93e">
         <name>usbInvalidRequest</name>
         <value>0xa436</value>
         <object_component_ref idref="oc-4ac"/>
      </symbol>
      <symbol id="sm-93f">
         <name>USB_reset</name>
         <value>0x8a56</value>
         <object_component_ref idref="oc-182"/>
      </symbol>
      <symbol id="sm-940">
         <name>USB_connect</name>
         <value>0xa272</value>
         <object_component_ref idref="oc-2b8"/>
      </symbol>
      <symbol id="sm-941">
         <name>usbGetDeviceStatus</name>
         <value>0x9fb0</value>
         <object_component_ref idref="oc-47c"/>
      </symbol>
      <symbol id="sm-942">
         <name>usbDisableInEndpointInterrupt</name>
         <value>0xa206</value>
         <object_component_ref idref="oc-390"/>
      </symbol>
      <symbol id="sm-943">
         <name>USB_disable</name>
         <value>0xa10c</value>
         <object_component_ref idref="oc-1d3"/>
      </symbol>
      <symbol id="sm-962">
         <name>USB_TX_memcpy</name>
         <value>0x2546</value>
      </symbol>
      <symbol id="sm-963">
         <name>USB_RX_memcpy</name>
         <value>0x2542</value>
      </symbol>
      <symbol id="sm-964">
         <name>USB_initMemcpy</name>
         <value>0x9c62</value>
         <object_component_ref idref="oc-410"/>
      </symbol>
      <symbol id="sm-965">
         <name>memcpyDMA</name>
         <value>0x97e8</value>
         <object_component_ref idref="oc-4dc"/>
      </symbol>
      <symbol id="sm-966">
         <name>memcpyV</name>
         <value>0xa2a6</value>
         <object_component_ref idref="oc-4d0"/>
      </symbol>
      <symbol id="sm-970">
         <name>_stack</name>
         <value>0x4360</value>
         <object_component_ref idref="oc-cd"/>
      </symbol>
      <symbol id="sm-971">
         <name>_reset_vector</name>
         <value>0xfffe</value>
         <object_component_ref idref="oc-d0"/>
      </symbol>
      <symbol id="sm-97c">
         <name>_c_int00_noargs_noexit</name>
         <value>0xa28c</value>
         <object_component_ref idref="oc-a9"/>
      </symbol>
      <symbol id="sm-98d">
         <name>__TI_decompress_none</name>
         <value>0x9e16</value>
         <object_component_ref idref="oc-69"/>
      </symbol>
      <symbol id="sm-9b1">
         <name>__TI_decompress_rle24</name>
         <value>0xa448</value>
         <object_component_ref idref="oc-6f"/>
      </symbol>
      <symbol id="sm-9c1">
         <name>__TI_zero_init</name>
         <value>0x9d20</value>
         <object_component_ref idref="oc-8b"/>
      </symbol>
      <symbol id="sm-9cc">
         <name>__memcpy_far</name>
         <value>0x9ca2</value>
         <object_component_ref idref="oc-d1"/>
      </symbol>
      <symbol id="sm-9d7">
         <name>__mspabi_remu</name>
         <value>0xa36a</value>
         <object_component_ref idref="oc-3ca"/>
      </symbol>
      <symbol id="sm-9d8">
         <name>__mspabi_divu</name>
         <value>0xa36a</value>
         <object_component_ref idref="oc-3ca"/>
      </symbol>
      <symbol id="sm-9e9">
         <name>__mspabi_remul</name>
         <value>0x9842</value>
         <object_component_ref idref="oc-330"/>
      </symbol>
      <symbol id="sm-9ea">
         <name>__mspabi_divul</name>
         <value>0x9842</value>
         <object_component_ref idref="oc-330"/>
      </symbol>
      <symbol id="sm-9f5">
         <name>C$$EXIT</name>
         <value>0xa524</value>
         <object_component_ref idref="oc-135"/>
      </symbol>
      <symbol id="sm-9f6">
         <name>abort</name>
         <value>0xa524</value>
         <object_component_ref idref="oc-135"/>
      </symbol>
      <symbol id="sm-9f9">
         <name>__TI_int41</name>
         <value>0xffd2</value>
         <object_component_ref idref="oc-75"/>
      </symbol>
      <symbol id="sm-9fc">
         <name>__TI_int42</name>
         <value>0xffd4</value>
         <object_component_ref idref="oc-76"/>
      </symbol>
      <symbol id="sm-9ff">
         <name>__TI_int43</name>
         <value>0xffd6</value>
         <object_component_ref idref="oc-77"/>
      </symbol>
      <symbol id="sm-a02">
         <name>__TI_int44</name>
         <value>0xffd8</value>
         <object_component_ref idref="oc-78"/>
      </symbol>
      <symbol id="sm-a05">
         <name>__TI_int45</name>
         <value>0xffda</value>
         <object_component_ref idref="oc-79"/>
      </symbol>
      <symbol id="sm-a08">
         <name>__TI_int46</name>
         <value>0xffdc</value>
         <object_component_ref idref="oc-7a"/>
      </symbol>
      <symbol id="sm-a0b">
         <name>__TI_int47</name>
         <value>0xffde</value>
         <object_component_ref idref="oc-7b"/>
      </symbol>
      <symbol id="sm-a0e">
         <name>__TI_int48</name>
         <value>0xffe0</value>
         <object_component_ref idref="oc-7c"/>
      </symbol>
      <symbol id="sm-a11">
         <name>__TI_int49</name>
         <value>0xffe2</value>
         <object_component_ref idref="oc-7d"/>
      </symbol>
      <symbol id="sm-a14">
         <name>__TI_int50</name>
         <value>0xffe4</value>
         <object_component_ref idref="oc-7e"/>
      </symbol>
      <symbol id="sm-a17">
         <name>__TI_int52</name>
         <value>0xffe8</value>
         <object_component_ref idref="oc-80"/>
      </symbol>
      <symbol id="sm-a1a">
         <name>__TI_int55</name>
         <value>0xffee</value>
         <object_component_ref idref="oc-83"/>
      </symbol>
      <symbol id="sm-a1d">
         <name>__TI_int56</name>
         <value>0xfff0</value>
         <object_component_ref idref="oc-84"/>
      </symbol>
      <symbol id="sm-a20">
         <name>__TI_int57</name>
         <value>0xfff2</value>
         <object_component_ref idref="oc-85"/>
      </symbol>
      <symbol id="sm-a23">
         <name>__TI_int58</name>
         <value>0xfff4</value>
         <object_component_ref idref="oc-86"/>
      </symbol>
      <symbol id="sm-a26">
         <name>__TI_int59</name>
         <value>0xfff6</value>
         <object_component_ref idref="oc-87"/>
      </symbol>
      <symbol id="sm-a29">
         <name>__TI_int60</name>
         <value>0xfff8</value>
         <object_component_ref idref="oc-88"/>
      </symbol>
      <symbol id="sm-a2c">
         <name>__TI_int62</name>
         <value>0xfffc</value>
         <object_component_ref idref="oc-8a"/>
      </symbol>
      <symbol id="sm-a34">
         <name>__TI_ISR_TRAP</name>
         <value>0xa4e4</value>
         <object_component_ref idref="oc-ea"/>
      </symbol>
      <symbol id="sm-a3d">
         <name>__mspabi_slli</name>
         <value>0xa482</value>
         <object_component_ref idref="oc-3c5"/>
      </symbol>
      <symbol id="sm-a46">
         <name>__mspabi_srli</name>
         <value>0xa48c</value>
         <object_component_ref idref="oc-3d4"/>
      </symbol>
      <symbol id="sm-a4e">
         <name>__mspabi_srll_8</name>
         <value>0x9db8</value>
         <object_component_ref idref="oc-335"/>
      </symbol>
      <symbol id="sm-a4f">
         <name>__mspabi_srll_9</name>
         <value>0x9db4</value>
         <object_component_ref idref="oc-335"/>
      </symbol>
      <symbol id="sm-a50">
         <name>__mspabi_srll_6</name>
         <value>0x9dc0</value>
         <object_component_ref idref="oc-335"/>
      </symbol>
      <symbol id="sm-a51">
         <name>__mspabi_srll_7</name>
         <value>0x9dbc</value>
         <object_component_ref idref="oc-335"/>
      </symbol>
      <symbol id="sm-a52">
         <name>__mspabi_srll_4</name>
         <value>0x9dc8</value>
         <object_component_ref idref="oc-335"/>
      </symbol>
      <symbol id="sm-a53">
         <name>__mspabi_srll_5</name>
         <value>0x9dc4</value>
         <object_component_ref idref="oc-335"/>
      </symbol>
      <symbol id="sm-a54">
         <name>__mspabi_srll_2</name>
         <value>0x9dd0</value>
         <object_component_ref idref="oc-335"/>
      </symbol>
      <symbol id="sm-a55">
         <name>__mspabi_srll_3</name>
         <value>0x9dcc</value>
         <object_component_ref idref="oc-335"/>
      </symbol>
      <symbol id="sm-a56">
         <name>__mspabi_srll_1</name>
         <value>0x9dd4</value>
         <object_component_ref idref="oc-335"/>
      </symbol>
      <symbol id="sm-a57">
         <name>__mspabi_srll_15</name>
         <value>0x9d9c</value>
         <object_component_ref idref="oc-335"/>
      </symbol>
      <symbol id="sm-a58">
         <name>__mspabi_srll_14</name>
         <value>0x9da0</value>
         <object_component_ref idref="oc-335"/>
      </symbol>
      <symbol id="sm-a59">
         <name>__mspabi_srll_13</name>
         <value>0x9da4</value>
         <object_component_ref idref="oc-335"/>
      </symbol>
      <symbol id="sm-a5a">
         <name>__mspabi_srll_12</name>
         <value>0x9da8</value>
         <object_component_ref idref="oc-335"/>
      </symbol>
      <symbol id="sm-a5b">
         <name>__mspabi_srll_11</name>
         <value>0x9dac</value>
         <object_component_ref idref="oc-335"/>
      </symbol>
      <symbol id="sm-a5c">
         <name>__mspabi_srll_10</name>
         <value>0x9db0</value>
         <object_component_ref idref="oc-335"/>
      </symbol>
      <symbol id="sm-a6a">
         <name>memcpy</name>
         <value>0xa424</value>
         <object_component_ref idref="oc-53c"/>
      </symbol>
      <symbol id="sm-a78">
         <name>memset</name>
         <value>0xa3d6</value>
         <object_component_ref idref="oc-224"/>
      </symbol>
      <symbol id="sm-a8f">
         <name>__mspabi_mpyi_f5hw</name>
         <value>0xa380</value>
         <object_component_ref idref="oc-3cf"/>
      </symbol>
      <symbol id="sm-ac0">
         <name>_system_pre_init</name>
         <value>0xa520</value>
         <object_component_ref idref="oc-10d"/>
      </symbol>
      <symbol id="sm-acf">
         <name>strcat</name>
         <value>0xa2c0</value>
         <object_component_ref idref="oc-37c"/>
      </symbol>
      <symbol id="sm-add">
         <name>strcmp</name>
         <value>0xa324</value>
         <object_component_ref idref="oc-376"/>
      </symbol>
      <symbol id="sm-af3">
         <name>strtok</name>
         <value>0x9a70</value>
         <object_component_ref idref="oc-230"/>
      </symbol>
      <symbol id="sm-b11">
         <name>_auto_init_hold_wdt</name>
         <value>0x9412</value>
         <object_component_ref idref="oc-113"/>
      </symbol>
      <symbol id="sm-b21">
         <name>strcspn</name>
         <value>0xa004</value>
         <object_component_ref idref="oc-36e"/>
      </symbol>
      <symbol id="sm-b33">
         <name>strspn</name>
         <value>0xa02c</value>
         <object_component_ref idref="oc-368"/>
      </symbol>
      <symbol id="sm-b35">
         <name>__TI_INITARRAY_Base</name>
         <value>0x0</value>
      </symbol>
      <symbol id="sm-b36">
         <name>__TI_INITARRAY_Limit</name>
         <value>0x0</value>
      </symbol>
   </symbol_table>
   <title>Link successful</title>
</link_info>
