<?xml version="1.0"?>
<link_info>
   <banner>MSP430 Linker Unix v4.4.3</banner>
   <copyright>Copyright (c) 2003-2015 Texas Instruments Incorporated</copyright>
   <link_time>0x55ccc4b2</link_time>
   <link_errors>0x0</link_errors>
   <output_file>SpikeRecorderHID.out</output_file>
   <entry_point>
      <name>_c_int00_noargs_noexit</name>
      <address>0xa544</address>
   </entry_point>
   <input_file_list>
      <input_file id="fl-2">
         <path>./</path>
         <kind>object</kind>
         <file>hal.obj</file>
         <name>hal.obj</name>
      </input_file>
      <input_file id="fl-3">
         <path>./</path>
         <kind>object</kind>
         <file>main.obj</file>
         <name>main.obj</name>
      </input_file>
      <input_file id="fl-4">
         <path>./driverlib/MSP430F5xx_6xx/</path>
         <kind>object</kind>
         <file>adc10_a.obj</file>
         <name>adc10_a.obj</name>
      </input_file>
      <input_file id="fl-5">
         <path>./driverlib/MSP430F5xx_6xx/</path>
         <kind>object</kind>
         <file>adc12_a.obj</file>
         <name>adc12_a.obj</name>
      </input_file>
      <input_file id="fl-6">
         <path>./driverlib/MSP430F5xx_6xx/</path>
         <kind>object</kind>
         <file>aes.obj</file>
         <name>aes.obj</name>
      </input_file>
      <input_file id="fl-7">
         <path>./driverlib/MSP430F5xx_6xx/</path>
         <kind>object</kind>
         <file>battbak.obj</file>
         <name>battbak.obj</name>
      </input_file>
      <input_file id="fl-8">
         <path>./driverlib/MSP430F5xx_6xx/</path>
         <kind>object</kind>
         <file>comp_b.obj</file>
         <name>comp_b.obj</name>
      </input_file>
      <input_file id="fl-9">
         <path>./driverlib/MSP430F5xx_6xx/</path>
         <kind>object</kind>
         <file>crc.obj</file>
         <name>crc.obj</name>
      </input_file>
      <input_file id="fl-a">
         <path>./driverlib/MSP430F5xx_6xx/</path>
         <kind>object</kind>
         <file>dac12_a.obj</file>
         <name>dac12_a.obj</name>
      </input_file>
      <input_file id="fl-b">
         <path>./driverlib/MSP430F5xx_6xx/</path>
         <kind>object</kind>
         <file>dma.obj</file>
         <name>dma.obj</name>
      </input_file>
      <input_file id="fl-c">
         <path>./driverlib/MSP430F5xx_6xx/</path>
         <kind>object</kind>
         <file>eusci_a_spi.obj</file>
         <name>eusci_a_spi.obj</name>
      </input_file>
      <input_file id="fl-d">
         <path>./driverlib/MSP430F5xx_6xx/</path>
         <kind>object</kind>
         <file>eusci_a_uart.obj</file>
         <name>eusci_a_uart.obj</name>
      </input_file>
      <input_file id="fl-e">
         <path>./driverlib/MSP430F5xx_6xx/</path>
         <kind>object</kind>
         <file>eusci_b_i2c.obj</file>
         <name>eusci_b_i2c.obj</name>
      </input_file>
      <input_file id="fl-f">
         <path>./driverlib/MSP430F5xx_6xx/</path>
         <kind>object</kind>
         <file>eusci_b_spi.obj</file>
         <name>eusci_b_spi.obj</name>
      </input_file>
      <input_file id="fl-10">
         <path>./driverlib/MSP430F5xx_6xx/</path>
         <kind>object</kind>
         <file>eusci_i2c.obj</file>
         <name>eusci_i2c.obj</name>
      </input_file>
      <input_file id="fl-11">
         <path>./driverlib/MSP430F5xx_6xx/</path>
         <kind>object</kind>
         <file>eusci_spi.obj</file>
         <name>eusci_spi.obj</name>
      </input_file>
      <input_file id="fl-12">
         <path>./driverlib/MSP430F5xx_6xx/</path>
         <kind>object</kind>
         <file>eusci_uart.obj</file>
         <name>eusci_uart.obj</name>
      </input_file>
      <input_file id="fl-13">
         <path>./driverlib/MSP430F5xx_6xx/</path>
         <kind>object</kind>
         <file>flashctl.obj</file>
         <name>flashctl.obj</name>
      </input_file>
      <input_file id="fl-14">
         <path>./driverlib/MSP430F5xx_6xx/</path>
         <kind>object</kind>
         <file>gpio.obj</file>
         <name>gpio.obj</name>
      </input_file>
      <input_file id="fl-15">
         <path>./driverlib/MSP430F5xx_6xx/</path>
         <kind>object</kind>
         <file>ldopwr.obj</file>
         <name>ldopwr.obj</name>
      </input_file>
      <input_file id="fl-16">
         <path>./driverlib/MSP430F5xx_6xx/</path>
         <kind>object</kind>
         <file>mpy32.obj</file>
         <name>mpy32.obj</name>
      </input_file>
      <input_file id="fl-17">
         <path>./driverlib/MSP430F5xx_6xx/</path>
         <kind>object</kind>
         <file>pmap.obj</file>
         <name>pmap.obj</name>
      </input_file>
      <input_file id="fl-18">
         <path>./driverlib/MSP430F5xx_6xx/</path>
         <kind>object</kind>
         <file>pmm.obj</file>
         <name>pmm.obj</name>
      </input_file>
      <input_file id="fl-19">
         <path>./driverlib/MSP430F5xx_6xx/</path>
         <kind>object</kind>
         <file>ram.obj</file>
         <name>ram.obj</name>
      </input_file>
      <input_file id="fl-1a">
         <path>./driverlib/MSP430F5xx_6xx/</path>
         <kind>object</kind>
         <file>ref.obj</file>
         <name>ref.obj</name>
      </input_file>
      <input_file id="fl-1b">
         <path>./driverlib/MSP430F5xx_6xx/</path>
         <kind>object</kind>
         <file>rtc_a.obj</file>
         <name>rtc_a.obj</name>
      </input_file>
      <input_file id="fl-1c">
         <path>./driverlib/MSP430F5xx_6xx/</path>
         <kind>object</kind>
         <file>rtc_b.obj</file>
         <name>rtc_b.obj</name>
      </input_file>
      <input_file id="fl-1d">
         <path>./driverlib/MSP430F5xx_6xx/</path>
         <kind>object</kind>
         <file>rtc_c.obj</file>
         <name>rtc_c.obj</name>
      </input_file>
      <input_file id="fl-1e">
         <path>./driverlib/MSP430F5xx_6xx/</path>
         <kind>object</kind>
         <file>sd24_b.obj</file>
         <name>sd24_b.obj</name>
      </input_file>
      <input_file id="fl-1f">
         <path>./driverlib/MSP430F5xx_6xx/</path>
         <kind>object</kind>
         <file>sfr.obj</file>
         <name>sfr.obj</name>
      </input_file>
      <input_file id="fl-20">
         <path>./driverlib/MSP430F5xx_6xx/</path>
         <kind>object</kind>
         <file>sysctl.obj</file>
         <name>sysctl.obj</name>
      </input_file>
      <input_file id="fl-21">
         <path>./driverlib/MSP430F5xx_6xx/</path>
         <kind>object</kind>
         <file>tec.obj</file>
         <name>tec.obj</name>
      </input_file>
      <input_file id="fl-22">
         <path>./driverlib/MSP430F5xx_6xx/</path>
         <kind>object</kind>
         <file>timer_a.obj</file>
         <name>timer_a.obj</name>
      </input_file>
      <input_file id="fl-23">
         <path>./driverlib/MSP430F5xx_6xx/</path>
         <kind>object</kind>
         <file>timer_b.obj</file>
         <name>timer_b.obj</name>
      </input_file>
      <input_file id="fl-24">
         <path>./driverlib/MSP430F5xx_6xx/</path>
         <kind>object</kind>
         <file>timer_d.obj</file>
         <name>timer_d.obj</name>
      </input_file>
      <input_file id="fl-25">
         <path>./driverlib/MSP430F5xx_6xx/</path>
         <kind>object</kind>
         <file>tlv.obj</file>
         <name>tlv.obj</name>
      </input_file>
      <input_file id="fl-26">
         <path>./driverlib/MSP430F5xx_6xx/</path>
         <kind>object</kind>
         <file>ucs.obj</file>
         <name>ucs.obj</name>
      </input_file>
      <input_file id="fl-27">
         <path>./driverlib/MSP430F5xx_6xx/</path>
         <kind>object</kind>
         <file>usci_a_spi.obj</file>
         <name>usci_a_spi.obj</name>
      </input_file>
      <input_file id="fl-28">
         <path>./driverlib/MSP430F5xx_6xx/</path>
         <kind>object</kind>
         <file>usci_a_uart.obj</file>
         <name>usci_a_uart.obj</name>
      </input_file>
      <input_file id="fl-29">
         <path>./driverlib/MSP430F5xx_6xx/</path>
         <kind>object</kind>
         <file>usci_b_i2c.obj</file>
         <name>usci_b_i2c.obj</name>
      </input_file>
      <input_file id="fl-2a">
         <path>./driverlib/MSP430F5xx_6xx/</path>
         <kind>object</kind>
         <file>usci_b_spi.obj</file>
         <name>usci_b_spi.obj</name>
      </input_file>
      <input_file id="fl-2b">
         <path>./driverlib/MSP430F5xx_6xx/</path>
         <kind>object</kind>
         <file>usci_i2c.obj</file>
         <name>usci_i2c.obj</name>
      </input_file>
      <input_file id="fl-2c">
         <path>./driverlib/MSP430F5xx_6xx/</path>
         <kind>object</kind>
         <file>usci_spi.obj</file>
         <name>usci_spi.obj</name>
      </input_file>
      <input_file id="fl-2d">
         <path>./driverlib/MSP430F5xx_6xx/</path>
         <kind>object</kind>
         <file>usci_uart.obj</file>
         <name>usci_uart.obj</name>
      </input_file>
      <input_file id="fl-2e">
         <path>./driverlib/MSP430F5xx_6xx/</path>
         <kind>object</kind>
         <file>wdt_a.obj</file>
         <name>wdt_a.obj</name>
      </input_file>
      <input_file id="fl-2f">
         <path>./driverlib/MSP430F5xx_6xx/deprecated/</path>
         <kind>object</kind>
         <file>dma.obj</file>
         <name>dma.obj</name>
      </input_file>
      <input_file id="fl-30">
         <path>./driverlib/MSP430F5xx_6xx/deprecated/</path>
         <kind>object</kind>
         <file>flashctl.obj</file>
         <name>flashctl.obj</name>
      </input_file>
      <input_file id="fl-31">
         <path>./driverlib/MSP430F5xx_6xx/deprecated/</path>
         <kind>object</kind>
         <file>mpy32.obj</file>
         <name>mpy32.obj</name>
      </input_file>
      <input_file id="fl-32">
         <path>./driverlib/MSP430F5xx_6xx/deprecated/</path>
         <kind>object</kind>
         <file>pmm.obj</file>
         <name>pmm.obj</name>
      </input_file>
      <input_file id="fl-33">
         <path>./driverlib/MSP430F5xx_6xx/deprecated/</path>
         <kind>object</kind>
         <file>ram.obj</file>
         <name>ram.obj</name>
      </input_file>
      <input_file id="fl-34">
         <path>./driverlib/MSP430F5xx_6xx/deprecated/</path>
         <kind>object</kind>
         <file>sfr.obj</file>
         <name>sfr.obj</name>
      </input_file>
      <input_file id="fl-35">
         <path>./driverlib/MSP430F5xx_6xx/deprecated/</path>
         <kind>object</kind>
         <file>sysctl.obj</file>
         <name>sysctl.obj</name>
      </input_file>
      <input_file id="fl-36">
         <path>./driverlib/MSP430F5xx_6xx/deprecated/</path>
         <kind>object</kind>
         <file>ucs.obj</file>
         <name>ucs.obj</name>
      </input_file>
      <input_file id="fl-37">
         <path>./USB_config/</path>
         <kind>object</kind>
         <file>UsbIsr.obj</file>
         <name>UsbIsr.obj</name>
      </input_file>
      <input_file id="fl-38">
         <path>./USB_config/</path>
         <kind>object</kind>
         <file>descriptors.obj</file>
         <name>descriptors.obj</name>
      </input_file>
      <input_file id="fl-39">
         <path>./USB_app/</path>
         <kind>object</kind>
         <file>usbConstructs.obj</file>
         <name>usbConstructs.obj</name>
      </input_file>
      <input_file id="fl-3a">
         <path>./USB_app/</path>
         <kind>object</kind>
         <file>usbEventHandling.obj</file>
         <name>usbEventHandling.obj</name>
      </input_file>
      <input_file id="fl-3b">
         <path>./USB_API/USB_PHDC_API/</path>
         <kind>object</kind>
         <file>UsbPHDC.obj</file>
         <name>UsbPHDC.obj</name>
      </input_file>
      <input_file id="fl-3c">
         <path>./USB_API/USB_MSC_API/</path>
         <kind>object</kind>
         <file>UsbMscReq.obj</file>
         <name>UsbMscReq.obj</name>
      </input_file>
      <input_file id="fl-3d">
         <path>./USB_API/USB_MSC_API/</path>
         <kind>object</kind>
         <file>UsbMscScsi.obj</file>
         <name>UsbMscScsi.obj</name>
      </input_file>
      <input_file id="fl-3e">
         <path>./USB_API/USB_MSC_API/</path>
         <kind>object</kind>
         <file>UsbMscStateMachine.obj</file>
         <name>UsbMscStateMachine.obj</name>
      </input_file>
      <input_file id="fl-3f">
         <path>./USB_API/USB_HID_API/</path>
         <kind>object</kind>
         <file>UsbHid.obj</file>
         <name>UsbHid.obj</name>
      </input_file>
      <input_file id="fl-40">
         <path>./USB_API/USB_HID_API/</path>
         <kind>object</kind>
         <file>UsbHidReq.obj</file>
         <name>UsbHidReq.obj</name>
      </input_file>
      <input_file id="fl-41">
         <path>./USB_API/USB_Common/</path>
         <kind>object</kind>
         <file>usb.obj</file>
         <name>usb.obj</name>
      </input_file>
      <input_file id="fl-42">
         <path>./USB_API/USB_Common/</path>
         <kind>object</kind>
         <file>usbdma.obj</file>
         <name>usbdma.obj</name>
      </input_file>
      <input_file id="fl-43">
         <path>./USB_API/USB_CDC_API/</path>
         <kind>object</kind>
         <file>UsbCdc.obj</file>
         <name>UsbCdc.obj</name>
      </input_file>
      <input_file id="fl-74">
         <path>/Applications/Texas-Instruments/ccsv6/tools/compiler/ti-cgt-msp430_4.4.3/lib/</path>
         <kind>archive</kind>
         <file>rts430x_lc_sd_eabi.lib</file>
         <name>boot.obj</name>
      </input_file>
      <input_file id="fl-75">
         <path>/Applications/Texas-Instruments/ccsv6/tools/compiler/ti-cgt-msp430_4.4.3/lib/</path>
         <kind>archive</kind>
         <file>rts430x_lc_sd_eabi.lib</file>
         <name>boot_special.obj</name>
      </input_file>
      <input_file id="fl-76">
         <path>/Applications/Texas-Instruments/ccsv6/tools/compiler/ti-cgt-msp430_4.4.3/lib/</path>
         <kind>archive</kind>
         <file>rts430x_lc_sd_eabi.lib</file>
         <name>copy_decompress_none.obj</name>
      </input_file>
      <input_file id="fl-77">
         <path>/Applications/Texas-Instruments/ccsv6/tools/compiler/ti-cgt-msp430_4.4.3/lib/</path>
         <kind>archive</kind>
         <file>rts430x_lc_sd_eabi.lib</file>
         <name>copy_decompress_rle.obj</name>
      </input_file>
      <input_file id="fl-78">
         <path>/Applications/Texas-Instruments/ccsv6/tools/compiler/ti-cgt-msp430_4.4.3/lib/</path>
         <kind>archive</kind>
         <file>rts430x_lc_sd_eabi.lib</file>
         <name>copy_zero_init.obj</name>
      </input_file>
      <input_file id="fl-79">
         <path>/Applications/Texas-Instruments/ccsv6/tools/compiler/ti-cgt-msp430_4.4.3/lib/</path>
         <kind>archive</kind>
         <file>rts430x_lc_sd_eabi.lib</file>
         <name>cpy_util.obj</name>
      </input_file>
      <input_file id="fl-7a">
         <path>/Applications/Texas-Instruments/ccsv6/tools/compiler/ti-cgt-msp430_4.4.3/lib/</path>
         <kind>archive</kind>
         <file>rts430x_lc_sd_eabi.lib</file>
         <name>div16s.obj</name>
      </input_file>
      <input_file id="fl-7b">
         <path>/Applications/Texas-Instruments/ccsv6/tools/compiler/ti-cgt-msp430_4.4.3/lib/</path>
         <kind>archive</kind>
         <file>rts430x_lc_sd_eabi.lib</file>
         <name>div16u.obj</name>
      </input_file>
      <input_file id="fl-7c">
         <path>/Applications/Texas-Instruments/ccsv6/tools/compiler/ti-cgt-msp430_4.4.3/lib/</path>
         <kind>archive</kind>
         <file>rts430x_lc_sd_eabi.lib</file>
         <name>div32s.obj</name>
      </input_file>
      <input_file id="fl-7d">
         <path>/Applications/Texas-Instruments/ccsv6/tools/compiler/ti-cgt-msp430_4.4.3/lib/</path>
         <kind>archive</kind>
         <file>rts430x_lc_sd_eabi.lib</file>
         <name>div32u.obj</name>
      </input_file>
      <input_file id="fl-7e">
         <path>/Applications/Texas-Instruments/ccsv6/tools/compiler/ti-cgt-msp430_4.4.3/lib/</path>
         <kind>archive</kind>
         <file>rts430x_lc_sd_eabi.lib</file>
         <name>exit.obj</name>
      </input_file>
      <input_file id="fl-7f">
         <path>/Applications/Texas-Instruments/ccsv6/tools/compiler/ti-cgt-msp430_4.4.3/lib/</path>
         <kind>archive</kind>
         <file>rts430x_lc_sd_eabi.lib</file>
         <name>int41.obj</name>
      </input_file>
      <input_file id="fl-80">
         <path>/Applications/Texas-Instruments/ccsv6/tools/compiler/ti-cgt-msp430_4.4.3/lib/</path>
         <kind>archive</kind>
         <file>rts430x_lc_sd_eabi.lib</file>
         <name>int42.obj</name>
      </input_file>
      <input_file id="fl-81">
         <path>/Applications/Texas-Instruments/ccsv6/tools/compiler/ti-cgt-msp430_4.4.3/lib/</path>
         <kind>archive</kind>
         <file>rts430x_lc_sd_eabi.lib</file>
         <name>int43.obj</name>
      </input_file>
      <input_file id="fl-82">
         <path>/Applications/Texas-Instruments/ccsv6/tools/compiler/ti-cgt-msp430_4.4.3/lib/</path>
         <kind>archive</kind>
         <file>rts430x_lc_sd_eabi.lib</file>
         <name>int44.obj</name>
      </input_file>
      <input_file id="fl-83">
         <path>/Applications/Texas-Instruments/ccsv6/tools/compiler/ti-cgt-msp430_4.4.3/lib/</path>
         <kind>archive</kind>
         <file>rts430x_lc_sd_eabi.lib</file>
         <name>int45.obj</name>
      </input_file>
      <input_file id="fl-84">
         <path>/Applications/Texas-Instruments/ccsv6/tools/compiler/ti-cgt-msp430_4.4.3/lib/</path>
         <kind>archive</kind>
         <file>rts430x_lc_sd_eabi.lib</file>
         <name>int46.obj</name>
      </input_file>
      <input_file id="fl-85">
         <path>/Applications/Texas-Instruments/ccsv6/tools/compiler/ti-cgt-msp430_4.4.3/lib/</path>
         <kind>archive</kind>
         <file>rts430x_lc_sd_eabi.lib</file>
         <name>int47.obj</name>
      </input_file>
      <input_file id="fl-86">
         <path>/Applications/Texas-Instruments/ccsv6/tools/compiler/ti-cgt-msp430_4.4.3/lib/</path>
         <kind>archive</kind>
         <file>rts430x_lc_sd_eabi.lib</file>
         <name>int48.obj</name>
      </input_file>
      <input_file id="fl-87">
         <path>/Applications/Texas-Instruments/ccsv6/tools/compiler/ti-cgt-msp430_4.4.3/lib/</path>
         <kind>archive</kind>
         <file>rts430x_lc_sd_eabi.lib</file>
         <name>int49.obj</name>
      </input_file>
      <input_file id="fl-88">
         <path>/Applications/Texas-Instruments/ccsv6/tools/compiler/ti-cgt-msp430_4.4.3/lib/</path>
         <kind>archive</kind>
         <file>rts430x_lc_sd_eabi.lib</file>
         <name>int50.obj</name>
      </input_file>
      <input_file id="fl-89">
         <path>/Applications/Texas-Instruments/ccsv6/tools/compiler/ti-cgt-msp430_4.4.3/lib/</path>
         <kind>archive</kind>
         <file>rts430x_lc_sd_eabi.lib</file>
         <name>int52.obj</name>
      </input_file>
      <input_file id="fl-8a">
         <path>/Applications/Texas-Instruments/ccsv6/tools/compiler/ti-cgt-msp430_4.4.3/lib/</path>
         <kind>archive</kind>
         <file>rts430x_lc_sd_eabi.lib</file>
         <name>int55.obj</name>
      </input_file>
      <input_file id="fl-8b">
         <path>/Applications/Texas-Instruments/ccsv6/tools/compiler/ti-cgt-msp430_4.4.3/lib/</path>
         <kind>archive</kind>
         <file>rts430x_lc_sd_eabi.lib</file>
         <name>int56.obj</name>
      </input_file>
      <input_file id="fl-8c">
         <path>/Applications/Texas-Instruments/ccsv6/tools/compiler/ti-cgt-msp430_4.4.3/lib/</path>
         <kind>archive</kind>
         <file>rts430x_lc_sd_eabi.lib</file>
         <name>int57.obj</name>
      </input_file>
      <input_file id="fl-8d">
         <path>/Applications/Texas-Instruments/ccsv6/tools/compiler/ti-cgt-msp430_4.4.3/lib/</path>
         <kind>archive</kind>
         <file>rts430x_lc_sd_eabi.lib</file>
         <name>int58.obj</name>
      </input_file>
      <input_file id="fl-8e">
         <path>/Applications/Texas-Instruments/ccsv6/tools/compiler/ti-cgt-msp430_4.4.3/lib/</path>
         <kind>archive</kind>
         <file>rts430x_lc_sd_eabi.lib</file>
         <name>int59.obj</name>
      </input_file>
      <input_file id="fl-8f">
         <path>/Applications/Texas-Instruments/ccsv6/tools/compiler/ti-cgt-msp430_4.4.3/lib/</path>
         <kind>archive</kind>
         <file>rts430x_lc_sd_eabi.lib</file>
         <name>int60.obj</name>
      </input_file>
      <input_file id="fl-90">
         <path>/Applications/Texas-Instruments/ccsv6/tools/compiler/ti-cgt-msp430_4.4.3/lib/</path>
         <kind>archive</kind>
         <file>rts430x_lc_sd_eabi.lib</file>
         <name>int62.obj</name>
      </input_file>
      <input_file id="fl-91">
         <path>/Applications/Texas-Instruments/ccsv6/tools/compiler/ti-cgt-msp430_4.4.3/lib/</path>
         <kind>archive</kind>
         <file>rts430x_lc_sd_eabi.lib</file>
         <name>isr_trap.obj</name>
      </input_file>
      <input_file id="fl-92">
         <path>/Applications/Texas-Instruments/ccsv6/tools/compiler/ti-cgt-msp430_4.4.3/lib/</path>
         <kind>archive</kind>
         <file>rts430x_lc_sd_eabi.lib</file>
         <name>lsl16.obj</name>
      </input_file>
      <input_file id="fl-93">
         <path>/Applications/Texas-Instruments/ccsv6/tools/compiler/ti-cgt-msp430_4.4.3/lib/</path>
         <kind>archive</kind>
         <file>rts430x_lc_sd_eabi.lib</file>
         <name>lsr16.obj</name>
      </input_file>
      <input_file id="fl-94">
         <path>/Applications/Texas-Instruments/ccsv6/tools/compiler/ti-cgt-msp430_4.4.3/lib/</path>
         <kind>archive</kind>
         <file>rts430x_lc_sd_eabi.lib</file>
         <name>lsr32.obj</name>
      </input_file>
      <input_file id="fl-95">
         <path>/Applications/Texas-Instruments/ccsv6/tools/compiler/ti-cgt-msp430_4.4.3/lib/</path>
         <kind>archive</kind>
         <file>rts430x_lc_sd_eabi.lib</file>
         <name>memcpy.obj</name>
      </input_file>
      <input_file id="fl-96">
         <path>/Applications/Texas-Instruments/ccsv6/tools/compiler/ti-cgt-msp430_4.4.3/lib/</path>
         <kind>archive</kind>
         <file>rts430x_lc_sd_eabi.lib</file>
         <name>memset.obj</name>
      </input_file>
      <input_file id="fl-97">
         <path>/Applications/Texas-Instruments/ccsv6/tools/compiler/ti-cgt-msp430_4.4.3/lib/</path>
         <kind>archive</kind>
         <file>rts430x_lc_sd_eabi.lib</file>
         <name>mpu_init.obj</name>
      </input_file>
      <input_file id="fl-98">
         <path>/Applications/Texas-Instruments/ccsv6/tools/compiler/ti-cgt-msp430_4.4.3/lib/</path>
         <kind>archive</kind>
         <file>rts430x_lc_sd_eabi.lib</file>
         <name>mult16.obj</name>
      </input_file>
      <input_file id="fl-99">
         <path>/Applications/Texas-Instruments/ccsv6/tools/compiler/ti-cgt-msp430_4.4.3/lib/</path>
         <kind>archive</kind>
         <file>rts430x_lc_sd_eabi.lib</file>
         <name>mult1632_f5hw.obj</name>
      </input_file>
      <input_file id="fl-9a">
         <path>/Applications/Texas-Instruments/ccsv6/tools/compiler/ti-cgt-msp430_4.4.3/lib/</path>
         <kind>archive</kind>
         <file>rts430x_lc_sd_eabi.lib</file>
         <name>mult16_f5hw.obj</name>
      </input_file>
      <input_file id="fl-9b">
         <path>/Applications/Texas-Instruments/ccsv6/tools/compiler/ti-cgt-msp430_4.4.3/lib/</path>
         <kind>archive</kind>
         <file>rts430x_lc_sd_eabi.lib</file>
         <name>mult32.obj</name>
      </input_file>
      <input_file id="fl-9c">
         <path>/Applications/Texas-Instruments/ccsv6/tools/compiler/ti-cgt-msp430_4.4.3/lib/</path>
         <kind>archive</kind>
         <file>rts430x_lc_sd_eabi.lib</file>
         <name>mult3264_f5hw.obj</name>
      </input_file>
      <input_file id="fl-9d">
         <path>/Applications/Texas-Instruments/ccsv6/tools/compiler/ti-cgt-msp430_4.4.3/lib/</path>
         <kind>archive</kind>
         <file>rts430x_lc_sd_eabi.lib</file>
         <name>mult32_f5hw.obj</name>
      </input_file>
      <input_file id="fl-9e">
         <path>/Applications/Texas-Instruments/ccsv6/tools/compiler/ti-cgt-msp430_4.4.3/lib/</path>
         <kind>archive</kind>
         <file>rts430x_lc_sd_eabi.lib</file>
         <name>mult64_f5hw.obj</name>
      </input_file>
      <input_file id="fl-9f">
         <path>/Applications/Texas-Instruments/ccsv6/tools/compiler/ti-cgt-msp430_4.4.3/lib/</path>
         <kind>archive</kind>
         <file>rts430x_lc_sd_eabi.lib</file>
         <name>pre_init.obj</name>
      </input_file>
      <input_file id="fl-a0">
         <path>/Applications/Texas-Instruments/ccsv6/tools/compiler/ti-cgt-msp430_4.4.3/lib/</path>
         <kind>archive</kind>
         <file>rts430x_lc_sd_eabi.lib</file>
         <name>strcat.obj</name>
      </input_file>
      <input_file id="fl-a1">
         <path>/Applications/Texas-Instruments/ccsv6/tools/compiler/ti-cgt-msp430_4.4.3/lib/</path>
         <kind>archive</kind>
         <file>rts430x_lc_sd_eabi.lib</file>
         <name>strcmp.obj</name>
      </input_file>
      <input_file id="fl-a2">
         <path>/Applications/Texas-Instruments/ccsv6/tools/compiler/ti-cgt-msp430_4.4.3/lib/</path>
         <kind>archive</kind>
         <file>rts430x_lc_sd_eabi.lib</file>
         <name>strtok.obj</name>
      </input_file>
      <input_file id="fl-a3">
         <path>/Applications/Texas-Instruments/ccsv6/tools/compiler/ti-cgt-msp430_4.4.3/lib/</path>
         <kind>archive</kind>
         <file>rts430x_lc_sd_eabi.lib</file>
         <name>_lock.obj</name>
      </input_file>
      <input_file id="fl-a4">
         <path>/Applications/Texas-Instruments/ccsv6/tools/compiler/ti-cgt-msp430_4.4.3/lib/</path>
         <kind>archive</kind>
         <file>rts430x_lc_sd_eabi.lib</file>
         <name>args_main.obj</name>
      </input_file>
      <input_file id="fl-a5">
         <path>/Applications/Texas-Instruments/ccsv6/tools/compiler/ti-cgt-msp430_4.4.3/lib/</path>
         <kind>archive</kind>
         <file>rts430x_lc_sd_eabi.lib</file>
         <name>autoinit_wdt.obj</name>
      </input_file>
      <input_file id="fl-a6">
         <path>/Applications/Texas-Instruments/ccsv6/tools/compiler/ti-cgt-msp430_4.4.3/lib/</path>
         <kind>archive</kind>
         <file>rts430x_lc_sd_eabi.lib</file>
         <name>strcspn.obj</name>
      </input_file>
      <input_file id="fl-a7">
         <path>/Applications/Texas-Instruments/ccsv6/tools/compiler/ti-cgt-msp430_4.4.3/lib/</path>
         <kind>archive</kind>
         <file>rts430x_lc_sd_eabi.lib</file>
         <name>strspn.obj</name>
      </input_file>
   </input_file_list>
   <object_component_list>
      <object_component id="oc-cd">
         <name>.stack</name>
         <uninitialized>true</uninitialized>
         <run_address>0x4360</run_address>
         <size>0x2</size>
         <input_file_ref idref="fl-74"/>
      </object_component>
      <object_component id="oc-625">
         <name>.stack</name>
         <uninitialized>true</uninitialized>
         <run_address>0x4360</run_address>
         <size>0x0</size>
      </object_component>
      <object_component id="oc-fb">
         <name>.text:_isr:ADC12ISR</name>
         <load_address>0x8000</load_address>
         <run_address>0x8000</run_address>
         <size>0x362</size>
         <input_file_ref idref="fl-3"/>
      </object_component>
      <object_component id="oc-35e">
         <name>.text:USBHID_receiveData</name>
         <load_address>0x8362</load_address>
         <run_address>0x8362</run_address>
         <size>0x1d8</size>
         <input_file_ref idref="fl-3f"/>
      </object_component>
      <object_component id="oc-23c">
         <name>.text:executeCommand</name>
         <load_address>0x853a</load_address>
         <run_address>0x853a</run_address>
         <size>0x1ae</size>
         <input_file_ref idref="fl-3"/>
      </object_component>
      <object_component id="oc-12d">
         <name>.text:main</name>
         <load_address>0x86e8</load_address>
         <run_address>0x86e8</run_address>
         <size>0x180</size>
         <input_file_ref idref="fl-3"/>
      </object_component>
      <object_component id="oc-164">
         <name>.text:HidToBufferFromHost</name>
         <load_address>0x8868</load_address>
         <run_address>0x8868</run_address>
         <size>0x122</size>
         <input_file_ref idref="fl-3f"/>
      </object_component>
      <object_component id="oc-1c4">
         <name>.text:sendStringWithEscapeSequence</name>
         <load_address>0x898a</load_address>
         <run_address>0x898a</run_address>
         <size>0x120</size>
         <input_file_ref idref="fl-3"/>
      </object_component>
      <object_component id="oc-ef">
         <name>.text:_isr:iUsbInterruptHandler</name>
         <load_address>0x8aaa</load_address>
         <run_address>0x8aaa</run_address>
         <size>0x11e</size>
         <input_file_ref idref="fl-37"/>
      </object_component>
      <object_component id="oc-1ac">
         <name>.text:HidToHostFromBuffer</name>
         <load_address>0x8bc8</load_address>
         <run_address>0x8bc8</run_address>
         <size>0xe8</size>
         <input_file_ref idref="fl-3f"/>
      </object_component>
      <object_component id="oc-182">
         <name>.text:USB_reset</name>
         <load_address>0x8cb0</load_address>
         <run_address>0x8cb0</run_address>
         <size>0xe6</size>
         <input_file_ref idref="fl-41"/>
      </object_component>
      <object_component id="oc-402">
         <name>.text:UCS_initFLL</name>
         <load_address>0x8d96</load_address>
         <run_address>0x8d96</run_address>
         <size>0xe2</size>
         <input_file_ref idref="fl-26"/>
      </object_component>
      <object_component id="oc-dd">
         <name>.text:__TI_decompress_rle_core</name>
         <load_address>0x8e78</load_address>
         <run_address>0x8e78</run_address>
         <size>0xd6</size>
         <input_file_ref idref="fl-77"/>
      </object_component>
      <object_component id="oc-294">
         <name>.text:USB_enable</name>
         <load_address>0x8f4e</load_address>
         <run_address>0x8f4e</run_address>
         <size>0xd2</size>
         <input_file_ref idref="fl-41"/>
      </object_component>
      <object_component id="oc-31d">
         <name>.text:PMM_setVCoreUp</name>
         <load_address>0x9020</load_address>
         <run_address>0x9020</run_address>
         <size>0xce</size>
         <input_file_ref idref="fl-18"/>
      </object_component>
      <object_component id="oc-364">
         <name>.text:USBHID_bytesInUSBBuffer</name>
         <load_address>0x90ee</load_address>
         <run_address>0x90ee</run_address>
         <size>0xc0</size>
         <input_file_ref idref="fl-3f"/>
      </object_component>
      <object_component id="oc-411">
         <name>.text:USB_InitSerialStringDescriptor</name>
         <load_address>0x91ae</load_address>
         <run_address>0x91ae</run_address>
         <size>0xb0</size>
         <input_file_ref idref="fl-41"/>
      </object_component>
      <object_component id="oc-2b4">
         <name>.text:USB_determineFreq</name>
         <load_address>0x925e</load_address>
         <run_address>0x925e</run_address>
         <size>0xae</size>
         <input_file_ref idref="fl-41"/>
      </object_component>
      <object_component id="oc-38a">
         <name>.text:USBHID_intfStatus</name>
         <load_address>0x930c</load_address>
         <run_address>0x930c</run_address>
         <size>0xa4</size>
         <input_file_ref idref="fl-3f"/>
      </object_component>
      <object_component id="oc-24e">
         <name>.text:USB_connectionState</name>
         <load_address>0x93b0</load_address>
         <run_address>0x93b0</run_address>
         <size>0x96</size>
         <input_file_ref idref="fl-41"/>
      </object_component>
      <object_component id="oc-317">
         <name>.text:PMM_setVCoreDown</name>
         <load_address>0x9446</load_address>
         <run_address>0x9446</run_address>
         <size>0x94</size>
         <input_file_ref idref="fl-18"/>
      </object_component>
      <object_component id="oc-331">
         <name>.text:UCS_clockSignalInit</name>
         <load_address>0x94da</load_address>
         <run_address>0x94da</run_address>
         <size>0x88</size>
         <input_file_ref idref="fl-26"/>
      </object_component>
      <object_component id="oc-258">
         <name>.text:usbDecodeAndProcessUsbRequest</name>
         <load_address>0x9562</load_address>
         <run_address>0x9562</run_address>
         <size>0x86</size>
         <input_file_ref idref="fl-41"/>
      </object_component>
      <object_component id="oc-349">
         <name>.text:USB_init</name>
         <load_address>0x95e8</load_address>
         <run_address>0x95e8</run_address>
         <size>0x84</size>
         <input_file_ref idref="fl-41"/>
      </object_component>
      <object_component id="oc-113">
         <name>.text:_auto_init_hold_wdt</name>
         <load_address>0x966c</load_address>
         <run_address>0x966c</run_address>
         <size>0x80</size>
         <input_file_ref idref="fl-a5"/>
      </object_component>
      <object_component id="oc-211">
         <name>.text:initPorts</name>
         <load_address>0x96ec</load_address>
         <run_address>0x96ec</run_address>
         <size>0x7c</size>
         <input_file_ref idref="fl-2"/>
      </object_component>
      <object_component id="oc-2e4">
         <name>.text:usbSendNextPacketOnIEP0</name>
         <load_address>0x9768</load_address>
         <run_address>0x9768</run_address>
         <size>0x70</size>
         <input_file_ref idref="fl-41"/>
      </object_component>
      <object_component id="oc-390">
         <name>.text:USBHID_sendData</name>
         <load_address>0x97d8</load_address>
         <run_address>0x97d8</run_address>
         <size>0x6e</size>
         <input_file_ref idref="fl-3f"/>
      </object_component>
      <object_component id="oc-18e">
         <name>.text:PWRVBUSoffHandler</name>
         <load_address>0x9846</load_address>
         <run_address>0x9846</run_address>
         <size>0x6a</size>
         <input_file_ref idref="fl-37"/>
      </object_component>
      <object_component id="oc-242">
         <name>.text:hidSendDataInBackground</name>
         <load_address>0x98b0</load_address>
         <run_address>0x98b0</run_address>
         <size>0x6a</size>
         <input_file_ref idref="fl-39"/>
      </object_component>
      <object_component id="oc-48f">
         <name>.text:usbGetEndpointStatus</name>
         <load_address>0x991a</load_address>
         <run_address>0x991a</run_address>
         <size>0x6a</size>
         <input_file_ref idref="fl-41"/>
      </object_component>
      <object_component id="oc-287">
         <name>.text:HidCopyUsbToBuff</name>
         <load_address>0x9984</load_address>
         <run_address>0x9984</run_address>
         <size>0x60</size>
         <input_file_ref idref="fl-3f"/>
      </object_component>
      <object_component id="oc-19a">
         <name>.text:PWRVBUSonHandler</name>
         <load_address>0x99e4</load_address>
         <run_address>0x99e4</run_address>
         <size>0x5e</size>
         <input_file_ref idref="fl-37"/>
      </object_component>
      <object_component id="oc-1ca">
         <name>.text:setupOperationMode</name>
         <load_address>0x9a42</load_address>
         <run_address>0x9a42</run_address>
         <size>0x5e</size>
         <input_file_ref idref="fl-3"/>
      </object_component>
      <object_component id="oc-4e3">
         <name>.text:memcpyDMA</name>
         <load_address>0x9aa0</load_address>
         <run_address>0x9aa0</run_address>
         <size>0x5a</size>
         <input_file_ref idref="fl-42"/>
      </object_component>
      <object_component id="oc-337">
         <name>.text</name>
         <load_address>0x9afa</load_address>
         <run_address>0x9afa</run_address>
         <size>0x58</size>
         <input_file_ref idref="fl-7d"/>
      </object_component>
      <object_component id="oc-549">
         <name>.text:DMA_initialize</name>
         <load_address>0x9b52</load_address>
         <run_address>0x9b52</run_address>
         <size>0x56</size>
         <input_file_ref idref="fl-b"/>
      </object_component>
      <object_component id="oc-4a7">
         <name>.text:usbSetEndpointFeature</name>
         <load_address>0x9ba8</load_address>
         <run_address>0x9ba8</run_address>
         <size>0x52</size>
         <input_file_ref idref="fl-41"/>
      </object_component>
      <object_component id="oc-477">
         <name>.text:usbGetStringDescriptor</name>
         <load_address>0x9bfa</load_address>
         <run_address>0x9bfa</run_address>
         <size>0x4e</size>
         <input_file_ref idref="fl-41"/>
      </object_component>
      <object_component id="oc-4dd">
         <name>.text:DMA_init</name>
         <load_address>0x9c48</load_address>
         <run_address>0x9c48</run_address>
         <size>0x4c</size>
         <input_file_ref idref="fl-b"/>
      </object_component>
      <object_component id="oc-20b">
         <name>.text:PMM_setVCore</name>
         <load_address>0x9c94</load_address>
         <run_address>0x9c94</run_address>
         <size>0x4a</size>
         <input_file_ref idref="fl-18"/>
      </object_component>
      <object_component id="oc-21d">
         <name>.text:USB_setup</name>
         <load_address>0x9cde</load_address>
         <run_address>0x9cde</run_address>
         <size>0x4a</size>
         <input_file_ref idref="fl-41"/>
      </object_component>
      <object_component id="oc-236">
         <name>.text:strtok</name>
         <load_address>0x9d28</load_address>
         <run_address>0x9d28</run_address>
         <size>0x4a</size>
         <input_file_ref idref="fl-a2"/>
      </object_component>
      <object_component id="oc-2d7">
         <name>.text:usbReceiveNextPacketOnOEP0</name>
         <load_address>0x9d72</load_address>
         <run_address>0x9d72</run_address>
         <size>0x4a</size>
         <input_file_ref idref="fl-41"/>
      </object_component>
      <object_component id="oc-14f">
         <name>.text:SetupPacketInterruptHandler</name>
         <load_address>0x9dbc</load_address>
         <run_address>0x9dbc</run_address>
         <size>0x48</size>
         <input_file_ref idref="fl-37"/>
      </object_component>
      <object_component id="oc-4d0">
         <name>.text:TLV_getInfo</name>
         <load_address>0x9e04</load_address>
         <run_address>0x9e04</run_address>
         <size>0x48</size>
         <input_file_ref idref="fl-25"/>
      </object_component>
      <object_component id="oc-230">
         <name>.text:hidReceiveDataInBuffer</name>
         <load_address>0x9e4c</load_address>
         <run_address>0x9e4c</run_address>
         <size>0x48</size>
         <input_file_ref idref="fl-39"/>
      </object_component>
      <object_component id="oc-45f">
         <name>.text:usbClearEndpointFeature</name>
         <load_address>0x9e94</load_address>
         <run_address>0x9e94</run_address>
         <size>0x46</size>
         <input_file_ref idref="fl-41"/>
      </object_component>
      <object_component id="oc-3bd">
         <name>.text:UCS_XT2StartWithTimeout</name>
         <load_address>0x9eda</load_address>
         <run_address>0x9eda</run_address>
         <size>0x40</size>
         <input_file_ref idref="fl-26"/>
      </object_component>
      <object_component id="oc-417">
         <name>.text:USB_initMemcpy</name>
         <load_address>0x9f1a</load_address>
         <run_address>0x9f1a</run_address>
         <size>0x40</size>
         <input_file_ref idref="fl-42"/>
      </object_component>
      <object_component id="oc-d1">
         <name>.text:__memcpy_far</name>
         <load_address>0x9f5a</load_address>
         <run_address>0x9f5a</run_address>
         <size>0x40</size>
         <input_file_ref idref="fl-79"/>
      </object_component>
      <object_component id="oc-101">
         <name>.text:_isr:UNMI_ISR</name>
         <load_address>0x9f9a</load_address>
         <run_address>0x9f9a</run_address>
         <size>0x3e</size>
         <input_file_ref idref="fl-3"/>
      </object_component>
      <object_component id="oc-8b">
         <name>.text:decompress:ZI:__TI_zero_init</name>
         <load_address>0x9fd8</load_address>
         <run_address>0x9fd8</run_address>
         <size>0x3e</size>
         <input_file_ref idref="fl-78"/>
      </object_component>
      <object_component id="oc-217">
         <name>.text:initClocks</name>
         <load_address>0xa016</load_address>
         <run_address>0xa016</run_address>
         <size>0x3e</size>
         <input_file_ref idref="fl-2"/>
      </object_component>
      <object_component id="oc-33c">
         <name>.text:l_lsr_const</name>
         <load_address>0xa054</load_address>
         <run_address>0xa054</run_address>
         <size>0x3e</size>
         <input_file_ref idref="fl-94"/>
      </object_component>
      <object_component id="oc-1b2">
         <name>.text:OEP0InterruptHandler</name>
         <load_address>0xa092</load_address>
         <run_address>0xa092</run_address>
         <size>0x3c</size>
         <input_file_ref idref="fl-37"/>
      </object_component>
      <object_component id="oc-69">
         <name>.text:decompress:none:__TI_decompress_none</name>
         <load_address>0xa0ce</load_address>
         <run_address>0xa0ce</run_address>
         <size>0x3c</size>
         <input_file_ref idref="fl-76"/>
      </object_component>
      <object_component id="oc-248">
         <name>.text:USBHID_abortSend</name>
         <load_address>0xa10a</load_address>
         <run_address>0xa10a</run_address>
         <size>0x36</size>
         <input_file_ref idref="fl-3f"/>
      </object_component>
      <object_component id="oc-495">
         <name>.text:usbSetAddress</name>
         <load_address>0xa140</load_address>
         <run_address>0xa140</run_address>
         <size>0x34</size>
         <input_file_ref idref="fl-41"/>
      </object_component>
      <object_component id="oc-341">
         <name>.text:UCS_initFLLSettle</name>
         <load_address>0xa174</load_address>
         <run_address>0xa174</run_address>
         <size>0x32</size>
         <input_file_ref idref="fl-26"/>
      </object_component>
      <object_component id="oc-34f">
         <name>.text:USB_connectionInfo</name>
         <load_address>0xa1a6</load_address>
         <run_address>0xa1a6</run_address>
         <size>0x32</size>
         <input_file_ref idref="fl-41"/>
      </object_component>
      <object_component id="oc-176">
         <name>.text:USB_suspend</name>
         <load_address>0xa1d8</load_address>
         <run_address>0xa1d8</run_address>
         <size>0x30</size>
         <input_file_ref idref="fl-41"/>
      </object_component>
      <object_component id="oc-223">
         <name>.text:defaultSetupADC</name>
         <load_address>0xa208</load_address>
         <run_address>0xa208</run_address>
         <size>0x30</size>
         <input_file_ref idref="fl-3"/>
      </object_component>
      <object_component id="oc-49b">
         <name>.text:usbSetConfiguration</name>
         <load_address>0xa238</load_address>
         <run_address>0xa238</run_address>
         <size>0x30</size>
         <input_file_ref idref="fl-41"/>
      </object_component>
      <object_component id="oc-483">
         <name>.text:usbGetDeviceStatus</name>
         <load_address>0xa268</load_address>
         <run_address>0xa268</run_address>
         <size>0x2a</size>
         <input_file_ref idref="fl-41"/>
      </object_component>
      <object_component id="oc-447">
         <name>.text:usbSetReport</name>
         <load_address>0xa292</load_address>
         <run_address>0xa292</run_address>
         <size>0x2a</size>
         <input_file_ref idref="fl-40"/>
      </object_component>
      <object_component id="oc-375">
         <name>.text:strcspn</name>
         <load_address>0xa2bc</load_address>
         <run_address>0xa2bc</run_address>
         <size>0x28</size>
         <input_file_ref idref="fl-a6"/>
      </object_component>
      <object_component id="oc-36f">
         <name>.text:strspn</name>
         <load_address>0xa2e4</load_address>
         <run_address>0xa2e4</run_address>
         <size>0x28</size>
         <input_file_ref idref="fl-a7"/>
      </object_component>
      <object_component id="oc-562">
         <name>.text:DMA_setDstAddress</name>
         <load_address>0xa30c</load_address>
         <run_address>0xa30c</run_address>
         <size>0x26</size>
         <input_file_ref idref="fl-b"/>
      </object_component>
      <object_component id="oc-441">
         <name>.text:usbGetReport</name>
         <load_address>0xa332</load_address>
         <run_address>0xa332</run_address>
         <size>0x26</size>
         <input_file_ref idref="fl-40"/>
      </object_component>
      <object_component id="oc-55c">
         <name>.text:DMA_setSrcAddress</name>
         <load_address>0xa358</load_address>
         <run_address>0xa358</run_address>
         <size>0x24</size>
         <input_file_ref idref="fl-b"/>
      </object_component>
      <object_component id="oc-459">
         <name>.text:usbClearDeviceFeature</name>
         <load_address>0xa37c</load_address>
         <run_address>0xa37c</run_address>
         <size>0x24</size>
         <input_file_ref idref="fl-41"/>
      </object_component>
      <object_component id="oc-4a1">
         <name>.text:usbSetDeviceFeature</name>
         <load_address>0xa3a0</load_address>
         <run_address>0xa3a0</run_address>
         <size>0x24</size>
         <input_file_ref idref="fl-41"/>
      </object_component>
      <object_component id="oc-1d9">
         <name>.text:USB_disable</name>
         <load_address>0xa3c4</load_address>
         <run_address>0xa3c4</run_address>
         <size>0x22</size>
         <input_file_ref idref="fl-41"/>
      </object_component>
      <object_component id="oc-2c5">
         <name>.text:USB_disconnect</name>
         <load_address>0xa3e6</load_address>
         <run_address>0xa3e6</run_address>
         <size>0x22</size>
         <input_file_ref idref="fl-41"/>
      </object_component>
      <object_component id="oc-2ac">
         <name>.text:HidResetData</name>
         <load_address>0xa408</load_address>
         <run_address>0xa408</run_address>
         <size>0x20</size>
         <input_file_ref idref="fl-3f"/>
      </object_component>
      <object_component id="oc-4fa">
         <name>.text:usbSendDataPacketOnEP0</name>
         <load_address>0xa428</load_address>
         <run_address>0xa428</run_address>
         <size>0x20</size>
         <input_file_ref idref="fl-41"/>
      </object_component>
      <object_component id="oc-453">
         <name>.text:usbGetHidDescriptor</name>
         <load_address>0xa448</load_address>
         <run_address>0xa448</run_address>
         <size>0x1e</size>
         <input_file_ref idref="fl-40"/>
      </object_component>
      <object_component id="oc-47d">
         <name>.text:usbGetInterface</name>
         <load_address>0xa466</load_address>
         <run_address>0xa466</run_address>
         <size>0x1e</size>
         <input_file_ref idref="fl-41"/>
      </object_component>
      <object_component id="oc-489">
         <name>.text:usbGetInterfaceStatus</name>
         <load_address>0xa484</load_address>
         <run_address>0xa484</run_address>
         <size>0x1e</size>
         <input_file_ref idref="fl-41"/>
      </object_component>
      <object_component id="oc-1b8">
         <name>.text:IEP0InterruptHandler</name>
         <load_address>0xa4a2</load_address>
         <run_address>0xa4a2</run_address>
         <size>0x1c</size>
         <input_file_ref idref="fl-37"/>
      </object_component>
      <object_component id="oc-397">
         <name>.text:usbDisableInEndpointInterrupt</name>
         <load_address>0xa4be</load_address>
         <run_address>0xa4be</run_address>
         <size>0x1c</size>
         <input_file_ref idref="fl-41"/>
      </object_component>
      <object_component id="oc-421">
         <name>.text:usbDisableOutEndpointInterrupt</name>
         <load_address>0xa4da</load_address>
         <run_address>0xa4da</run_address>
         <size>0x1c</size>
         <input_file_ref idref="fl-41"/>
      </object_component>
      <object_component id="oc-324">
         <name>.text:GPIO_setAsOutputPin</name>
         <load_address>0xa4f6</load_address>
         <run_address>0xa4f6</run_address>
         <size>0x1a</size>
         <input_file_ref idref="fl-14"/>
      </object_component>
      <object_component id="oc-3b7">
         <name>.text:GPIO_setAsPeripheralModuleFunctionOutputPin</name>
         <load_address>0xa510</load_address>
         <run_address>0xa510</run_address>
         <size>0x1a</size>
         <input_file_ref idref="fl-14"/>
      </object_component>
      <object_component id="oc-2be">
         <name>.text:USB_connect</name>
         <load_address>0xa52a</load_address>
         <run_address>0xa52a</run_address>
         <size>0x1a</size>
         <input_file_ref idref="fl-41"/>
      </object_component>
      <object_component id="oc-a9">
         <name>.text:_isr:_c_int00_noargs_noexit</name>
         <load_address>0xa544</load_address>
         <run_address>0xa544</run_address>
         <size>0x1a</size>
         <input_file_ref idref="fl-75"/>
      </object_component>
      <object_component id="oc-4d7">
         <name>.text:memcpyV</name>
         <load_address>0xa55e</load_address>
         <run_address>0xa55e</run_address>
         <size>0x1a</size>
         <input_file_ref idref="fl-42"/>
      </object_component>
      <object_component id="oc-383">
         <name>.text:strcat</name>
         <load_address>0xa578</load_address>
         <run_address>0xa578</run_address>
         <size>0x1a</size>
         <input_file_ref idref="fl-a0"/>
      </object_component>
      <object_component id="oc-4ad">
         <name>.text:usbSetInterface</name>
         <load_address>0xa592</load_address>
         <run_address>0xa592</run_address>
         <size>0x1a</size>
         <input_file_ref idref="fl-41"/>
      </object_component>
      <object_component id="oc-16a">
         <name>.text:USB_resume</name>
         <load_address>0xa5ac</load_address>
         <run_address>0xa5ac</run_address>
         <size>0x18</size>
         <input_file_ref idref="fl-41"/>
      </object_component>
      <object_component id="oc-205">
         <name>.text:WDT_A_hold</name>
         <load_address>0xa5c4</load_address>
         <run_address>0xa5c4</run_address>
         <size>0x18</size>
         <input_file_ref idref="fl-2e"/>
      </object_component>
      <object_component id="oc-37d">
         <name>.text:strcmp</name>
         <load_address>0xa5dc</load_address>
         <run_address>0xa5dc</run_address>
         <size>0x18</size>
         <input_file_ref idref="fl-a1"/>
      </object_component>
      <object_component id="oc-44d">
         <name>.text:usbGetReportDescriptor</name>
         <load_address>0xa5f4</load_address>
         <run_address>0xa5f4</run_address>
         <size>0x18</size>
         <input_file_ref idref="fl-40"/>
      </object_component>
      <object_component id="oc-32a">
         <name>.text:GPIO_setOutputLowOnPin</name>
         <load_address>0xa60c</load_address>
         <run_address>0xa60c</run_address>
         <size>0x16</size>
         <input_file_ref idref="fl-14"/>
      </object_component>
      <object_component id="oc-3d1">
         <name>.text</name>
         <load_address>0xa622</load_address>
         <run_address>0xa622</run_address>
         <size>0x16</size>
         <input_file_ref idref="fl-7b"/>
      </object_component>
      <object_component id="oc-3d6">
         <name>.text</name>
         <load_address>0xa638</load_address>
         <run_address>0xa638</run_address>
         <size>0x16</size>
         <input_file_ref idref="fl-9a"/>
      </object_component>
      <object_component id="oc-471">
         <name>.text:usbGetConfigurationDescriptor</name>
         <load_address>0xa64e</load_address>
         <run_address>0xa64e</run_address>
         <size>0x16</size>
         <input_file_ref idref="fl-41"/>
      </object_component>
      <object_component id="oc-46b">
         <name>.text:usbGetDeviceDescriptor</name>
         <load_address>0xa664</load_address>
         <run_address>0xa664</run_address>
         <size>0x16</size>
         <input_file_ref idref="fl-41"/>
      </object_component>
      <object_component id="oc-1a0">
         <name>.text:USB_handleVbusOnEvent</name>
         <load_address>0xa67a</load_address>
         <run_address>0xa67a</run_address>
         <size>0x14</size>
         <input_file_ref idref="fl-3a"/>
      </object_component>
      <object_component id="oc-22a">
         <name>.text:memset</name>
         <load_address>0xa68e</load_address>
         <run_address>0xa68e</run_address>
         <size>0x14</size>
         <input_file_ref idref="fl-96"/>
      </object_component>
      <object_component id="oc-465">
         <name>.text:usbGetConfiguration</name>
         <load_address>0xa6a2</load_address>
         <run_address>0xa6a2</run_address>
         <size>0x14</size>
         <input_file_ref idref="fl-41"/>
      </object_component>
      <object_component id="oc-509">
         <name>.text:usbReceiveDataPacketOnEP0</name>
         <load_address>0xa6b6</load_address>
         <run_address>0xa6b6</run_address>
         <size>0x14</size>
         <input_file_ref idref="fl-41"/>
      </object_component>
      <object_component id="oc-155">
         <name>.text:HidIsReceiveInProgress</name>
         <load_address>0xa6ca</load_address>
         <run_address>0xa6ca</run_address>
         <size>0x12</size>
         <input_file_ref idref="fl-3f"/>
      </object_component>
      <object_component id="oc-543">
         <name>.text:memcpy</name>
         <load_address>0xa6dc</load_address>
         <run_address>0xa6dc</run_address>
         <size>0x12</size>
         <input_file_ref idref="fl-95"/>
      </object_component>
      <object_component id="oc-4b3">
         <name>.text:usbInvalidRequest</name>
         <load_address>0xa6ee</load_address>
         <run_address>0xa6ee</run_address>
         <size>0x12</size>
         <input_file_ref idref="fl-41"/>
      </object_component>
      <object_component id="oc-6f">
         <name>.text:decompress:rle24:__TI_decompress_rle24</name>
         <load_address>0xa700</load_address>
         <run_address>0xa700</run_address>
         <size>0xe</size>
         <input_file_ref idref="fl-77"/>
      </object_component>
      <object_component id="oc-580">
         <name>.text:DMA_getInterruptStatus</name>
         <load_address>0xa70e</load_address>
         <run_address>0xa70e</run_address>
         <size>0xc</size>
         <input_file_ref idref="fl-b"/>
      </object_component>
      <object_component id="oc-1a6">
         <name>.text:USB_handleClockEvent</name>
         <load_address>0xa71a</load_address>
         <run_address>0xa71a</run_address>
         <size>0xc</size>
         <input_file_ref idref="fl-3a"/>
      </object_component>
      <object_component id="oc-586">
         <name>.text:DMA_disableTransfers</name>
         <load_address>0xa726</load_address>
         <run_address>0xa726</run_address>
         <size>0xa</size>
         <input_file_ref idref="fl-b"/>
      </object_component>
      <object_component id="oc-574">
         <name>.text:DMA_enableTransfers</name>
         <load_address>0xa730</load_address>
         <run_address>0xa730</run_address>
         <size>0xa</size>
         <input_file_ref idref="fl-b"/>
      </object_component>
      <object_component id="oc-3cc">
         <name>.text</name>
         <load_address>0xa73a</load_address>
         <run_address>0xa73a</run_address>
         <size>0xa</size>
         <input_file_ref idref="fl-92"/>
      </object_component>
      <object_component id="oc-3db">
         <name>.text</name>
         <load_address>0xa744</load_address>
         <run_address>0xa744</run_address>
         <size>0xa</size>
         <input_file_ref idref="fl-93"/>
      </object_component>
      <object_component id="oc-56e">
         <name>.text:DMA_setTransferSize</name>
         <load_address>0xa74e</load_address>
         <run_address>0xa74e</run_address>
         <size>0x8</size>
         <input_file_ref idref="fl-b"/>
      </object_component>
      <object_component id="oc-57a">
         <name>.text:DMA_startTransfer</name>
         <load_address>0xa756</load_address>
         <run_address>0xa756</run_address>
         <size>0x8</size>
         <input_file_ref idref="fl-b"/>
      </object_component>
      <object_component id="oc-29f">
         <name>.text:UCS_XT2Off</name>
         <load_address>0xa75e</load_address>
         <run_address>0xa75e</run_address>
         <size>0x8</size>
         <input_file_ref idref="fl-26"/>
      </object_component>
      <object_component id="oc-15e">
         <name>.text:USBHID_handleDataReceived</name>
         <load_address>0xa766</load_address>
         <run_address>0xa766</run_address>
         <size>0x8</size>
         <input_file_ref idref="fl-3a"/>
      </object_component>
      <object_component id="oc-2cd">
         <name>.text:USBHID_handleSendCompleted</name>
         <load_address>0xa76e</load_address>
         <run_address>0xa76e</run_address>
         <size>0x8</size>
         <input_file_ref idref="fl-3a"/>
      </object_component>
      <object_component id="oc-f5">
         <name>.text:_isr:TIMER0_A0_ISR</name>
         <load_address>0xa776</load_address>
         <run_address>0xa776</run_address>
         <size>0x8</size>
         <input_file_ref idref="fl-3"/>
      </object_component>
      <object_component id="oc-556">
         <name>.text:DMA_disableTransferDuringReadModifyWrite</name>
         <load_address>0xa77e</load_address>
         <run_address>0xa77e</run_address>
         <size>0x6</size>
         <input_file_ref idref="fl-b"/>
      </object_component>
      <object_component id="oc-568">
         <name>.text:DMA_enableTransferDuringReadModifyWrite</name>
         <load_address>0xa784</load_address>
         <run_address>0xa784</run_address>
         <size>0x6</size>
         <input_file_ref idref="fl-b"/>
      </object_component>
      <object_component id="oc-1e5">
         <name>.text:SFR_clearInterrupt</name>
         <load_address>0xa78a</load_address>
         <run_address>0xa78a</run_address>
         <size>0x6</size>
         <input_file_ref idref="fl-1f"/>
      </object_component>
      <object_component id="oc-1df">
         <name>.text:UCS_clearFaultFlag</name>
         <load_address>0xa790</load_address>
         <run_address>0xa790</run_address>
         <size>0x6</size>
         <input_file_ref idref="fl-26"/>
      </object_component>
      <object_component id="oc-40b">
         <name>.text:USB_getVersion</name>
         <load_address>0xa796</load_address>
         <run_address>0xa796</run_address>
         <size>0x6</size>
         <input_file_ref idref="fl-41"/>
      </object_component>
      <object_component id="oc-ea">
         <name>.text:_isr:__TI_ISR_TRAP</name>
         <load_address>0xa79c</load_address>
         <run_address>0xa79c</run_address>
         <size>0x6</size>
         <input_file_ref idref="fl-91"/>
      </object_component>
      <object_component id="oc-517">
         <name>.text:usbClearOEP0ByteCount</name>
         <load_address>0xa7a2</load_address>
         <run_address>0xa7a2</run_address>
         <size>0x6</size>
         <input_file_ref idref="fl-41"/>
      </object_component>
      <object_component id="oc-39d">
         <name>.text:usbRestoreInEndpointInterrupt</name>
         <load_address>0xa7a8</load_address>
         <run_address>0xa7a8</run_address>
         <size>0x6</size>
         <input_file_ref idref="fl-41"/>
      </object_component>
      <object_component id="oc-427">
         <name>.text:usbRestoreOutEndpointInterrupt</name>
         <load_address>0xa7ae</load_address>
         <run_address>0xa7ae</run_address>
         <size>0x6</size>
         <input_file_ref idref="fl-41"/>
      </object_component>
      <object_component id="oc-4f4">
         <name>.text:USBHID_handleEP0GetReport</name>
         <load_address>0xa7b4</load_address>
         <run_address>0xa7b4</run_address>
         <size>0x4</size>
         <input_file_ref idref="fl-3a"/>
      </object_component>
      <object_component id="oc-502">
         <name>.text:USBHID_handleEP0SetReport</name>
         <load_address>0xa7b8</load_address>
         <run_address>0xa7b8</run_address>
         <size>0x4</size>
         <input_file_ref idref="fl-3a"/>
      </object_component>
      <object_component id="oc-2dd">
         <name>.text:USBHID_handleEP0SetReportDataAvailable</name>
         <load_address>0xa7bc</load_address>
         <run_address>0xa7bc</run_address>
         <size>0x4</size>
         <input_file_ref idref="fl-3a"/>
      </object_component>
      <object_component id="oc-28d">
         <name>.text:USBHID_handleReceiveCompleted</name>
         <load_address>0xa7c0</load_address>
         <run_address>0xa7c0</run_address>
         <size>0x4</size>
         <input_file_ref idref="fl-3a"/>
      </object_component>
      <object_component id="oc-532">
         <name>.text:USB_handleEnumCompleteEvent</name>
         <load_address>0xa7c4</load_address>
         <run_address>0xa7c4</run_address>
         <size>0x4</size>
         <input_file_ref idref="fl-3a"/>
      </object_component>
      <object_component id="oc-188">
         <name>.text:USB_handleResetEvent</name>
         <load_address>0xa7c8</load_address>
         <run_address>0xa7c8</run_address>
         <size>0x4</size>
         <input_file_ref idref="fl-3a"/>
      </object_component>
      <object_component id="oc-170">
         <name>.text:USB_handleResumeEvent</name>
         <load_address>0xa7cc</load_address>
         <run_address>0xa7cc</run_address>
         <size>0x4</size>
         <input_file_ref idref="fl-3a"/>
      </object_component>
      <object_component id="oc-17c">
         <name>.text:USB_handleSuspendEvent</name>
         <load_address>0xa7d0</load_address>
         <run_address>0xa7d0</run_address>
         <size>0x4</size>
         <input_file_ref idref="fl-3a"/>
      </object_component>
      <object_component id="oc-194">
         <name>.text:USB_handleVbusOffEvent</name>
         <load_address>0xa7d4</load_address>
         <run_address>0xa7d4</run_address>
         <size>0x4</size>
         <input_file_ref idref="fl-3a"/>
      </object_component>
      <object_component id="oc-10d">
         <name>.text:_system_pre_init</name>
         <load_address>0xa7d8</load_address>
         <run_address>0xa7d8</run_address>
         <size>0x4</size>
         <input_file_ref idref="fl-9f"/>
      </object_component>
      <object_component id="oc-135">
         <name>.text:abort</name>
         <load_address>0xa7dc</load_address>
         <run_address>0xa7dc</run_address>
         <size>0x4</size>
         <input_file_ref idref="fl-7e"/>
      </object_component>
      <object_component id="oc-624">
         <name>.cinit..data.load</name>
         <load_address>0xaafa</load_address>
         <run_address>0xaafa</run_address>
         <size>0x29</size>
      </object_component>
      <object_component id="oc-621">
         <name>__TI_handler_table</name>
         <load_address>0xab24</load_address>
         <run_address>0xab24</run_address>
         <size>0xc</size>
      </object_component>
      <object_component id="oc-623">
         <name>.cinit..bss.load</name>
         <load_address>0xab30</load_address>
         <run_address>0xab30</run_address>
         <size>0x6</size>
      </object_component>
      <object_component id="oc-622">
         <name>__TI_cinit_table</name>
         <load_address>0xab36</load_address>
         <run_address>0xab36</run_address>
         <size>0x10</size>
      </object_component>
      <object_component id="oc-3a5">
         <name>.const:tUsbRequestList</name>
         <load_address>0xa7e0</load_address>
         <run_address>0xa7e0</run_address>
         <size>0x118</size>
         <input_file_ref idref="fl-38"/>
      </object_component>
      <object_component id="oc-1c3">
         <name>.const:.string</name>
         <load_address>0xa8f8</load_address>
         <run_address>0xa8f8</run_address>
         <size>0xaa</size>
         <input_file_ref idref="fl-3"/>
      </object_component>
      <object_component id="oc-529">
         <name>.const:.string:abromStringDescriptor</name>
         <load_address>0xa9a2</load_address>
         <run_address>0xa9a2</run_address>
         <size>0xa0</size>
         <input_file_ref idref="fl-38"/>
      </object_component>
      <object_component id="oc-51d">
         <name>.const</name>
         <load_address>0xaa42</load_address>
         <run_address>0xaa42</run_address>
         <size>0x29</size>
         <input_file_ref idref="fl-38"/>
      </object_component>
      <object_component id="oc-596">
         <name>.const:.string:report_desc_HID0</name>
         <load_address>0xaa6c</load_address>
         <run_address>0xaa6c</run_address>
         <size>0x24</size>
         <input_file_ref idref="fl-38"/>
      </object_component>
      <object_component id="oc-3c4">
         <name>.const:.string</name>
         <load_address>0xaa90</load_address>
         <run_address>0xaa90</run_address>
         <size>0x20</size>
         <input_file_ref idref="fl-41"/>
      </object_component>
      <object_component id="oc-3f9">
         <name>.const:GPIO_PORT_TO_BASE</name>
         <load_address>0xaab0</load_address>
         <run_address>0xaab0</run_address>
         <size>0x1c</size>
         <input_file_ref idref="fl-14"/>
      </object_component>
      <object_component id="oc-524">
         <name>.const:.string:abromDeviceDescriptor</name>
         <load_address>0xaacc</load_address>
         <run_address>0xaacc</run_address>
         <size>0x12</size>
         <input_file_ref idref="fl-38"/>
      </object_component>
      <object_component id="oc-284">
         <name>.const:stUsbHandle</name>
         <load_address>0xaade</load_address>
         <run_address>0xaade</run_address>
         <size>0x10</size>
         <input_file_ref idref="fl-38"/>
      </object_component>
      <object_component id="oc-540">
         <name>.const</name>
         <load_address>0xaaee</load_address>
         <run_address>0xaaee</run_address>
         <size>0xa</size>
         <input_file_ref idref="fl-b"/>
      </object_component>
      <object_component id="oc-510">
         <name>.const:report_desc_size</name>
         <load_address>0xaaf8</load_address>
         <run_address>0xaaf8</run_address>
         <size>0x2</size>
         <input_file_ref idref="fl-38"/>
      </object_component>
      <object_component id="oc-75">
         <name>.int41</name>
         <load_address>0xffd2</load_address>
         <run_address>0xffd2</run_address>
         <size>0x2</size>
         <input_file_ref idref="fl-7f"/>
      </object_component>
      <object_component id="oc-76">
         <name>.int42</name>
         <load_address>0xffd4</load_address>
         <run_address>0xffd4</run_address>
         <size>0x2</size>
         <input_file_ref idref="fl-80"/>
      </object_component>
      <object_component id="oc-77">
         <name>.int43</name>
         <load_address>0xffd6</load_address>
         <run_address>0xffd6</run_address>
         <size>0x2</size>
         <input_file_ref idref="fl-81"/>
      </object_component>
      <object_component id="oc-78">
         <name>.int44</name>
         <load_address>0xffd8</load_address>
         <run_address>0xffd8</run_address>
         <size>0x2</size>
         <input_file_ref idref="fl-82"/>
      </object_component>
      <object_component id="oc-79">
         <name>.int45</name>
         <load_address>0xffda</load_address>
         <run_address>0xffda</run_address>
         <size>0x2</size>
         <input_file_ref idref="fl-83"/>
      </object_component>
      <object_component id="oc-7a">
         <name>.int46</name>
         <load_address>0xffdc</load_address>
         <run_address>0xffdc</run_address>
         <size>0x2</size>
         <input_file_ref idref="fl-84"/>
      </object_component>
      <object_component id="oc-7b">
         <name>.int47</name>
         <load_address>0xffde</load_address>
         <run_address>0xffde</run_address>
         <size>0x2</size>
         <input_file_ref idref="fl-85"/>
      </object_component>
      <object_component id="oc-7c">
         <name>.int48</name>
         <load_address>0xffe0</load_address>
         <run_address>0xffe0</run_address>
         <size>0x2</size>
         <input_file_ref idref="fl-86"/>
      </object_component>
      <object_component id="oc-7d">
         <name>.int49</name>
         <load_address>0xffe2</load_address>
         <run_address>0xffe2</run_address>
         <size>0x2</size>
         <input_file_ref idref="fl-87"/>
      </object_component>
      <object_component id="oc-7e">
         <name>.int50</name>
         <load_address>0xffe4</load_address>
         <run_address>0xffe4</run_address>
         <size>0x2</size>
         <input_file_ref idref="fl-88"/>
      </object_component>
      <object_component id="oc-7f">
         <name>.int51</name>
         <load_address>0xffe6</load_address>
         <run_address>0xffe6</run_address>
         <size>0x2</size>
         <input_file_ref idref="fl-37"/>
      </object_component>
      <object_component id="oc-80">
         <name>.int52</name>
         <load_address>0xffe8</load_address>
         <run_address>0xffe8</run_address>
         <size>0x2</size>
         <input_file_ref idref="fl-89"/>
      </object_component>
      <object_component id="oc-81">
         <name>.int53</name>
         <load_address>0xffea</load_address>
         <run_address>0xffea</run_address>
         <size>0x2</size>
         <input_file_ref idref="fl-3"/>
      </object_component>
      <object_component id="oc-82">
         <name>.int54</name>
         <load_address>0xffec</load_address>
         <run_address>0xffec</run_address>
         <size>0x2</size>
         <input_file_ref idref="fl-3"/>
      </object_component>
      <object_component id="oc-83">
         <name>.int55</name>
         <load_address>0xffee</load_address>
         <run_address>0xffee</run_address>
         <size>0x2</size>
         <input_file_ref idref="fl-8a"/>
      </object_component>
      <object_component id="oc-84">
         <name>.int56</name>
         <load_address>0xfff0</load_address>
         <run_address>0xfff0</run_address>
         <size>0x2</size>
         <input_file_ref idref="fl-8b"/>
      </object_component>
      <object_component id="oc-85">
         <name>.int57</name>
         <load_address>0xfff2</load_address>
         <run_address>0xfff2</run_address>
         <size>0x2</size>
         <input_file_ref idref="fl-8c"/>
      </object_component>
      <object_component id="oc-86">
         <name>.int58</name>
         <load_address>0xfff4</load_address>
         <run_address>0xfff4</run_address>
         <size>0x2</size>
         <input_file_ref idref="fl-8d"/>
      </object_component>
      <object_component id="oc-87">
         <name>.int59</name>
         <load_address>0xfff6</load_address>
         <run_address>0xfff6</run_address>
         <size>0x2</size>
         <input_file_ref idref="fl-8e"/>
      </object_component>
      <object_component id="oc-88">
         <name>.int60</name>
         <load_address>0xfff8</load_address>
         <run_address>0xfff8</run_address>
         <size>0x2</size>
         <input_file_ref idref="fl-8f"/>
      </object_component>
      <object_component id="oc-89">
         <name>.int61</name>
         <load_address>0xfffa</load_address>
         <run_address>0xfffa</run_address>
         <size>0x2</size>
         <input_file_ref idref="fl-3"/>
      </object_component>
      <object_component id="oc-8a">
         <name>.int62</name>
         <load_address>0xfffc</load_address>
         <run_address>0xfffc</run_address>
         <size>0x2</size>
         <input_file_ref idref="fl-90"/>
      </object_component>
      <object_component id="oc-d0">
         <name>.reset</name>
         <load_address>0xfffe</load_address>
         <run_address>0xfffe</run_address>
         <size>0x2</size>
         <input_file_ref idref="fl-74"/>
      </object_component>
      <object_component id="oc-229">
         <name>.common:w</name>
         <uninitialized>true</uninitialized>
         <run_address>0x2550</run_address>
         <size>0x2</size>
      </object_component>
      <object_component id="oc-1d7">
         <name>.common:bufferX</name>
         <uninitialized>true</uninitialized>
         <run_address>0x2400</run_address>
         <size>0x7c</size>
      </object_component>
      <object_component id="oc-1d4">
         <name>.common:bufferY</name>
         <uninitialized>true</uninitialized>
         <run_address>0x247c</run_address>
         <size>0x7c</size>
      </object_component>
      <object_component id="oc-1d6">
         <name>.common:tempADCresult</name>
         <uninitialized>true</uninitialized>
         <run_address>0x254e</run_address>
         <size>0x2</size>
      </object_component>
      <object_component id="oc-1d5">
         <name>.common:writingHeadX</name>
         <uninitialized>true</uninitialized>
         <run_address>0x255a</run_address>
         <size>0x2</size>
      </object_component>
      <object_component id="oc-1d3">
         <name>.common:writingHeadY</name>
         <uninitialized>true</uninitialized>
         <run_address>0x255c</run_address>
         <size>0x2</size>
      </object_component>
      <object_component id="oc-1d0">
         <name>.common:weUseBufferX</name>
         <uninitialized>true</uninitialized>
         <run_address>0x2558</run_address>
         <size>0x2</size>
      </object_component>
      <object_component id="oc-2cc">
         <name>.common:HidWriteCtrl</name>
         <uninitialized>true</uninitialized>
         <run_address>0x252a</run_address>
         <size>0x8</size>
      </object_component>
      <object_component id="oc-264">
         <name>.common:HidReadCtrl</name>
         <uninitialized>true</uninitialized>
         <run_address>0x251a</run_address>
         <size>0x10</size>
      </object_component>
      <object_component id="oc-2a8">
         <name>.common:bConfigurationNumber</name>
         <uninitialized>true</uninitialized>
         <run_address>0x255e</run_address>
         <size>0x1</size>
      </object_component>
      <object_component id="oc-2a9">
         <name>.common:bInterfaceNumber</name>
         <uninitialized>true</uninitialized>
         <run_address>0x255f</run_address>
         <size>0x1</size>
      </object_component>
      <object_component id="oc-3eb">
         <name>.common:pbIEP0Buffer</name>
         <uninitialized>true</uninitialized>
         <run_address>0x254a</run_address>
         <size>0x2</size>
      </object_component>
      <object_component id="oc-3e8">
         <name>.common:pbOEP0Buffer</name>
         <uninitialized>true</uninitialized>
         <run_address>0x254c</run_address>
         <size>0x2</size>
      </object_component>
      <object_component id="oc-2a7">
         <name>.common:bRemoteWakeup</name>
         <uninitialized>true</uninitialized>
         <run_address>0x2560</run_address>
         <size>0x1</size>
      </object_component>
      <object_component id="oc-2aa">
         <name>.common:wBytesRemainingOnIEP0</name>
         <uninitialized>true</uninitialized>
         <run_address>0x2552</run_address>
         <size>0x2</size>
      </object_component>
      <object_component id="oc-2ab">
         <name>.common:wBytesRemainingOnOEP0</name>
         <uninitialized>true</uninitialized>
         <run_address>0x2554</run_address>
         <size>0x2</size>
      </object_component>
      <object_component id="oc-257">
         <name>.common:abUsbRequestReturnData</name>
         <uninitialized>true</uninitialized>
         <run_address>0x253a</run_address>
         <size>0x8</size>
      </object_component>
      <object_component id="oc-508">
         <name>.common:abUsbRequestIncomingData</name>
         <uninitialized>true</uninitialized>
         <run_address>0x2532</run_address>
         <size>0x8</size>
      </object_component>
      <object_component id="oc-4cf">
         <name>.common:abramSerialStringDescriptor</name>
         <uninitialized>true</uninitialized>
         <run_address>0x24f8</run_address>
         <size>0x22</size>
      </object_component>
      <object_component id="oc-256">
         <name>.common:bStatusAction</name>
         <uninitialized>true</uninitialized>
         <run_address>0x2561</run_address>
         <size>0x1</size>
      </object_component>
      <object_component id="oc-15b">
         <name>.common:wUsbEventMask</name>
         <uninitialized>true</uninitialized>
         <run_address>0x2556</run_address>
         <size>0x2</size>
      </object_component>
      <object_component id="oc-2d3">
         <name>.common:USB_TX_memcpy</name>
         <uninitialized>true</uninitialized>
         <run_address>0x2546</run_address>
         <size>0x4</size>
      </object_component>
      <object_component id="oc-3b4">
         <name>.common:USB_RX_memcpy</name>
         <uninitialized>true</uninitialized>
         <run_address>0x2542</run_address>
         <size>0x4</size>
      </object_component>
      <object_component id="oc-1c0">
         <name>.data</name>
         <load_address>0x2562</load_address>
         <run_address>0x2562</run_address>
         <size>0x34</size>
         <input_file_ref idref="fl-3"/>
      </object_component>
      <object_component id="oc-513">
         <name>.data:report_desc</name>
         <load_address>0x259c</load_address>
         <run_address>0x259c</run_address>
         <size>0x2</size>
         <input_file_ref idref="fl-38"/>
      </object_component>
      <object_component id="oc-3c8">
         <name>.data:hidProtocol</name>
         <load_address>0x25a0</load_address>
         <run_address>0x25a0</run_address>
         <size>0x1</size>
         <input_file_ref idref="fl-3f"/>
      </object_component>
      <object_component id="oc-29a">
         <name>.data</name>
         <load_address>0x2596</load_address>
         <run_address>0x2596</run_address>
         <size>0x6</size>
         <input_file_ref idref="fl-41"/>
      </object_component>
      <object_component id="oc-36c">
         <name>.data</name>
         <load_address>0x259e</load_address>
         <run_address>0x259e</run_address>
         <size>0x2</size>
         <input_file_ref idref="fl-a2"/>
      </object_component>
      <object_component id="oc-348">
         <name>.debug_info</name>
         <load_address>0x0</load_address>
         <run_address>0x0</run_address>
         <size>0x279</size>
         <input_file_ref idref="fl-2"/>
      </object_component>
      <object_component id="oc-212">
         <name>.debug_info</name>
         <load_address>0x279</load_address>
         <run_address>0x279</run_address>
         <size>0x1ff</size>
         <input_file_ref idref="fl-2"/>
      </object_component>
      <object_component id="oc-218">
         <name>.debug_info</name>
[...]
         <value>0xa6ca</value>
         <object_component_ref idref="oc-155"/>
      </symbol>
      <symbol id="sm-797">
         <name>USBHID_intfStatus</name>
         <value>0x930c</value>
         <object_component_ref idref="oc-38a"/>
      </symbol>
      <symbol id="sm-798">
         <name>HidCopyUsbToBuff</name>
         <value>0x9984</value>
         <object_component_ref idref="oc-287"/>
      </symbol>
      <symbol id="sm-799">
         <name>USBHID_receiveData</name>
         <value>0x8362</value>
         <object_component_ref idref="oc-35e"/>
      </symbol>
      <symbol id="sm-79a">
         <name>USBHID_abortSend</name>
         <value>0xa10a</value>
         <object_component_ref idref="oc-248"/>
      </symbol>
      <symbol id="sm-79b">
         <name>hidProtocol</name>
         <value>0x25a0</value>
         <object_component_ref idref="oc-3c8"/>
      </symbol>
      <symbol id="sm-79c">
         <name>USBHID_sendData</name>
         <value>0x97d8</value>
         <object_component_ref idref="oc-390"/>
      </symbol>
      <symbol id="sm-79d">
         <name>HidToBufferFromHost</name>
         <value>0x8868</value>
         <object_component_ref idref="oc-164"/>
      </symbol>
      <symbol id="sm-7c0">
         <name>usbGetReportDescriptor</name>
         <value>0xa5f4</value>
         <object_component_ref idref="oc-44d"/>
      </symbol>
      <symbol id="sm-7c1">
         <name>usbGetHidDescriptor</name>
         <value>0xa448</value>
         <object_component_ref idref="oc-453"/>
      </symbol>
      <symbol id="sm-7c2">
         <name>usbGetReport</name>
         <value>0xa332</value>
         <object_component_ref idref="oc-441"/>
      </symbol>
      <symbol id="sm-7c3">
         <name>usbSetReport</name>
         <value>0xa292</value>
         <object_component_ref idref="oc-447"/>
      </symbol>
      <symbol id="sm-955">
         <name>wBytesRemainingOnIEP0</name>
         <value>0x2552</value>
      </symbol>
      <symbol id="sm-956">
         <name>wBytesRemainingOnOEP0</name>
         <value>0x2554</value>
      </symbol>
      <symbol id="sm-957">
         <name>abUsbRequestReturnData</name>
         <value>0x253a</value>
      </symbol>
      <symbol id="sm-958">
         <name>abUsbRequestIncomingData</name>
         <value>0x2532</value>
      </symbol>
      <symbol id="sm-959">
         <name>abramSerialStringDescriptor</name>
         <value>0x24f8</value>
      </symbol>
      <symbol id="sm-95a">
         <name>bStatusAction</name>
         <value>0x2561</value>
      </symbol>
      <symbol id="sm-95b">
         <name>wUsbEventMask</name>
         <value>0x2556</value>
      </symbol>
      <symbol id="sm-95c">
         <name>usbReceiveDataPacketOnEP0</name>
         <value>0xa6b6</value>
         <object_component_ref idref="oc-509"/>
      </symbol>
      <symbol id="sm-95d">
         <name>usbGetInterface</name>
         <value>0xa466</value>
         <object_component_ref idref="oc-47d"/>
      </symbol>
      <symbol id="sm-95e">
         <name>USB_setup</name>
         <value>0x9cde</value>
         <object_component_ref idref="oc-21d"/>
      </symbol>
      <symbol id="sm-95f">
         <name>usbSetEndpointFeature</name>
         <value>0x9ba8</value>
         <object_component_ref idref="oc-4a7"/>
      </symbol>
      <symbol id="sm-960">
         <name>usbGetInterfaceStatus</name>
         <value>0xa484</value>
         <object_component_ref idref="oc-489"/>
      </symbol>
      <symbol id="sm-961">
         <name>USB_getVersion</name>
         <value>0xa796</value>
         <object_component_ref idref="oc-40b"/>
      </symbol>
      <symbol id="sm-962">
         <name>USB_enable</name>
         <value>0x8f4e</value>
         <object_component_ref idref="oc-294"/>
      </symbol>
      <symbol id="sm-963">
         <name>USB_init</name>
         <value>0x95e8</value>
         <object_component_ref idref="oc-349"/>
      </symbol>
      <symbol id="sm-964">
         <name>usbDisableOutEndpointInterrupt</name>
         <value>0xa4da</value>
         <object_component_ref idref="oc-421"/>
      </symbol>
      <symbol id="sm-965">
         <name>usbSetAddress</name>
         <value>0xa140</value>
         <object_component_ref idref="oc-495"/>
      </symbol>
      <symbol id="sm-966">
         <name>usbRestoreInEndpointInterrupt</name>
         <value>0xa7a8</value>
         <object_component_ref idref="oc-39d"/>
      </symbol>
      <symbol id="sm-967">
         <name>usbGetEndpointStatus</name>
         <value>0x991a</value>
         <object_component_ref idref="oc-48f"/>
      </symbol>
      <symbol id="sm-968">
         <name>usbGetDeviceDescriptor</name>
         <value>0xa664</value>
         <object_component_ref idref="oc-46b"/>
      </symbol>
      <symbol id="sm-969">
         <name>usbRestoreOutEndpointInterrupt</name>
         <value>0xa7ae</value>
         <object_component_ref idref="oc-427"/>
      </symbol>
      <symbol id="sm-96a">
         <name>usbSetInterface</name>
         <value>0xa592</value>
         <object_component_ref idref="oc-4ad"/>
      </symbol>
      <symbol id="sm-96b">
         <name>usbReceiveNextPacketOnOEP0</name>
         <value>0x9d72</value>
         <object_component_ref idref="oc-2d7"/>
      </symbol>
      <symbol id="sm-96c">
         <name>USB_suspend</name>
         <value>0xa1d8</value>
         <object_component_ref idref="oc-176"/>
      </symbol>
      <symbol id="sm-96d">
         <name>usbSendNextPacketOnIEP0</name>
         <value>0x9768</value>
         <object_component_ref idref="oc-2e4"/>
      </symbol>
      <symbol id="sm-96e">
         <name>usbGetStringDescriptor</name>
         <value>0x9bfa</value>
         <object_component_ref idref="oc-477"/>
      </symbol>
      <symbol id="sm-96f">
         <name>USB_determineFreq</name>
         <value>0x925e</value>
         <object_component_ref idref="oc-2b4"/>
      </symbol>
      <symbol id="sm-970">
         <name>usbClearDeviceFeature</name>
         <value>0xa37c</value>
         <object_component_ref idref="oc-459"/>
      </symbol>
      <symbol id="sm-971">
         <name>USB_disconnect</name>
         <value>0xa3e6</value>
         <object_component_ref idref="oc-2c5"/>
      </symbol>
      <symbol id="sm-972">
         <name>USB_InitSerialStringDescriptor</name>
         <value>0x91ae</value>
         <object_component_ref idref="oc-411"/>
      </symbol>
      <symbol id="sm-973">
         <name>usbSetConfiguration</name>
         <value>0xa238</value>
         <object_component_ref idref="oc-49b"/>
      </symbol>
      <symbol id="sm-974">
         <name>USB_resume</name>
         <value>0xa5ac</value>
         <object_component_ref idref="oc-16a"/>
      </symbol>
      <symbol id="sm-975">
         <name>usbSendDataPacketOnEP0</name>
         <value>0xa428</value>
         <object_component_ref idref="oc-4fa"/>
      </symbol>
      <symbol id="sm-976">
         <name>usbGetConfiguration</name>
         <value>0xa6a2</value>
         <object_component_ref idref="oc-465"/>
      </symbol>
      <symbol id="sm-977">
         <name>usbGetConfigurationDescriptor</name>
         <value>0xa64e</value>
         <object_component_ref idref="oc-471"/>
      </symbol>
      <symbol id="sm-978">
         <name>usbClearEndpointFeature</name>
         <value>0x9e94</value>
         <object_component_ref idref="oc-45f"/>
      </symbol>
      <symbol id="sm-979">
         <name>bFunctionSuspended</name>
         <value>0x2597</value>
         <object_component_ref idref="oc-29a"/>
      </symbol>
      <symbol id="sm-97a">
         <name>VERSION</name>
         <value>0x259a</value>
         <object_component_ref idref="oc-29a"/>
      </symbol>
      <symbol id="sm-97b">
         <name>usbDecodeAndProcessUsbRequest</name>
         <value>0x9562</value>
         <object_component_ref idref="oc-258"/>
      </symbol>
      <symbol id="sm-97c">
         <name>bEnumerationStatus</name>
         <value>0x2598</value>
         <object_component_ref idref="oc-29a"/>
      </symbol>
      <symbol id="sm-97d">
         <name>usbClearOEP0ByteCount</name>
         <value>0xa7a2</value>
         <object_component_ref idref="oc-517"/>
      </symbol>
      <symbol id="sm-97e">
         <name>USB_connectionState</name>
         <value>0x93b0</value>
         <object_component_ref idref="oc-24e"/>
      </symbol>
      <symbol id="sm-97f">
         <name>usbSetDeviceFeature</name>
         <value>0xa3a0</value>
         <object_component_ref idref="oc-4a1"/>
      </symbol>
      <symbol id="sm-980">
         <name>USB_connectionInfo</name>
         <value>0xa1a6</value>
         <object_component_ref idref="oc-34f"/>
      </symbol>
      <symbol id="sm-981">
         <name>usbInvalidRequest</name>
         <value>0xa6ee</value>
         <object_component_ref idref="oc-4b3"/>
      </symbol>
      <symbol id="sm-982">
         <name>USB_reset</name>
         <value>0x8cb0</value>
         <object_component_ref idref="oc-182"/>
      </symbol>
      <symbol id="sm-983">
         <name>USB_connect</name>
         <value>0xa52a</value>
         <object_component_ref idref="oc-2be"/>
      </symbol>
      <symbol id="sm-984">
         <name>usbGetDeviceStatus</name>
         <value>0xa268</value>
         <object_component_ref idref="oc-483"/>
      </symbol>
      <symbol id="sm-985">
         <name>usbDisableInEndpointInterrupt</name>
         <value>0xa4be</value>
         <object_component_ref idref="oc-397"/>
      </symbol>
      <symbol id="sm-986">
         <name>USB_disable</name>
         <value>0xa3c4</value>
         <object_component_ref idref="oc-1d9"/>
      </symbol>
      <symbol id="sm-9a5">
         <name>USB_TX_memcpy</name>
         <value>0x2546</value>
      </symbol>
      <symbol id="sm-9a6">
         <name>USB_RX_memcpy</name>
         <value>0x2542</value>
      </symbol>
      <symbol id="sm-9a7">
         <name>USB_initMemcpy</name>
         <value>0x9f1a</value>
         <object_component_ref idref="oc-417"/>
      </symbol>
      <symbol id="sm-9a8">
         <name>memcpyDMA</name>
         <value>0x9aa0</value>
         <object_component_ref idref="oc-4e3"/>
      </symbol>
      <symbol id="sm-9a9">
         <name>memcpyV</name>
         <value>0xa55e</value>
         <object_component_ref idref="oc-4d7"/>
      </symbol>
      <symbol id="sm-9b3">
         <name>_stack</name>
         <value>0x4360</value>
         <object_component_ref idref="oc-cd"/>
      </symbol>
      <symbol id="sm-9b4">
         <name>_reset_vector</name>
         <value>0xfffe</value>
         <object_component_ref idref="oc-d0"/>
      </symbol>
      <symbol id="sm-9bf">
         <name>_c_int00_noargs_noexit</name>
         <value>0xa544</value>
         <object_component_ref idref="oc-a9"/>
      </symbol>
      <symbol id="sm-9d0">
         <name>__TI_decompress_none</name>
         <value>0xa0ce</value>
         <object_component_ref idref="oc-69"/>
      </symbol>
      <symbol id="sm-9f4">
         <name>__TI_decompress_rle24</name>
         <value>0xa700</value>
         <object_component_ref idref="oc-6f"/>
      </symbol>
      <symbol id="sm-a04">
         <name>__TI_zero_init</name>
         <value>0x9fd8</value>
         <object_component_ref idref="oc-8b"/>
      </symbol>
      <symbol id="sm-a0f">
         <name>__memcpy_far</name>
         <value>0x9f5a</value>
         <object_component_ref idref="oc-d1"/>
      </symbol>
      <symbol id="sm-a1a">
         <name>__mspabi_remu</name>
         <value>0xa622</value>
         <object_component_ref idref="oc-3d1"/>
      </symbol>
      <symbol id="sm-a1b">
         <name>__mspabi_divu</name>
         <value>0xa622</value>
         <object_component_ref idref="oc-3d1"/>
      </symbol>
      <symbol id="sm-a2c">
         <name>__mspabi_remul</name>
         <value>0x9afa</value>
         <object_component_ref idref="oc-337"/>
      </symbol>
      <symbol id="sm-a2d">
         <name>__mspabi_divul</name>
         <value>0x9afa</value>
         <object_component_ref idref="oc-337"/>
      </symbol>
      <symbol id="sm-a38">
         <name>C$$EXIT</name>
         <value>0xa7dc</value>
         <object_component_ref idref="oc-135"/>
      </symbol>
      <symbol id="sm-a39">
         <name>abort</name>
         <value>0xa7dc</value>
         <object_component_ref idref="oc-135"/>
      </symbol>
      <symbol id="sm-a3c">
         <name>__TI_int41</name>
         <value>0xffd2</value>
         <object_component_ref idref="oc-75"/>
      </symbol>
      <symbol id="sm-a3f">
         <name>__TI_int42</name>
         <value>0xffd4</value>
         <object_component_ref idref="oc-76"/>
      </symbol>
      <symbol id="sm-a42">
         <name>__TI_int43</name>
         <value>0xffd6</value>
         <object_component_ref idref="oc-77"/>
      </symbol>
      <symbol id="sm-a45">
         <name>__TI_int44</name>
         <value>0xffd8</value>
         <object_component_ref idref="oc-78"/>
      </symbol>
      <symbol id="sm-a48">
         <name>__TI_int45</name>
         <value>0xffda</value>
         <object_component_ref idref="oc-79"/>
      </symbol>
      <symbol id="sm-a4b">
         <name>__TI_int46</name>
         <value>0xffdc</value>
         <object_component_ref idref="oc-7a"/>
      </symbol>
      <symbol id="sm-a4e">
         <name>__TI_int47</name>
         <value>0xffde</value>
         <object_component_ref idref="oc-7b"/>
      </symbol>
      <symbol id="sm-a51">
         <name>__TI_int48</name>
         <value>0xffe0</value>
         <object_component_ref idref="oc-7c"/>
      </symbol>
      <symbol id="sm-a54">
         <name>__TI_int49</name>
         <value>0xffe2</value>
         <object_component_ref idref="oc-7d"/>
      </symbol>
      <symbol id="sm-a57">
         <name>__TI_int50</name>
         <value>0xffe4</value>
         <object_component_ref idref="oc-7e"/>
      </symbol>
      <symbol id="sm-a5a">
         <name>__TI_int52</name>
         <value>0xffe8</value>
         <object_component_ref idref="oc-80"/>
      </symbol>
      <symbol id="sm-a5d">
         <name>__TI_int55</name>
         <value>0xffee</value>
         <object_component_ref idref="oc-83"/>
      </symbol>
      <symbol id="sm-a60">
         <name>__TI_int56</name>
         <value>0xfff0</value>
         <object_component_ref idref="oc-84"/>
      </symbol>
      <symbol id="sm-a63">
         <name>__TI_int57</name>
         <value>0xfff2</value>
         <object_component_ref idref="oc-85"/>
      </symbol>
      <symbol id="sm-a66">
         <name>__TI_int58</name>
         <value>0xfff4</value>
         <object_component_ref idref="oc-86"/>
      </symbol>
      <symbol id="sm-a69">
         <name>__TI_int59</name>
         <value>0xfff6</value>
         <object_component_ref idref="oc-87"/>
      </symbol>
      <symbol id="sm-a6c">
         <name>__TI_int60</name>
         <value>0xfff8</value>
         <object_component_ref idref="oc-88"/>
      </symbol>
      <symbol id="sm-a6f">
         <name>__TI_int62</name>
         <value>0xfffc</value>
         <object_component_ref idref="oc-8a"/>
      </symbol>
      <symbol id="sm-a77">
         <name>__TI_ISR_TRAP</name>
         <value>0xa79c</value>
         <object_component_ref idref="oc-ea"/>
      </symbol>
      <symbol id="sm-a80">
         <name>__mspabi_slli</name>
         <value>0xa73a</value>
         <object_component_ref idref="oc-3cc"/>
      </symbol>
      <symbol id="sm-a89">
         <name>__mspabi_srli</name>
         <value>0xa744</value>
         <object_component_ref idref="oc-3db"/>
      </symbol>
      <symbol id="sm-a91">
         <name>__mspabi_srll_8</name>
         <value>0xa070</value>
         <object_component_ref idref="oc-33c"/>
      </symbol>
      <symbol id="sm-a92">
         <name>__mspabi_srll_9</name>
         <value>0xa06c</value>
         <object_component_ref idref="oc-33c"/>
      </symbol>
      <symbol id="sm-a93">
         <name>__mspabi_srll_6</name>
         <value>0xa078</value>
         <object_component_ref idref="oc-33c"/>
      </symbol>
      <symbol id="sm-a94">
         <name>__mspabi_srll_7</name>
         <value>0xa074</value>
         <object_component_ref idref="oc-33c"/>
      </symbol>
      <symbol id="sm-a95">
         <name>__mspabi_srll_4</name>
         <value>0xa080</value>
         <object_component_ref idref="oc-33c"/>
      </symbol>
      <symbol id="sm-a96">
         <name>__mspabi_srll_5</name>
         <value>0xa07c</value>
         <object_component_ref idref="oc-33c"/>
      </symbol>
      <symbol id="sm-a97">
         <name>__mspabi_srll_2</name>
         <value>0xa088</value>
         <object_component_ref idref="oc-33c"/>
      </symbol>
      <symbol id="sm-a98">
         <name>__mspabi_srll_3</name>
         <value>0xa084</value>
         <object_component_ref idref="oc-33c"/>
      </symbol>
      <symbol id="sm-a99">
         <name>__mspabi_srll_1</name>
         <value>0xa08c</value>
         <object_component_ref idref="oc-33c"/>
      </symbol>
      <symbol id="sm-a9a">
         <name>__mspabi_srll_15</name>
         <value>0xa054</value>
         <object_component_ref idref="oc-33c"/>
      </symbol>
      <symbol id="sm-a9b">
         <name>__mspabi_srll_14</name>
         <value>0xa058</value>
         <object_component_ref idref="oc-33c"/>
      </symbol>
      <symbol id="sm-a9c">
         <name>__mspabi_srll_13</name>
         <value>0xa05c</value>
         <object_component_ref idref="oc-33c"/>
      </symbol>
      <symbol id="sm-a9d">
         <name>__mspabi_srll_12</name>
         <value>0xa060</value>
         <object_component_ref idref="oc-33c"/>
      </symbol>
      <symbol id="sm-a9e">
         <name>__mspabi_srll_11</name>
         <value>0xa064</value>
         <object_component_ref idref="oc-33c"/>
      </symbol>
      <symbol id="sm-a9f">
         <name>__mspabi_srll_10</name>
         <value>0xa068</value>
         <object_component_ref idref="oc-33c"/>
      </symbol>
      <symbol id="sm-aad">
         <name>memcpy</name>
         <value>0xa6dc</value>
         <object_component_ref idref="oc-543"/>
      </symbol>
      <symbol id="sm-abb">
         <name>memset</name>
         <value>0xa68e</value>
         <object_component_ref idref="oc-22a"/>
      </symbol>
      <symbol id="sm-ad2">
         <name>__mspabi_mpyi_f5hw</name>
         <value>0xa638</value>
         <object_component_ref idref="oc-3d6"/>
      </symbol>
      <symbol id="sm-b03">
         <name>_system_pre_init</name>
         <value>0xa7d8</value>
         <object_component_ref idref="oc-10d"/>
      </symbol>
      <symbol id="sm-b12">
         <name>strcat</name>
         <value>0xa578</value>
         <object_component_ref idref="oc-383"/>
      </symbol>
      <symbol id="sm-b20">
         <name>strcmp</name>
         <value>0xa5dc</value>
         <object_component_ref idref="oc-37d"/>
      </symbol>
      <symbol id="sm-b36">
         <name>strtok</name>
         <value>0x9d28</value>
         <object_component_ref idref="oc-236"/>
      </symbol>
      <symbol id="sm-b54">
         <name>_auto_init_hold_wdt</name>
         <value>0x966c</value>
         <object_component_ref idref="oc-113"/>
      </symbol>
      <symbol id="sm-b64">
         <name>strcspn</name>
         <value>0xa2bc</value>
         <object_component_ref idref="oc-375"/>
      </symbol>
      <symbol id="sm-b76">
         <name>strspn</name>
         <value>0xa2e4</value>
         <object_component_ref idref="oc-36f"/>
      </symbol>
      <symbol id="sm-b78">
         <name>__TI_INITARRAY_Base</name>
         <value>0x0</value>
      </symbol>
      <symbol id="sm-b79">
         <name>__TI_INITARRAY_Limit</name>
         <value>0x0</value>
      </symbol>
   </symbol_table>
   <title>Link successful</title>
</link_info>
