******************************************************************************
                  MSP430 Linker PC v4.4.5                      
******************************************************************************
>> Linked Wed Sep 28 19:47:34 2016

OUTPUT FILE NAME:   <SpikeRecorderHID.out>
ENTRY POINT SYMBOL: "_c_int00_noargs_noexit"  address: 0000a5f6


MEMORY CONFIGURATION

         name            origin    length      used     unused   attr    fill
----------------------  --------  ---------  --------  --------  ----  --------
  SFR                   00000000   00000010  00000000  00000010  RWIX
  PERIPHERALS_8BIT      00000010   000000f0  00000000  000000f0  RWIX
  PERIPHERALS_16BIT     00000100   00000100  00000000  00000100  RWIX
  INFOD                 00001800   00000080  00000000  00000080  RWIX
  INFOC                 00001880   00000080  00000000  00000080  RWIX
  INFOB                 00001900   00000080  00000000  00000080  RWIX
  INFOA                 00001980   00000080  00000000  00000080  RWIX
  USBRAM                00001c00   00000800  00000000  00000800  RWIX
  RAM                   00002400   00002000  00000991  0000166f  RWIX
  FLASH                 00008000   00007f80  00002c02  0000537e  RWIX
  INT00                 0000ff80   00000002  00000000  00000002  RWIX
  INT01                 0000ff82   00000002  00000000  00000002  RWIX
  INT02                 0000ff84   00000002  00000000  00000002  RWIX
  INT03                 0000ff86   00000002  00000000  00000002  RWIX
  INT04                 0000ff88   00000002  00000000  00000002  RWIX
  INT05                 0000ff8a   00000002  00000000  00000002  RWIX
  INT06                 0000ff8c   00000002  00000000  00000002  RWIX
  INT07                 0000ff8e   00000002  00000000  00000002  RWIX
  INT08                 0000ff90   00000002  00000000  00000002  RWIX
  INT09                 0000ff92   00000002  00000000  00000002  RWIX
  INT10                 0000ff94   00000002  00000000  00000002  RWIX
  INT11                 0000ff96   00000002  00000000  00000002  RWIX
  INT12                 0000ff98   00000002  00000000  00000002  RWIX
  INT13                 0000ff9a   00000002  00000000  00000002  RWIX
  INT14                 0000ff9c   00000002  00000000  00000002  RWIX
  INT15                 0000ff9e   00000002  00000000  00000002  RWIX
  INT16                 0000ffa0   00000002  00000000  00000002  RWIX
  INT17                 0000ffa2   00000002  00000000  00000002  RWIX
  INT18                 0000ffa4   00000002  00000000  00000002  RWIX
  INT19                 0000ffa6   00000002  00000000  00000002  RWIX
  INT20                 0000ffa8   00000002  00000000  00000002  RWIX
  INT21                 0000ffaa   00000002  00000000  00000002  RWIX
  INT22                 0000ffac   00000002  00000000  00000002  RWIX
  INT23                 0000ffae   00000002  00000000  00000002  RWIX
  INT24                 0000ffb0   00000002  00000000  00000002  RWIX
  INT25                 0000ffb2   00000002  00000000  00000002  RWIX
  INT26                 0000ffb4   00000002  00000000  00000002  RWIX
  INT27                 0000ffb6   00000002  00000000  00000002  RWIX
  INT28                 0000ffb8   00000002  00000000  00000002  RWIX
  INT29                 0000ffba   00000002  00000000  00000002  RWIX
  INT30                 0000ffbc   00000002  00000000  00000002  RWIX
  INT31                 0000ffbe   00000002  00000000  00000002  RWIX
  INT32                 0000ffc0   00000002  00000000  00000002  RWIX
  INT33                 0000ffc2   00000002  00000000  00000002  RWIX
  INT34                 0000ffc4   00000002  00000000  00000002  RWIX
  INT35                 0000ffc6   00000002  00000000  00000002  RWIX
  INT36                 0000ffc8   00000002  00000000  00000002  RWIX
  INT37                 0000ffca   00000002  00000000  00000002  RWIX
  INT38                 0000ffcc   00000002  00000000  00000002  RWIX
  INT39                 0000ffce   00000002  00000000  00000002  RWIX
  INT40                 0000ffd0   00000002  00000000  00000002  RWIX
  INT41                 0000ffd2   00000002  00000002  00000000  RWIX
  INT42                 0000ffd4   00000002  00000002  00000000  RWIX
  INT43                 0000ffd6   00000002  00000002  00000000  RWIX
  INT44                 0000ffd8   00000002  00000002  00000000  RWIX
  INT45                 0000ffda   00000002  00000002  00000000  RWIX
  INT46                 0000ffdc   00000002  00000002  00000000  RWIX
  INT47                 0000ffde   00000002  00000002  00000000  RWIX
  INT48                 0000ffe0   00000002  00000002  00000000  RWIX
  INT49                 0000ffe2   00000002  00000002  00000000  RWIX
  INT50                 0000ffe4   00000002  00000002  00000000  RWIX
  INT51                 0000ffe6   00000002  00000002  00000000  RWIX
  INT52                 0000ffe8   00000002  00000002  00000000  RWIX
  INT53                 0000ffea   00000002  00000002  00000000  RWIX
  INT54                 0000ffec   00000002  00000002  00000000  RWIX
  INT55                 0000ffee   00000002  00000002  00000000  RWIX
  INT56                 0000fff0   00000002  00000002  00000000  RWIX
  INT57                 0000fff2   00000002  00000002  00000000  RWIX
  INT58                 0000fff4   00000002  00000002  00000000  RWIX
  INT59                 0000fff6   00000002  00000002  00000000  RWIX
  INT60                 0000fff8   00000002  00000002  00000000  RWIX
  INT61                 0000fffa   00000002  00000002  00000000  RWIX
  INT62                 0000fffc   00000002  00000002  00000000  RWIX
  RESET                 0000fffe   00000002  00000002  00000000  RWIX


SECTION ALLOCATION MAP

 output                                  attributes/
section   page    origin      length       input sections
--------  ----  ----------  ----------   ----------------
.bss       0    00002400    000008aa     UNINITIALIZED
                  00002400    00000800     (.common:circularBuffer)
                  00002c00    0000003e     (.common:tempSendBuffer)
                  00002c3e    00000022     (.common:abramSerialStringDescriptor)
                  00002c60    00000010     (.common:HidReadCtrl)
                  00002c70    00000008     (.common:HidWriteCtrl)
                  00002c78    00000008     (.common:abUsbRequestIncomingData)
                  00002c80    00000008     (.common:abUsbRequestReturnData)
                  00002c88    00000004     (.common:USB_RX_memcpy)
                  00002c8c    00000004     (.common:USB_TX_memcpy)
                  00002c90    00000002     (.common:difference)
                  00002c92    00000002     (.common:generalIndexVar)
                  00002c94    00000002     (.common:head)
                  00002c96    00000002     (.common:pbIEP0Buffer)
                  00002c98    00000002     (.common:pbOEP0Buffer)
                  00002c9a    00000002     (.common:tail)
                  00002c9c    00000002     (.common:tempADCresult)
                  00002c9e    00000002     (.common:w)
                  00002ca0    00000002     (.common:wBytesRemainingOnIEP0)
                  00002ca2    00000002     (.common:wBytesRemainingOnOEP0)
                  00002ca4    00000002     (.common:wUsbEventMask)
                  00002ca6    00000001     (.common:bConfigurationNumber)
                  00002ca7    00000001     (.common:bInterfaceNumber)
                  00002ca8    00000001     (.common:bRemoteWakeup)
                  00002ca9    00000001     (.common:bStatusAction)

.data      0    00002caa    00000047     UNINITIALIZED
                  00002caa    0000003c     main.obj (.data)
                  00002ce6    00000006     usb.obj (.data)
                  00002cec    00000002     descriptors.obj (.data:report_desc)
                  00002cee    00000002     rts430x_lc_sd_eabi.lib : strtok.obj (.data)
                  00002cf0    00000001     UsbHid.obj (.data:hidProtocol)

.stack     0    00004360    000000a0     UNINITIALIZED
                  00004360    00000002     rts430x_lc_sd_eabi.lib : boot.obj (.stack)
                  00004362    0000009e     --HOLE--

.text      0    00008000    00002892     
                  00008000    000003ba     main.obj (.text:_isr:ADC12ISR)
                  000083ba    000001da     main.obj (.text:main)
                  00008594    000001d8     UsbHid.obj (.text:USBHID_receiveData)
                  0000876c    00000194     main.obj (.text:executeCommand)
                  00008900    00000122     UsbHid.obj (.text:HidToBufferFromHost)
                  00008a22    0000011e     UsbIsr.obj (.text:_isr:iUsbInterruptHandler)
                  00008b40    000000f6     main.obj (.text:sendStringWithEscapeSequence)
                  00008c36    000000e8     UsbHid.obj (.text:HidToHostFromBuffer)
                  00008d1e    000000e6     usb.obj (.text:USB_reset)
                  00008e04    000000e2     ucs.obj (.text:UCS_initFLL)
                  00008ee6    000000d6     rts430x_lc_sd_eabi.lib : copy_decompress_rle.obj (.text:__TI_decompress_rle_core)
                  00008fbc    000000d2     usb.obj (.text:USB_enable)
                  0000908e    000000ce     pmm.obj (.text:PMM_setVCoreUp)
                  0000915c    000000c0     UsbHid.obj (.text:USBHID_bytesInUSBBuffer)
                  0000921c    000000b0     usb.obj (.text:USB_InitSerialStringDescriptor)
                  000092cc    000000ae     usb.obj (.text:USB_determineFreq)
                  0000937a    000000a4     UsbHid.obj (.text:USBHID_intfStatus)
                  0000941e    00000096     usb.obj (.text:USB_connectionState)
                  000094b4    00000094     pmm.obj (.text:PMM_setVCoreDown)
                  00009548    0000008a     main.obj (.text:setupOperationMode)
                  000095d2    00000088     ucs.obj (.text:UCS_clockSignalInit)
                  0000965a    00000086     usb.obj (.text:usbDecodeAndProcessUsbRequest)
                  000096e0    00000084     usb.obj (.text:USB_init)
                  00009764    00000080     rts430x_lc_sd_eabi.lib : autoinit_wdt.obj (.text:_auto_init_hold_wdt)
                  000097e4    0000007c     hal.obj (.text:initPorts)
                  00009860    00000070     usb.obj (.text:usbSendNextPacketOnIEP0)
                  000098d0    0000006e     UsbHid.obj (.text:USBHID_sendData)
                  0000993e    0000006a     UsbIsr.obj (.text:PWRVBUSoffHandler)
                  000099a8    0000006a     usbConstructs.obj (.text:hidSendDataInBackground)
                  00009a12    0000006a     usb.obj (.text:usbGetEndpointStatus)
                  00009a7c    00000060     UsbHid.obj (.text:HidCopyUsbToBuff)
                  00009adc    0000005e     UsbIsr.obj (.text:PWRVBUSonHandler)
                  00009b3a    0000005a     usbdma.obj (.text:memcpyDMA)
                  00009b94    00000058     rts430x_lc_sd_eabi.lib : div32u.obj (.text)
                  00009bec    00000056     dma.obj (.text:DMA_initialize)
                  00009c42    00000052     usb.obj (.text:usbSetEndpointFeature)
                  00009c94    0000004e     usb.obj (.text:usbGetStringDescriptor)
                  00009ce2    0000004c     dma.obj (.text:DMA_init)
                  00009d2e    0000004a     pmm.obj (.text:PMM_setVCore)
                  00009d78    0000004a     usb.obj (.text:USB_setup)
                  00009dc2    0000004a     rts430x_lc_sd_eabi.lib : strtok.obj (.text:strtok)
                  00009e0c    0000004a     usb.obj (.text:usbReceiveNextPacketOnOEP0)
                  00009e56    00000048     UsbIsr.obj (.text:SetupPacketInterruptHandler)
                  00009e9e    00000048     tlv.obj (.text:TLV_getInfo)
                  00009ee6    00000048     main.obj (.text:defaultSetupADC)
                  00009f2e    00000048     usbConstructs.obj (.text:hidReceiveDataInBuffer)
                  00009f76    00000046     usb.obj (.text:usbClearEndpointFeature)
                  00009fbc    00000040     ucs.obj (.text:UCS_XT2StartWithTimeout)
                  00009ffc    00000040     usbdma.obj (.text:USB_initMemcpy)
                  0000a03c    00000040     rts430x_lc_sd_eabi.lib : cpy_util.obj (.text:__memcpy_far)
                  0000a07c    0000003e     main.obj (.text:_isr:UNMI_ISR)
                  0000a0ba    0000003e     rts430x_lc_sd_eabi.lib : copy_zero_init.obj (.text:decompress:ZI:__TI_zero_init)
                  0000a0f8    0000003e     hal.obj (.text:initClocks)
                  0000a136    0000003e     rts430x_lc_sd_eabi.lib : lsr32.obj (.text:l_lsr_const)
                  0000a174    0000003c     UsbIsr.obj (.text:OEP0InterruptHandler)
                  0000a1b0    0000003c     rts430x_lc_sd_eabi.lib : copy_decompress_none.obj (.text:decompress:none:__TI_decompress_none)
                  0000a1ec    00000036     UsbHid.obj (.text:USBHID_abortSend)
                  0000a222    00000034     usb.obj (.text:usbSetAddress)
                  0000a256    00000032     ucs.obj (.text:UCS_initFLLSettle)
                  0000a288    00000032     usb.obj (.text:USB_connectionInfo)
                  0000a2ba    00000030     usb.obj (.text:USB_suspend)
                  0000a2ea    00000030     usb.obj (.text:usbSetConfiguration)
                  0000a31a    0000002a     usb.obj (.text:usbGetDeviceStatus)
                  0000a344    0000002a     UsbHidReq.obj (.text:usbSetReport)
                  0000a36e    00000028     rts430x_lc_sd_eabi.lib : strcspn.obj (.text:strcspn)
                  0000a396    00000028                            : strspn.obj (.text:strspn)
                  0000a3be    00000026     dma.obj (.text:DMA_setDstAddress)
                  0000a3e4    00000026     UsbHidReq.obj (.text:usbGetReport)
                  0000a40a    00000024     dma.obj (.text:DMA_setSrcAddress)
                  0000a42e    00000024     usb.obj (.text:usbClearDeviceFeature)
                  0000a452    00000024     usb.obj (.text:usbSetDeviceFeature)
                  0000a476    00000022     usb.obj (.text:USB_disable)
                  0000a498    00000022     usb.obj (.text:USB_disconnect)
                  0000a4ba    00000020     UsbHid.obj (.text:HidResetData)
                  0000a4da    00000020     usb.obj (.text:usbSendDataPacketOnEP0)
                  0000a4fa    0000001e     UsbHidReq.obj (.text:usbGetHidDescriptor)
                  0000a518    0000001e     usb.obj (.text:usbGetInterface)
                  0000a536    0000001e     usb.obj (.text:usbGetInterfaceStatus)
                  0000a554    0000001c     UsbIsr.obj (.text:IEP0InterruptHandler)
                  0000a570    0000001c     usb.obj (.text:usbDisableInEndpointInterrupt)
                  0000a58c    0000001c     usb.obj (.text:usbDisableOutEndpointInterrupt)
                  0000a5a8    0000001a     gpio.obj (.text:GPIO_setAsOutputPin)
                  0000a5c2    0000001a     gpio.obj (.text:GPIO_setAsPeripheralModuleFunctionOutputPin)
                  0000a5dc    0000001a     usb.obj (.text:USB_connect)
                  0000a5f6    0000001a     rts430x_lc_sd_eabi.lib : boot_special.obj (.text:_isr:_c_int00_noargs_noexit)
                  0000a610    0000001a     usbdma.obj (.text:memcpyV)
                  0000a62a    0000001a     rts430x_lc_sd_eabi.lib : strcat.obj (.text:strcat)
                  0000a644    0000001a     usb.obj (.text:usbSetInterface)
                  0000a65e    00000018     usb.obj (.text:USB_resume)
                  0000a676    00000018     wdt_a.obj (.text:WDT_A_hold)
                  0000a68e    00000018     rts430x_lc_sd_eabi.lib : strcmp.obj (.text:strcmp)
                  0000a6a6    00000018     UsbHidReq.obj (.text:usbGetReportDescriptor)
                  0000a6be    00000016     gpio.obj (.text:GPIO_setOutputLowOnPin)
                  0000a6d4    00000016     rts430x_lc_sd_eabi.lib : div16u.obj (.text)
                  0000a6ea    00000016                            : mult16_f5hw.obj (.text)
                  0000a700    00000016     usb.obj (.text:usbGetConfigurationDescriptor)
                  0000a716    00000016     usb.obj (.text:usbGetDeviceDescriptor)
                  0000a72c    00000014     usbEventHandling.obj (.text:USB_handleVbusOnEvent)
                  0000a740    00000014     rts430x_lc_sd_eabi.lib : memset.obj (.text:memset)
                  0000a754    00000014     usb.obj (.text:usbGetConfiguration)
                  0000a768    00000014     usb.obj (.text:usbReceiveDataPacketOnEP0)
                  0000a77c    00000012     UsbHid.obj (.text:HidIsReceiveInProgress)
                  0000a78e    00000012     rts430x_lc_sd_eabi.lib : memcpy.obj (.text:memcpy)
                  0000a7a0    00000012     usb.obj (.text:usbInvalidRequest)
                  0000a7b2    0000000e     rts430x_lc_sd_eabi.lib : copy_decompress_rle.obj (.text:decompress:rle24:__TI_decompress_rle24)
                  0000a7c0    0000000c     dma.obj (.text:DMA_getInterruptStatus)
                  0000a7cc    0000000c     usbEventHandling.obj (.text:USB_handleClockEvent)
                  0000a7d8    0000000a     dma.obj (.text:DMA_disableTransfers)
                  0000a7e2    0000000a     dma.obj (.text:DMA_enableTransfers)
                  0000a7ec    0000000a     rts430x_lc_sd_eabi.lib : lsl16.obj (.text)
                  0000a7f6    0000000a                            : lsr16.obj (.text)
                  0000a800    00000008     dma.obj (.text:DMA_setTransferSize)
                  0000a808    00000008     dma.obj (.text:DMA_startTransfer)
                  0000a810    00000008     ucs.obj (.text:UCS_XT2Off)
                  0000a818    00000008     usbEventHandling.obj (.text:USBHID_handleDataReceived)
                  0000a820    00000008     usbEventHandling.obj (.text:USBHID_handleSendCompleted)
                  0000a828    00000008     main.obj (.text:_isr:TIMER0_A0_ISR)
                  0000a830    00000006     dma.obj (.text:DMA_disableTransferDuringReadModifyWrite)
                  0000a836    00000006     dma.obj (.text:DMA_enableTransferDuringReadModifyWrite)
                  0000a83c    00000006     sfr.obj (.text:SFR_clearInterrupt)
                  0000a842    00000006     ucs.obj (.text:UCS_clearFaultFlag)
                  0000a848    00000006     usb.obj (.text:USB_getVersion)
                  0000a84e    00000006     rts430x_lc_sd_eabi.lib : isr_trap.obj (.text:_isr:__TI_ISR_TRAP)
                  0000a854    00000006     usb.obj (.text:usbClearOEP0ByteCount)
                  0000a85a    00000006     usb.obj (.text:usbRestoreInEndpointInterrupt)
                  0000a860    00000006     usb.obj (.text:usbRestoreOutEndpointInterrupt)
                  0000a866    00000004     usbEventHandling.obj (.text:USBHID_handleEP0GetReport)
                  0000a86a    00000004     usbEventHandling.obj (.text:USBHID_handleEP0SetReport)
                  0000a86e    00000004     usbEventHandling.obj (.text:USBHID_handleEP0SetReportDataAvailable)
                  0000a872    00000004     usbEventHandling.obj (.text:USBHID_handleReceiveCompleted)
                  0000a876    00000004     usbEventHandling.obj (.text:USB_handleEnumCompleteEvent)
                  0000a87a    00000004     usbEventHandling.obj (.text:USB_handleResetEvent)
                  0000a87e    00000004     usbEventHandling.obj (.text:USB_handleResumeEvent)
                  0000a882    00000004     usbEventHandling.obj (.text:USB_handleSuspendEvent)
                  0000a886    00000004     usbEventHandling.obj (.text:USB_handleVbusOffEvent)
                  0000a88a    00000004     rts430x_lc_sd_eabi.lib : pre_init.obj (.text:_system_pre_init)
                  0000a88e    00000004                            : exit.obj (.text:abort)

.const     0    0000a892    00000326     
                  0000a892    00000118     descriptors.obj (.const:tUsbRequestList)
                  0000a9aa    000000b6     main.obj (.const:.string)
                  0000aa60    000000a0     descriptors.obj (.const:.string:abromStringDescriptor)
                  0000ab00    00000029     descriptors.obj (.const)
                  0000ab29    00000001     --HOLE-- [fill = 0]
                  0000ab2a    00000024     descriptors.obj (.const:.string:report_desc_HID0)
                  0000ab4e    00000020     usb.obj (.const:.string)
                  0000ab6e    0000001c     gpio.obj (.const:GPIO_PORT_TO_BASE)
                  0000ab8a    00000012     descriptors.obj (.const:.string:abromDeviceDescriptor)
                  0000ab9c    00000010     descriptors.obj (.const:stUsbHandle)
                  0000abac    0000000a     dma.obj (.const)
                  0000abb6    00000002     descriptors.obj (.const:report_desc_size)

.cinit     0    0000abb8    0000004a     
                  0000abb8    00000027     (.cinit..data.load) [load image, compression = rle]
                  0000abdf    00000001     --HOLE-- [fill = 0]
                  0000abe0    0000000c     (__TI_handler_table)
                  0000abec    00000006     (.cinit..bss.load) [load image, compression = zero_init]
                  0000abf2    00000010     (__TI_cinit_table)

.init_array 
*          0    00008000    00000000     UNINITIALIZED

.TI.noinit 
*          0    00002400    00000000     UNINITIALIZED

.TI.persistent 
*          0    00002caa    00000000     UNINITIALIZED

RTC        0    0000ffd2    00000002     
                  0000ffd2    00000002     rts430x_lc_sd_eabi.lib : int41.obj (.int41)

PORT2      0    0000ffd4    00000002     
                  0000ffd4    00000002     rts430x_lc_sd_eabi.lib : int42.obj (.int42)

TIMER2_A1 
*          0    0000ffd6    00000002     
                  0000ffd6    00000002     rts430x_lc_sd_eabi.lib : int43.obj (.int43)

TIMER2_A0 
*          0    0000ffd8    00000002     
                  0000ffd8    00000002     rts430x_lc_sd_eabi.lib : int44.obj (.int44)

USCI_B1    0    0000ffda    00000002     
                  0000ffda    00000002     rts430x_lc_sd_eabi.lib : int45.obj (.int45)

USCI_A1    0    0000ffdc    00000002     
                  0000ffdc    00000002     rts430x_lc_sd_eabi.lib : int46.obj (.int46)

PORT1      0    0000ffde    00000002     
                  0000ffde    00000002     rts430x_lc_sd_eabi.lib : int47.obj (.int47)

TIMER1_A1 
*          0    0000ffe0    00000002     
                  0000ffe0    00000002     rts430x_lc_sd_eabi.lib : int48.obj (.int48)

TIMER1_A0 
*          0    0000ffe2    00000002     
                  0000ffe2    00000002     rts430x_lc_sd_eabi.lib : int49.obj (.int49)

DMA        0    0000ffe4    00000002     
                  0000ffe4    00000002     rts430x_lc_sd_eabi.lib : int50.obj (.int50)

USB_UBM    0    0000ffe6    00000002     
                  0000ffe6    00000002     UsbIsr.obj (.int51)

TIMER0_A1 
*          0    0000ffe8    00000002     
                  0000ffe8    00000002     rts430x_lc_sd_eabi.lib : int52.obj (.int52)

TIMER0_A0 
*          0    0000ffea    00000002     
                  0000ffea    00000002     main.obj (.int53)

ADC12      0    0000ffec    00000002     
                  0000ffec    00000002     main.obj (.int54)

USCI_B0    0    0000ffee    00000002     
                  0000ffee    00000002     rts430x_lc_sd_eabi.lib : int55.obj (.int55)

USCI_A0    0    0000fff0    00000002     
                  0000fff0    00000002     rts430x_lc_sd_eabi.lib : int56.obj (.int56)

WDT        0    0000fff2    00000002     
                  0000fff2    00000002     rts430x_lc_sd_eabi.lib : int57.obj (.int57)

TIMER0_B1 
*          0    0000fff4    00000002     
                  0000fff4    00000002     rts430x_lc_sd_eabi.lib : int58.obj (.int58)

TIMER0_B0 
*          0    0000fff6    00000002     
                  0000fff6    00000002     rts430x_lc_sd_eabi.lib : int59.obj (.int59)

COMP_B     0    0000fff8    00000002     
                  0000fff8    00000002     rts430x_lc_sd_eabi.lib : int60.obj (.int60)

UNMI       0    0000fffa    00000002     
                  0000fffa    00000002     main.obj (.int61)

SYSNMI     0    0000fffc    00000002     
                  0000fffc    00000002     rts430x_lc_sd_eabi.lib : int62.obj (.int62)

.reset     0    0000fffe    00000002     
                  0000fffe    00000002     rts430x_lc_sd_eabi.lib : boot.obj (.reset)


LINKER GENERATED COPY TABLES

__TI_cinit_table @ 0000abf2 records: 2, size/record: 8, table size: 16
	.data: load addr=0000abb8, load size=00000027 bytes, run addr=00002caa, run size=00000047 bytes, compression=rle
	.bss: load addr=0000abec, load size=00000006 bytes, run addr=00002400, run size=000008aa bytes, compression=zero_init


LINKER GENERATED HANDLER TABLE

__TI_handler_table @ 0000abe0 records: 3, size/record: 4, table size: 12
	index: 0, handler: __TI_zero_init
	index: 1, handler: __TI_decompress_rle24
	index: 2, handler: __TI_decompress_none


GLOBAL SYMBOLS: SORTED ALPHABETICALLY BY Name 

address   name                                       
-------   ----                                       
00000700  ADC12CTL0                                  
00000701  ADC12CTL0_H                                
00000700  ADC12CTL0_L                                
00000702  ADC12CTL1                                  
00000703  ADC12CTL1_H                                
00000702  ADC12CTL1_L                                
00000704  ADC12CTL2                                  
00000705  ADC12CTL2_H                                
00000704  ADC12CTL2_L                                
0000070c  ADC12IE                                    
0000070d  ADC12IE_H                                  
0000070c  ADC12IE_L                                  
0000070a  ADC12IFG                                   
0000070b  ADC12IFG_H                                 
0000070a  ADC12IFG_L                                 
00008000  ADC12ISR                                   
0000070e  ADC12IV                                    
0000070f  ADC12IV_H                                  
0000070e  ADC12IV_L                                  
00000710  ADC12MCTL0                                 
00000711  ADC12MCTL1                                 
0000071a  ADC12MCTL10                                
0000071b  ADC12MCTL11                                
0000071c  ADC12MCTL12                                
0000071d  ADC12MCTL13                                
0000071e  ADC12MCTL14                                
0000071f  ADC12MCTL15                                
00000712  ADC12MCTL2                                 
00000713  ADC12MCTL3                                 
00000714  ADC12MCTL4                                 
00000715  ADC12MCTL5                                 
00000716  ADC12MCTL6                                 
00000717  ADC12MCTL7                                 
00000718  ADC12MCTL8                                 
00000719  ADC12MCTL9                                 
00000720  ADC12MEM0                                  
00000721  ADC12MEM0_H                                
00000720  ADC12MEM0_L                                
00000722  ADC12MEM1                                  
00000734  ADC12MEM10                                 
00000735  ADC12MEM10_H                               
00000734  ADC12MEM10_L                               
00000736  ADC12MEM11                                 
00000737  ADC12MEM11_H                               
00000736  ADC12MEM11_L                               
00000738  ADC12MEM12                                 
00000739  ADC12MEM12_H                               
00000738  ADC12MEM12_L                               
0000073a  ADC12MEM13                                 
0000073b  ADC12MEM13_H                               
0000073a  ADC12MEM13_L                               
0000073c  ADC12MEM14                                 
0000073d  ADC12MEM14_H                               
0000073c  ADC12MEM14_L                               
0000073e  ADC12MEM15                                 
0000073f  ADC12MEM15_H                               
0000073e  ADC12MEM15_L                               
00000723  ADC12MEM1_H                                
00000722  ADC12MEM1_L                                
00000724  ADC12MEM2                                  
00000725  ADC12MEM2_H                                
00000724  ADC12MEM2_L                                
00000726  ADC12MEM3                                  
00000727  ADC12MEM3_H                                
00000726  ADC12MEM3_L                                
00000728  ADC12MEM4                                  
00000729  ADC12MEM4_H                                
00000728  ADC12MEM4_L                                
0000072a  ADC12MEM5                                  
0000072b  ADC12MEM5_H                                
0000072a  ADC12MEM5_L                                
0000072c  ADC12MEM6                                  
0000072d  ADC12MEM6_H                                
0000072c  ADC12MEM6_L                                
0000072e  ADC12MEM7                                  
0000072f  ADC12MEM7_H                                
0000072e  ADC12MEM7_L                                
00000730  ADC12MEM8                                  
00000731  ADC12MEM8_H                                
00000730  ADC12MEM8_L                                
00000732  ADC12MEM9                                  
00000733  ADC12MEM9_H                                
00000732  ADC12MEM9_L                                
0000a88e  C$$EXIT                                    
000008c0  CBCTL0                                     
000008c1  CBCTL0_H                                   
000008c0  CBCTL0_L                                   
000008c2  CBCTL1                                     
000008c3  CBCTL1_H                                   
000008c2  CBCTL1_L                                   
000008c4  CBCTL2                                     
000008c5  CBCTL2_H                                   
000008c4  CBCTL2_L                                   
000008c6  CBCTL3                                     
000008c7  CBCTL3_H                                   
000008c6  CBCTL3_L                                   
000008cc  CBINT                                      
000008cd  CBINT_H                                    
000008cc  CBINT_L                                    
000008ce  CBIV                                       
00000150  CRCDI                                      
00000152  CRCDIRB                                    
00000153  CRCDIRB_H                                  
00000152  CRCDIRB_L                                  
00000151  CRCDI_H                                    
00000150  CRCDI_L                                    
00000154  CRCINIRES                                  
00000155  CRCINIRES_H                                
00000154  CRCINIRES_L                                
00000156  CRCRESR                                    
00000157  CRCRESR_H                                  
00000156  CRCRESR_L                                  
00000510  DMA0CTL                                    
00000511  DMA0CTL_H                                  
00000510  DMA0CTL_L                                  
00000516  DMA0DA                                     
00000518  DMA0DAH                                    
00000516  DMA0DAL                                    
00000512  DMA0SA                                     
00000514  DMA0SAH                                    
00000512  DMA0SAL                                    
0000051a  DMA0SZ                                     
00000520  DMA1CTL                                    
00000521  DMA1CTL_H                                  
00000520  DMA1CTL_L                                  
00000526  DMA1DA                                     
00000528  DMA1DAH                                    
00000526  DMA1DAL                                    
00000522  DMA1SA                                     
00000524  DMA1SAH                                    
00000522  DMA1SAL                                    
0000052a  DMA1SZ                                     
00000530  DMA2CTL                                    
00000531  DMA2CTL_H                                  
00000530  DMA2CTL_L                                  
00000536  DMA2DA                                     
00000538  DMA2DAH                                    
00000536  DMA2DAL                                    
00000532  DMA2SA                                     
00000534  DMA2SAH                                    
00000532  DMA2SAL                                    
0000053a  DMA2SZ                                     
00000500  DMACTL0                                    
00000501  DMACTL0_H                                  
00000500  DMACTL0_L                                  
00000502  DMACTL1                                    
00000503  DMACTL1_H                                  
00000502  DMACTL1_L                                  
00000504  DMACTL2                                    
00000505  DMACTL2_H                                  
00000504  DMACTL2_L                                  
00000506  DMACTL3                                    
00000507  DMACTL3_H                                  
00000506  DMACTL3_L                                  
00000508  DMACTL4                                    
00000509  DMACTL4_H                                  
00000508  DMACTL4_L                                  
0000050e  DMAIV                                      
0000050f  DMAIV_H                                    
0000050e  DMAIV_L                                    
0000a830  DMA_disableTransferDuringReadModifyWrite   
0000a7d8  DMA_disableTransfers                       
0000a836  DMA_enableTransferDuringReadModifyWrite    
0000a7e2  DMA_enableTransfers                        
0000a7c0  DMA_getInterruptStatus                     
00009ce2  DMA_init                                   
00009bec  DMA_initialize                             
0000a3be  DMA_setDstAddress                          
0000a40a  DMA_setSrcAddress                          
0000a800  DMA_setTransferSize                        
0000a808  DMA_startTransfer                          
00000140  FCTL1                                      
00000141  FCTL1_H                                    
00000140  FCTL1_L                                    
00000144  FCTL3                                      
00000145  FCTL3_H                                    
00000144  FCTL3_L                                    
00000146  FCTL4                                      
00000147  FCTL4_H                                    
00000146  FCTL4_L                                    
0000a5a8  GPIO_setAsOutputPin                        
0000a5c2  GPIO_setAsPeripheralModuleFunctionOutputPin
0000a6be  GPIO_setOutputLowOnPin                     
00009a7c  HidCopyUsbToBuff                           
0000a77c  HidIsReceiveInProgress                     
0000a4ba  HidResetData                               
00008900  HidToBufferFromHost                        
00008c36  HidToHostFromBuffer                        
0000a554  IEP0InterruptHandler                       
000004c4  MAC                                        
000004da  MAC32H                                     
000004db  MAC32H_H                                   
000004da  MAC32H_L                                   
000004d8  MAC32L                                     
000004d9  MAC32L_H                                   
000004d8  MAC32L_L                                   
000004c6  MACS                                       
000004de  MACS32H                                    
000004df  MACS32H_H                                  
000004de  MACS32H_L                                  
000004dc  MACS32L                                    
000004dd  MACS32L_H                                  
000004dc  MACS32L_L                                  
000004c7  MACS_H                                     
000004c6  MACS_L                                     
000004c5  MAC_H                                      
000004c4  MAC_L                                      
000004c0  MPY                                        
000004ec  MPY32CTL0                                  
000004ed  MPY32CTL0_H                                
000004ec  MPY32CTL0_L                                
000004d2  MPY32H                                     
000004d3  MPY32H_H                                   
000004d2  MPY32H_L                                   
000004d0  MPY32L                                     
000004d1  MPY32L_H                                   
000004d0  MPY32L_L                                   
000004c2  MPYS                                       
000004d6  MPYS32H                                    
000004d7  MPYS32H_H                                  
000004d6  MPYS32H_L                                  
000004d4  MPYS32L                                    
000004d5  MPYS32L_H                                  
000004d4  MPYS32L_L                                  
000004c3  MPYS_H                                     
000004c2  MPYS_L                                     
000004c1  MPY_H                                      
000004c0  MPY_L                                      
0000a174  OEP0InterruptHandler                       
000004c8  OP2                                        
000004e2  OP2H                                       
000004e3  OP2H_H                                     
000004e2  OP2H_L                                     
000004e0  OP2L                                       
000004e1  OP2L_H                                     
000004e0  OP2L_L                                     
000004c9  OP2_H                                      
000004c8  OP2_L                                      
0000020e  P1IV                                       
0000021e  P2IV                                       
000001e0  P4MAP01                                    
000001e1  P4MAP01_H                                  
000001e0  P4MAP01_L                                  
000001e2  P4MAP23                                    
000001e3  P4MAP23_H                                  
000001e2  P4MAP23_L                                  
000001e4  P4MAP45                                    
000001e5  P4MAP45_H                                  
000001e4  P4MAP45_L                                  
000001e6  P4MAP67                                    
000001e7  P4MAP67_H                                  
000001e6  P4MAP67_L                                  
00000204  PADIR                                      
00000205  PADIR_H                                    
00000204  PADIR_L                                    
00000208  PADS                                       
00000209  PADS_H                                     
00000208  PADS_L                                     
0000021a  PAIE                                       
00000218  PAIES                                      
00000219  PAIES_H                                    
00000218  PAIES_L                                    
0000021b  PAIE_H                                     
0000021a  PAIE_L                                     
0000021c  PAIFG                                      
0000021d  PAIFG_H                                    
0000021c  PAIFG_L                                    
00000200  PAIN                                       
00000201  PAIN_H                                     
00000200  PAIN_L                                     
00000202  PAOUT                                      
00000203  PAOUT_H                                    
00000202  PAOUT_L                                    
00000206  PAREN                                      
00000207  PAREN_H                                    
00000206  PAREN_L                                    
0000020a  PASEL                                      
0000020b  PASEL_H                                    
0000020a  PASEL_L                                    
00000224  PBDIR                                      
00000225  PBDIR_H                                    
00000224  PBDIR_L                                    
00000228  PBDS                                       
00000229  PBDS_H                                     
00000228  PBDS_L                                     
00000220  PBIN                                       
00000221  PBIN_H                                     
00000220  PBIN_L                                     
00000222  PBOUT                                      
00000223  PBOUT_H                                    
00000222  PBOUT_L                                    
00000226  PBREN                                      
00000227  PBREN_H                                    
00000226  PBREN_L                                    
0000022a  PBSEL                                      
0000022b  PBSEL_H                                    
0000022a  PBSEL_L                                    
00000244  PCDIR                                      
00000245  PCDIR_H                                    
00000244  PCDIR_L                                    
00000248  PCDS                                       
00000249  PCDS_H                                     
00000248  PCDS_L                                     
00000240  PCIN                                       
00000241  PCIN_H                                     
00000240  PCIN_L                                     
00000242  PCOUT                                      
00000243  PCOUT_H                                    
00000242  PCOUT_L                                    
00000246  PCREN                                      
00000247  PCREN_H                                    
00000246  PCREN_L                                    
0000024a  PCSEL                                      
0000024b  PCSEL_H                                    
0000024a  PCSEL_L                                    
00000324  PJDIR                                      
00000325  PJDIR_H                                    
00000324  PJDIR_L                                    
00000328  PJDS                                       
00000329  PJDS_H                                     
00000328  PJDS_L                                     
00000320  PJIN                                       
00000321  PJIN_H                                     
00000320  PJIN_L                                     
00000322  PJOUT                                      
00000323  PJOUT_H                                    
00000322  PJOUT_L                                    
00000326  PJREN                                      
00000327  PJREN_H                                    
00000326  PJREN_L                                    
00000130  PM5CTL0                                    
00000131  PM5CTL0_H                                  
00000130  PM5CTL0_L                                  
000001c2  PMAPCTL                                    
000001c3  PMAPCTL_H                                  
000001c2  PMAPCTL_L                                  
000001c0  PMAPKEYID                                  
000001c1  PMAPKEYID_H                                
000001c0  PMAPKEYID_L                                
00000120  PMMCTL0                                    
00000121  PMMCTL0_H                                  
00000120  PMMCTL0_L                                  
00000122  PMMCTL1                                    
00000123  PMMCTL1_H                                  
00000122  PMMCTL1_L                                  
0000012c  PMMIFG                                     
0000012d  PMMIFG_H                                   
0000012c  PMMIFG_L                                   
0000012e  PMMRIE                                     
0000012f  PMMRIE_H                                   
0000012e  PMMRIE_L                                   
00009d2e  PMM_setVCore                               
000094b4  PMM_setVCoreDown                           
0000908e  PMM_setVCoreUp                             
0000993e  PWRVBUSoffHandler                          
00009adc  PWRVBUSonHandler                           
00000158  RCCTL0                                     
00000159  RCCTL0_H                                   
00000158  RCCTL0_L                                   
000001b0  REFCTL0                                    
000001b1  REFCTL0_H                                  
000001b0  REFCTL0_L                                  
000004e4  RES0                                       
000004e5  RES0_H                                     
000004e4  RES0_L                                     
000004e6  RES1                                       
000004e7  RES1_H                                     
000004e6  RES1_L                                     
000004e8  RES2                                       
000004e9  RES2_H                                     
000004e8  RES2_L                                     
000004ea  RES3                                       
000004eb  RES3_H                                     
000004ea  RES3_L                                     
000004cc  RESHI                                      
000004cd  RESHI_H                                    
000004cc  RESHI_L                                    
000004ca  RESLO                                      
000004cb  RESLO_H                                    
000004ca  RESLO_L                                    
000004ba  RTCADOWDAY                                 
000004bb  RTCADOWDAY_H                               
000004ba  RTCADOWDAY_L                               
000004b8  RTCAMINHR                                  
000004b9  RTCAMINHR_H                                
000004b8  RTCAMINHR_L                                
000004a0  RTCCTL01                                   
000004a1  RTCCTL01_H                                 
000004a0  RTCCTL01_L                                 
000004a2  RTCCTL23                                   
000004a3  RTCCTL23_H                                 
000004a2  RTCCTL23_L                                 
000004b4  RTCDATE                                    
000004b5  RTCDATE_H                                  
000004b4  RTCDATE_L                                  
000004ae  RTCIV                                      
000004ac  RTCPS                                      
000004a8  RTCPS0CTL                                  
000004a9  RTCPS0CTL_H                                
000004a8  RTCPS0CTL_L                                
000004aa  RTCPS1CTL                                  
000004ab  RTCPS1CTL_H                                
000004aa  RTCPS1CTL_L                                
000004ad  RTCPS_H                                    
000004ac  RTCPS_L                                    
000004b0  RTCTIM0                                    
000004b1  RTCTIM0_H                                  
000004b0  RTCTIM0_L                                  
000004b2  RTCTIM1                                    
000004b3  RTCTIM1_H                                  
000004b2  RTCTIM1_L                                  
000004b6  RTCYEAR                                    
000004b7  RTCYEAR_H                                  
000004b6  RTCYEAR_L                                  
00000100  SFRIE1                                     
00000101  SFRIE1_H                                   
00000100  SFRIE1_L                                   
00000102  SFRIFG1                                    
00000103  SFRIFG1_H                                  
00000102  SFRIFG1_L                                  
00000104  SFRRPCR                                    
00000105  SFRRPCR_H                                  
00000104  SFRRPCR_L                                  
0000a83c  SFR_clearInterrupt                         
000004ce  SUMEXT                                     
000004cf  SUMEXT_H                                   
000004ce  SUMEXT_L                                   
00000124  SVSMHCTL                                   
00000125  SVSMHCTL_H                                 
00000124  SVSMHCTL_L                                 
00000128  SVSMIO                                     
00000129  SVSMIO_H                                   
00000128  SVSMIO_L                                   
00000126  SVSMLCTL                                   
00000127  SVSMLCTL_H                                 
00000126  SVSMLCTL_L                                 
00000198  SYSBERRIV                                  
00000199  SYSBERRIV_H                                
00000198  SYSBERRIV_L                                
00000182  SYSBSLC                                    
00000183  SYSBSLC_H                                  
00000182  SYSBSLC_L                                  
00000180  SYSCTL                                     
00000181  SYSCTL_H                                   
00000180  SYSCTL_L                                   
00000186  SYSJMBC                                    
00000187  SYSJMBC_H                                  
00000186  SYSJMBC_L                                  
00000188  SYSJMBI0                                   
00000189  SYSJMBI0_H                                 
00000188  SYSJMBI0_L                                 
0000018a  SYSJMBI1                                   
0000018b  SYSJMBI1_H                                 
0000018a  SYSJMBI1_L                                 
0000018c  SYSJMBO0                                   
0000018d  SYSJMBO0_H                                 
0000018c  SYSJMBO0_L                                 
0000018e  SYSJMBO1                                   
0000018f  SYSJMBO1_H                                 
0000018e  SYSJMBO1_L                                 
0000019e  SYSRSTIV                                   
0000019f  SYSRSTIV_H                                 
0000019e  SYSRSTIV_L                                 
0000019c  SYSSNIV                                    
0000019d  SYSSNIV_H                                  
0000019c  SYSSNIV_L                                  
0000019a  SYSUNIV                                    
0000019b  SYSUNIV_H                                  
0000019a  SYSUNIV_L                                  
00009e56  SetupPacketInterruptHandler                
00000352  TA0CCR0                                    
00000354  TA0CCR1                                    
00000356  TA0CCR2                                    
00000358  TA0CCR3                                    
0000035a  TA0CCR4                                    
00000342  TA0CCTL0                                   
00000344  TA0CCTL1                                   
00000346  TA0CCTL2                                   
00000348  TA0CCTL3                                   
0000034a  TA0CCTL4                                   
00000340  TA0CTL                                     
00000360  TA0EX0                                     
0000036e  TA0IV                                      
00000350  TA0R                                       
00000392  TA1CCR0                                    
00000394  TA1CCR1                                    
00000396  TA1CCR2                                    
00000382  TA1CCTL0                                   
00000384  TA1CCTL1                                   
00000386  TA1CCTL2                                   
00000380  TA1CTL                                     
000003a0  TA1EX0                                     
000003ae  TA1IV                                      
00000390  TA1R                                       
00000412  TA2CCR0                                    
00000414  TA2CCR1                                    
00000416  TA2CCR2                                    
00000402  TA2CCTL0                                   
00000404  TA2CCTL1                                   
00000406  TA2CCTL2                                   
00000400  TA2CTL                                     
00000420  TA2EX0                                     
0000042e  TA2IV                                      
00000410  TA2R                                       
000003d2  TB0CCR0                                    
000003d4  TB0CCR1                                    
000003d6  TB0CCR2                                    
000003d8  TB0CCR3                                    
000003da  TB0CCR4                                    
000003dc  TB0CCR5                                    
000003de  TB0CCR6                                    
000003c2  TB0CCTL0                                   
000003c4  TB0CCTL1                                   
000003c6  TB0CCTL2                                   
000003c8  TB0CCTL3                                   
000003ca  TB0CCTL4                                   
000003cc  TB0CCTL5                                   
000003ce  TB0CCTL6                                   
000003c0  TB0CTL                                     
000003e0  TB0EX0                                     
000003ee  TB0IV                                      
000003d0  TB0R                                       
0000a828  TIMER0_A0_ISR                              
00009e9e  TLV_getInfo                                
000005d0  UCA0ABCTL                                  
000005c6  UCA0BRW                                    
000005c7  UCA0BRW_H                                  
000005c6  UCA0BRW_L                                  
000005c0  UCA0CTLW0                                  
000005c1  UCA0CTLW0_H                                
000005c0  UCA0CTLW0_L                                
000005dc  UCA0ICTL                                   
000005dd  UCA0ICTL_H                                 
000005dc  UCA0ICTL_L                                 
000005d2  UCA0IRCTL                                  
000005d3  UCA0IRCTL_H                                
000005d2  UCA0IRCTL_L                                
000005de  UCA0IV                                     
000005c8  UCA0MCTL                                   
000005cc  UCA0RXBUF                                  
000005ca  UCA0STAT                                   
000005ce  UCA0TXBUF                                  
00000610  UCA1ABCTL                                  
00000606  UCA1BRW                                    
00000607  UCA1BRW_H                                  
00000606  UCA1BRW_L                                  
00000600  UCA1CTLW0                                  
00000601  UCA1CTLW0_H                                
00000600  UCA1CTLW0_L                                
0000061c  UCA1ICTL                                   
0000061d  UCA1ICTL_H                                 
0000061c  UCA1ICTL_L                                 
00000612  UCA1IRCTL                                  
00000613  UCA1IRCTL_H                                
00000612  UCA1IRCTL_L                                
0000061e  UCA1IV                                     
00000608  UCA1MCTL                                   
0000060c  UCA1RXBUF                                  
0000060a  UCA1STAT                                   
0000060e  UCA1TXBUF                                  
000005e6  UCB0BRW                                    
000005e7  UCB0BRW_H                                  
000005e6  UCB0BRW_L                                  
000005e0  UCB0CTLW0                                  
000005e1  UCB0CTLW0_H                                
000005e0  UCB0CTLW0_L                                
000005f0  UCB0I2COA                                  
000005f1  UCB0I2COA_H                                
000005f0  UCB0I2COA_L                                
000005f2  UCB0I2CSA                                  
000005f3  UCB0I2CSA_H                                
000005f2  UCB0I2CSA_L                                
000005fc  UCB0ICTL                                   
000005fd  UCB0ICTL_H                                 
000005fc  UCB0ICTL_L                                 
000005fe  UCB0IV                                     
000005ec  UCB0RXBUF                                  
000005ea  UCB0STAT                                   
000005ee  UCB0TXBUF                                  
00000626  UCB1BRW                                    
00000627  UCB1BRW_H                                  
00000626  UCB1BRW_L                                  
00000620  UCB1CTLW0                                  
00000621  UCB1CTLW0_H                                
00000620  UCB1CTLW0_L                                
00000630  UCB1I2COA                                  
00000631  UCB1I2COA_H                                
00000630  UCB1I2COA_L                                
00000632  UCB1I2CSA                                  
00000633  UCB1I2CSA_H                                
00000632  UCB1I2CSA_L                                
0000063c  UCB1ICTL                                   
0000063d  UCB1ICTL_H                                 
0000063c  UCB1ICTL_L                                 
0000063e  UCB1IV                                     
0000062c  UCB1RXBUF                                  
0000062a  UCB1STAT                                   
0000062e  UCB1TXBUF                                  
00000160  UCSCTL0                                    
00000161  UCSCTL0_H                                  
00000160  UCSCTL0_L                                  
00000162  UCSCTL1                                    
00000163  UCSCTL1_H                                  
00000162  UCSCTL1_L                                  
00000164  UCSCTL2                                    
00000165  UCSCTL2_H                                  
00000164  UCSCTL2_L                                  
00000166  UCSCTL3                                    
00000167  UCSCTL3_H                                  
00000166  UCSCTL3_L                                  
00000168  UCSCTL4                                    
00000169  UCSCTL4_H                                  
00000168  UCSCTL4_L                                  
0000016a  UCSCTL5                                    
0000016b  UCSCTL5_H                                  
0000016a  UCSCTL5_L                                  
0000016c  UCSCTL6                                    
0000016d  UCSCTL6_H                                  
0000016c  UCSCTL6_L                                  
0000016e  UCSCTL7                                    
0000016f  UCSCTL7_H                                  
0000016e  UCSCTL7_L                                  
00000170  UCSCTL8                                    
00000171  UCSCTL8_H                                  
00000170  UCSCTL8_L                                  
0000a810  UCS_XT2Off                                 
00009fbc  UCS_XT2StartWithTimeout                    
0000a842  UCS_clearFaultFlag                         
000095d2  UCS_clockSignalInit                        
00008e04  UCS_initFLL                                
0000a256  UCS_initFLLSettle                          
0000a07c  UNMI_ISR                                   
00000902  USBCNF                                     
00000903  USBCNF_H                                   
00000902  USBCNF_L                                   
0000093c  USBCTL                                     
0000093a  USBFN                                      
0000093b  USBFN_H                                    
0000093a  USBFN_L                                    
0000093f  USBFUNADR                                  
0000a1ec  USBHID_abortSend                           
0000915c  USBHID_bytesInUSBBuffer                    
0000a818  USBHID_handleDataReceived                  
0000a866  USBHID_handleEP0GetReport                  
0000a86a  USBHID_handleEP0SetReport                  
0000a86e  USBHID_handleEP0SetReportDataAvailable     
0000a872  USBHID_handleReceiveCompleted              
0000a820  USBHID_handleSendCompleted                 
0000937a  USBHID_intfStatus                          
00008594  USBHID_receiveData                         
000098d0  USBHID_sendData                            
0000093d  USBIE                                      
00002378  USBIEP0BUF                                 
000023c9  USBIEPBBAX_1                               
000023d1  USBIEPBBAX_2                               
000023d9  USBIEPBBAX_3                               
000023e1  USBIEPBBAX_4                               
000023e9  USBIEPBBAX_5                               
000023f1  USBIEPBBAX_6                               
000023f9  USBIEPBBAX_7                               
000023cd  USBIEPBBAY_1                               
000023d5  USBIEPBBAY_2                               
000023dd  USBIEPBBAY_3                               
000023e5  USBIEPBBAY_4                               
000023ed  USBIEPBBAY_5                               
000023f5  USBIEPBBAY_6                               
000023fd  USBIEPBBAY_7                               
000023ca  USBIEPBCTX_1                               
000023d2  USBIEPBCTX_2                               
000023da  USBIEPBCTX_3                               
000023e2  USBIEPBCTX_4                               
000023ea  USBIEPBCTX_5                               
000023f2  USBIEPBCTX_6                               
000023fa  USBIEPBCTX_7                               
000023ce  USBIEPBCTY_1                               
000023d6  USBIEPBCTY_2                               
000023de  USBIEPBCTY_3                               
000023e6  USBIEPBCTY_4                               
000023ee  USBIEPBCTY_5                               
000023f6  USBIEPBCTY_6                               
000023fe  USBIEPBCTY_7                               
00000920  USBIEPCNF_0                                
000023c8  USBIEPCNF_1                                
000023d0  USBIEPCNF_2                                
000023d8  USBIEPCNF_3                                
000023e0  USBIEPCNF_4                                
000023e8  USBIEPCNF_5                                
000023f0  USBIEPCNF_6                                
000023f8  USBIEPCNF_7                                
00000921  USBIEPCNT_0                                
0000092e  USBIEPIE                                   
00000930  USBIEPIFG                                  
000023cf  USBIEPSIZXY_1                              
000023d7  USBIEPSIZXY_2                              
000023df  USBIEPSIZXY_3                              
000023e7  USBIEPSIZXY_4                              
000023ef  USBIEPSIZXY_5                              
000023f7  USBIEPSIZXY_6                              
000023ff  USBIEPSIZXY_7                              
0000093e  USBIFG                                     
00000900  USBKEYID                                   
00000901  USBKEYID_H                                 
00000900  USBKEYID_L                                 
00000936  USBMAINT                                   
00000937  USBMAINT_H                                 
00000936  USBMAINT_L                                 
00002370  USBOEP0BUF                                 
00002389  USBOEPBBAX_1                               
00002391  USBOEPBBAX_2                               
00002399  USBOEPBBAX_3                               
000023a1  USBOEPBBAX_4                               
000023a9  USBOEPBBAX_5                               
000023b1  USBOEPBBAX_6                               
000023b9  USBOEPBBAX_7                               
0000238d  USBOEPBBAY_1                               
00002395  USBOEPBBAY_2                               
0000239d  USBOEPBBAY_3                               
000023a5  USBOEPBBAY_4                               
000023ad  USBOEPBBAY_5                               
000023b5  USBOEPBBAY_6                               
000023bd  USBOEPBBAY_7                               
0000238a  USBOEPBCTX_1                               
00002392  USBOEPBCTX_2                               
0000239a  USBOEPBCTX_3                               
000023a2  USBOEPBCTX_4                               
000023aa  USBOEPBCTX_5                               
000023b2  USBOEPBCTX_6                               
000023ba  USBOEPBCTX_7                               
0000238e  USBOEPBCTY_1                               
00002396  USBOEPBCTY_2                               
0000239e  USBOEPBCTY_3                               
000023a6  USBOEPBCTY_4                               
000023ae  USBOEPBCTY_5                               
000023b6  USBOEPBCTY_6                               
000023be  USBOEPBCTY_7                               
00000922  USBOEPCNF_0                                
00002388  USBOEPCNF_1                                
00002390  USBOEPCNF_2                                
00002398  USBOEPCNF_3                                
000023a0  USBOEPCNF_4                                
000023a8  USBOEPCNF_5                                
000023b0  USBOEPCNF_6                                
000023b8  USBOEPCNF_7                                
00000923  USBOEPCNT_0                                
0000092f  USBOEPIE                                   
00000931  USBOEPIFG                                  
0000238f  USBOEPSIZXY_1                              
00002397  USBOEPSIZXY_2                              
0000239f  USBOEPSIZXY_3                              
000023a7  USBOEPSIZXY_4                              
000023af  USBOEPSIZXY_5                              
000023b7  USBOEPSIZXY_6                              
000023bf  USBOEPSIZXY_7                              
00000904  USBPHYCTL                                  
00000905  USBPHYCTL_H                                
00000904  USBPHYCTL_L                                
00000910  USBPLLCTL                                  
00000911  USBPLLCTL_H                                
00000910  USBPLLCTL_L                                
00000912  USBPLLDIVB                                 
00000913  USBPLLDIVB_H                               
00000912  USBPLLDIVB_L                               
00000914  USBPLLIR                                   
00000915  USBPLLIR_H                                 
00000914  USBPLLIR_L                                 
00000908  USBPWRCTL                                  
00000909  USBPWRCTL_H                                
00000908  USBPWRCTL_L                                
00001c00  USBSTABUFF                                 
00002380  USBSUBLK                                   
0000236f  USBTOPBUFF                                 
00000938  USBTSREG                                   
00000939  USBTSREG_H                                 
00000938  USBTSREG_L                                 
00000932  USBVECINT                                  
00000933  USBVECINT_H                                
00000932  USBVECINT_L                                
0000921c  USB_InitSerialStringDescriptor             
00002c88  USB_RX_memcpy                              
00002c8c  USB_TX_memcpy                              
0000a5dc  USB_connect                                
0000a288  USB_connectionInfo                         
0000941e  USB_connectionState                        
000092cc  USB_determineFreq                          
0000a476  USB_disable                                
0000a498  USB_disconnect                             
00008fbc  USB_enable                                 
0000a848  USB_getVersion                             
0000a7cc  USB_handleClockEvent                       
0000a876  USB_handleEnumCompleteEvent                
0000a87a  USB_handleResetEvent                       
0000a87e  USB_handleResumeEvent                      
0000a882  USB_handleSuspendEvent                     
0000a886  USB_handleVbusOffEvent                     
0000a72c  USB_handleVbusOnEvent                      
000096e0  USB_init                                   
00009ffc  USB_initMemcpy                             
00008d1e  USB_reset                                  
0000a65e  USB_resume                                 
00009d78  USB_setup                                  
0000a2ba  USB_suspend                                
00002cea  VERSION                                    
0000015c  WDTCTL                                     
0000015d  WDTCTL_H                                   
0000015c  WDTCTL_L                                   
0000a676  WDT_A_hold                                 
00004400  __STACK_END                                
000000a0  __STACK_SIZE                               
0000abf2  __TI_CINIT_Base                            
0000ac02  __TI_CINIT_Limit                           
0000abe0  __TI_Handler_Table_Base                    
0000abec  __TI_Handler_Table_Limit                   
UNDEFED   __TI_INITARRAY_Base                        
UNDEFED   __TI_INITARRAY_Limit                       
0000a84e  __TI_ISR_TRAP                              
0000a1b0  __TI_decompress_none                       
0000a7b2  __TI_decompress_rle24                      
0000ffd2  __TI_int41                                 
0000ffd4  __TI_int42                                 
0000ffd6  __TI_int43                                 
0000ffd8  __TI_int44                                 
0000ffda  __TI_int45                                 
0000ffdc  __TI_int46                                 
0000ffde  __TI_int47                                 
0000ffe0  __TI_int48                                 
0000ffe2  __TI_int49                                 
0000ffe4  __TI_int50                                 
0000ffe6  __TI_int51                                 
0000ffe8  __TI_int52                                 
0000ffea  __TI_int53                                 
0000ffec  __TI_int54                                 
0000ffee  __TI_int55                                 
0000fff0  __TI_int56                                 
0000fff2  __TI_int57                                 
0000fff4  __TI_int58                                 
0000fff6  __TI_int59                                 
0000fff8  __TI_int60                                 
0000fffa  __TI_int61                                 
0000fffc  __TI_int62                                 
0000a0ba  __TI_zero_init                             
ffffffff  __binit__                                  
ffffffff  __c_args__                                 
0000a03c  __memcpy_far                               
0000a6d4  __mspabi_divu                              
00009b94  __mspabi_divul                             
0000a6ea  __mspabi_mpyi_f5hw                         
0000a6d4  __mspabi_remu                              
00009b94  __mspabi_remul                             
0000a7ec  __mspabi_slli                              
0000a7f6  __mspabi_srli                              
0000a16e  __mspabi_srll_1                            
0000a14a  __mspabi_srll_10                           
0000a146  __mspabi_srll_11                           
0000a142  __mspabi_srll_12                           
0000a13e  __mspabi_srll_13                           
0000a13a  __mspabi_srll_14                           
0000a136  __mspabi_srll_15                           
0000a16a  __mspabi_srll_2                            
0000a166  __mspabi_srll_3                            
0000a162  __mspabi_srll_4                            
0000a15e  __mspabi_srll_5                            
0000a15a  __mspabi_srll_6                            
0000a156  __mspabi_srll_7                            
0000a152  __mspabi_srll_8                            
0000a14e  __mspabi_srll_9                            
00009764  _auto_init_hold_wdt                        
0000a5f6  _c_int00_noargs_noexit                     
0000fffe  _reset_vector                              
00004360  _stack                                     
0000a88a  _system_pre_init                           
00002378  abIEP0Buffer                               
00002370  abOEP0Buffer                               
00002c78  abUsbRequestIncomingData                   
00002c80  abUsbRequestReturnData                     
0000a88e  abort                                      
00002c3e  abramSerialStringDescriptor                
0000ab00  abromConfigurationDescriptorGroup          
0000ab8a  abromDeviceDescriptor                      
0000aa60  abromStringDescriptor                      
00002ce8  bEnumerationStatus                         
00002ce7  bFunctionSuspended                         
00002cb4  bHIDDataReceived_event                     
00002cb5  bHIDDataSent_event                         
00002ca9  bStatusAction                              
ffffffff  binit                                      
00002cb2  blinkingLowVoltageTimer                    
00002400  circularBuffer                             
00002cb8  commandDeimiter                            
00002cac  correctionVccOverTwo                       
00002cbe  counterd                                   
00002cde  currentEncoderVoltage                      
00002ce0  debounceEncoderTimer                       
00002cc4  debounceTimer1                             
00002cc6  debounceTimer2                             
00002cc8  debounceTimer3                             
00002cca  debounceTimer4                             
00002ccc  debounceTimer5                             
00009ee6  defaultSetupADC                            
00002c90  difference                                 
00002ce2  encoderEnabled                             
00002cd8  enterTheBSL                                
00002cce  eventEnabled1                              
00002cd0  eventEnabled2                              
00002cd2  eventEnabled3                              
00002cd4  eventEnabled4                              
00002cd6  eventEnabled5                              
0000876c  executeCommand                             
00002c92  generalIndexVar                            
00002c94  head                                       
00002cf0  hidProtocol                                
00009f2e  hidReceiveDataInBuffer                     
000099a8  hidSendDataInBackground                    
00008a22  iUsbInterruptHandler                       
0000a0f8  initClocks                                 
000097e4  initPorts                                  
00002cdc  lastEncoderVoltage                         
00002cb0  lowRailVoltageDetected                     
000083ba  main                                       
0000a78e  memcpy                                     
00009b3a  memcpyDMA                                  
0000a610  memcpyV                                    
0000a740  memset                                     
00002cc2  numberOfChannels                           
00002cda  operationMode                              
00002cba  parameterDeimiter                          
00001c00  pbXBufferAddressEp1                        
00001d00  pbXBufferAddressEp2                        
00001e00  pbXBufferAddressEp3                        
00001f00  pbXBufferAddressEp4                        
00002000  pbXBufferAddressEp5                        
00002100  pbXBufferAddressEp6                        
00002200  pbXBufferAddressEp7                        
00001c80  pbXBufferAddressEp81                       
00001d80  pbXBufferAddressEp82                       
00001e80  pbXBufferAddressEp83                       
00001f80  pbXBufferAddressEp84                       
00002080  pbXBufferAddressEp85                       
00002180  pbXBufferAddressEp86                       
00002280  pbXBufferAddressEp87                       
00001c40  pbYBufferAddressEp1                        
00001d40  pbYBufferAddressEp2                        
00001e40  pbYBufferAddressEp3                        
00001f40  pbYBufferAddressEp4                        
00002040  pbYBufferAddressEp5                        
00002140  pbYBufferAddressEp6                        
00002240  pbYBufferAddressEp7                        
00001cc0  pbYBufferAddressEp81                       
00001dc0  pbYBufferAddressEp82                       
00001ec0  pbYBufferAddressEp83                       
00001fc0  pbYBufferAddressEp84                       
000020c0  pbYBufferAddressEp85                       
000021c0  pbYBufferAddressEp86                       
000022c0  pbYBufferAddressEp87                       
00002caa  powerTurnedOff                             
00002cec  report_desc                                
0000ab2a  report_desc_HID0                           
0000abb6  report_desc_size                           
00002cb6  rounds                                     
00002ce4  sampleData                                 
00008b40  sendStringWithEscapeSequence               
00009548  setupOperationMode                         
0000ab9c  stUsbHandle                                
0000a62a  strcat                                     
0000a68e  strcmp                                     
0000a36e  strcspn                                    
0000a396  strspn                                     
00009dc2  strtok                                     
00000920  tEndPoint0DescriptorBlock                  
000023c8  tInputEndPointDescriptorBlock              
00002388  tOutputEndPointDescriptorBlock             
00002380  tSetupPacket                               
0000a892  tUsbRequestList                            
00002c9a  tail                                       
00002c9c  tempADCresult                              
00002cae  tempCorrectionVariable                     
00002cbc  tempIndex                                  
00002c00  tempSendBuffer                             
0000a42e  usbClearDeviceFeature                      
00009f76  usbClearEndpointFeature                    
0000a854  usbClearOEP0ByteCount                      
0000965a  usbDecodeAndProcessUsbRequest              
0000a570  usbDisableInEndpointInterrupt              
0000a58c  usbDisableOutEndpointInterrupt             
0000a754  usbGetConfiguration                        
0000a700  usbGetConfigurationDescriptor              
0000a716  usbGetDeviceDescriptor                     
0000a31a  usbGetDeviceStatus                         
00009a12  usbGetEndpointStatus                       
0000a4fa  usbGetHidDescriptor                        
0000a518  usbGetInterface                            
0000a536  usbGetInterfaceStatus                      
0000a3e4  usbGetReport                               
0000a6a6  usbGetReportDescriptor                     
00009c94  usbGetStringDescriptor                     
0000a7a0  usbInvalidRequest                          
0000a768  usbReceiveDataPacketOnEP0                  
00009e0c  usbReceiveNextPacketOnOEP0                 
0000a85a  usbRestoreInEndpointInterrupt              
0000a860  usbRestoreOutEndpointInterrupt             
0000a4da  usbSendDataPacketOnEP0                     
00009860  usbSendNextPacketOnIEP0                    
0000a222  usbSetAddress                              
0000a2ea  usbSetConfiguration                        
0000a452  usbSetDeviceFeature                        
00009c42  usbSetEndpointFeature                      
0000a644  usbSetInterface                            
0000a344  usbSetReport                               
00002c9e  w                                          
00002ca0  wBytesRemainingOnIEP0                      
00002ca2  wBytesRemainingOnOEP0                      
00002ca4  wUsbEventMask                              
00002cc0  weHaveDataToSend                           


GLOBAL SYMBOLS: SORTED BY Symbol Address 

address   name                                       
[...]
0000093f  USBFUNADR                                  
00001c00  USBSTABUFF                                 
00001c00  pbXBufferAddressEp1                        
00001c40  pbYBufferAddressEp1                        
00001c80  pbXBufferAddressEp81                       
00001cc0  pbYBufferAddressEp81                       
00001d00  pbXBufferAddressEp2                        
00001d40  pbYBufferAddressEp2                        
00001d80  pbXBufferAddressEp82                       
00001dc0  pbYBufferAddressEp82                       
00001e00  pbXBufferAddressEp3                        
00001e40  pbYBufferAddressEp3                        
00001e80  pbXBufferAddressEp83                       
00001ec0  pbYBufferAddressEp83                       
00001f00  pbXBufferAddressEp4                        
00001f40  pbYBufferAddressEp4                        
00001f80  pbXBufferAddressEp84                       
00001fc0  pbYBufferAddressEp84                       
00002000  pbXBufferAddressEp5                        
00002040  pbYBufferAddressEp5                        
00002080  pbXBufferAddressEp85                       
000020c0  pbYBufferAddressEp85                       
00002100  pbXBufferAddressEp6                        
00002140  pbYBufferAddressEp6                        
00002180  pbXBufferAddressEp86                       
000021c0  pbYBufferAddressEp86                       
00002200  pbXBufferAddressEp7                        
00002240  pbYBufferAddressEp7                        
00002280  pbXBufferAddressEp87                       
000022c0  pbYBufferAddressEp87                       
0000236f  USBTOPBUFF                                 
00002370  USBOEP0BUF                                 
00002370  abOEP0Buffer                               
00002378  USBIEP0BUF                                 
00002378  abIEP0Buffer                               
00002380  USBSUBLK                                   
00002380  tSetupPacket                               
00002388  USBOEPCNF_1                                
00002388  tOutputEndPointDescriptorBlock             
00002389  USBOEPBBAX_1                               
0000238a  USBOEPBCTX_1                               
0000238d  USBOEPBBAY_1                               
0000238e  USBOEPBCTY_1                               
0000238f  USBOEPSIZXY_1                              
00002390  USBOEPCNF_2                                
00002391  USBOEPBBAX_2                               
00002392  USBOEPBCTX_2                               
00002395  USBOEPBBAY_2                               
00002396  USBOEPBCTY_2                               
00002397  USBOEPSIZXY_2                              
00002398  USBOEPCNF_3                                
00002399  USBOEPBBAX_3                               
0000239a  USBOEPBCTX_3                               
0000239d  USBOEPBBAY_3                               
0000239e  USBOEPBCTY_3                               
0000239f  USBOEPSIZXY_3                              
000023a0  USBOEPCNF_4                                
000023a1  USBOEPBBAX_4                               
000023a2  USBOEPBCTX_4                               
000023a5  USBOEPBBAY_4                               
000023a6  USBOEPBCTY_4                               
000023a7  USBOEPSIZXY_4                              
000023a8  USBOEPCNF_5                                
000023a9  USBOEPBBAX_5                               
000023aa  USBOEPBCTX_5                               
000023ad  USBOEPBBAY_5                               
000023ae  USBOEPBCTY_5                               
000023af  USBOEPSIZXY_5                              
000023b0  USBOEPCNF_6                                
000023b1  USBOEPBBAX_6                               
000023b2  USBOEPBCTX_6                               
000023b5  USBOEPBBAY_6                               
000023b6  USBOEPBCTY_6                               
000023b7  USBOEPSIZXY_6                              
000023b8  USBOEPCNF_7                                
000023b9  USBOEPBBAX_7                               
000023ba  USBOEPBCTX_7                               
000023bd  USBOEPBBAY_7                               
000023be  USBOEPBCTY_7                               
000023bf  USBOEPSIZXY_7                              
000023c8  USBIEPCNF_1                                
000023c8  tInputEndPointDescriptorBlock              
000023c9  USBIEPBBAX_1                               
000023ca  USBIEPBCTX_1                               
000023cd  USBIEPBBAY_1                               
000023ce  USBIEPBCTY_1                               
000023cf  USBIEPSIZXY_1                              
000023d0  USBIEPCNF_2                                
000023d1  USBIEPBBAX_2                               
000023d2  USBIEPBCTX_2                               
000023d5  USBIEPBBAY_2                               
000023d6  USBIEPBCTY_2                               
000023d7  USBIEPSIZXY_2                              
000023d8  USBIEPCNF_3                                
000023d9  USBIEPBBAX_3                               
000023da  USBIEPBCTX_3                               
000023dd  USBIEPBBAY_3                               
000023de  USBIEPBCTY_3                               
000023df  USBIEPSIZXY_3                              
000023e0  USBIEPCNF_4                                
000023e1  USBIEPBBAX_4                               
000023e2  USBIEPBCTX_4                               
000023e5  USBIEPBBAY_4                               
000023e6  USBIEPBCTY_4                               
000023e7  USBIEPSIZXY_4                              
000023e8  USBIEPCNF_5                                
000023e9  USBIEPBBAX_5                               
000023ea  USBIEPBCTX_5                               
000023ed  USBIEPBBAY_5                               
000023ee  USBIEPBCTY_5                               
000023ef  USBIEPSIZXY_5                              
000023f0  USBIEPCNF_6                                
000023f1  USBIEPBBAX_6                               
000023f2  USBIEPBCTX_6                               
000023f5  USBIEPBBAY_6                               
000023f6  USBIEPBCTY_6                               
000023f7  USBIEPSIZXY_6                              
000023f8  USBIEPCNF_7                                
000023f9  USBIEPBBAX_7                               
000023fa  USBIEPBCTX_7                               
000023fd  USBIEPBBAY_7                               
000023fe  USBIEPBCTY_7                               
000023ff  USBIEPSIZXY_7                              
00002400  circularBuffer                             
00002c00  tempSendBuffer                             
00002c3e  abramSerialStringDescriptor                
00002c78  abUsbRequestIncomingData                   
00002c80  abUsbRequestReturnData                     
00002c88  USB_RX_memcpy                              
00002c8c  USB_TX_memcpy                              
00002c90  difference                                 
00002c92  generalIndexVar                            
00002c94  head                                       
00002c9a  tail                                       
00002c9c  tempADCresult                              
00002c9e  w                                          
00002ca0  wBytesRemainingOnIEP0                      
00002ca2  wBytesRemainingOnOEP0                      
00002ca4  wUsbEventMask                              
00002ca9  bStatusAction                              
00002caa  powerTurnedOff                             
00002cac  correctionVccOverTwo                       
00002cae  tempCorrectionVariable                     
00002cb0  lowRailVoltageDetected                     
00002cb2  blinkingLowVoltageTimer                    
00002cb4  bHIDDataReceived_event                     
00002cb5  bHIDDataSent_event                         
00002cb6  rounds                                     
00002cb8  commandDeimiter                            
00002cba  parameterDeimiter                          
00002cbc  tempIndex                                  
00002cbe  counterd                                   
00002cc0  weHaveDataToSend                           
00002cc2  numberOfChannels                           
00002cc4  debounceTimer1                             
00002cc6  debounceTimer2                             
00002cc8  debounceTimer3                             
00002cca  debounceTimer4                             
00002ccc  debounceTimer5                             
00002cce  eventEnabled1                              
00002cd0  eventEnabled2                              
00002cd2  eventEnabled3                              
00002cd4  eventEnabled4                              
00002cd6  eventEnabled5                              
00002cd8  enterTheBSL                                
00002cda  operationMode                              
00002cdc  lastEncoderVoltage                         
00002cde  currentEncoderVoltage                      
00002ce0  debounceEncoderTimer                       
00002ce2  encoderEnabled                             
00002ce4  sampleData                                 
00002ce7  bFunctionSuspended                         
00002ce8  bEnumerationStatus                         
00002cea  VERSION                                    
00002cec  report_desc                                
00002cf0  hidProtocol                                
00004360  _stack                                     
00004400  __STACK_END                                
00008000  ADC12ISR                                   
000083ba  main                                       
00008594  USBHID_receiveData                         
0000876c  executeCommand                             
00008900  HidToBufferFromHost                        
00008a22  iUsbInterruptHandler                       
00008b40  sendStringWithEscapeSequence               
00008c36  HidToHostFromBuffer                        
00008d1e  USB_reset                                  
00008e04  UCS_initFLL                                
00008fbc  USB_enable                                 
0000908e  PMM_setVCoreUp                             
0000915c  USBHID_bytesInUSBBuffer                    
0000921c  USB_InitSerialStringDescriptor             
000092cc  USB_determineFreq                          
0000937a  USBHID_intfStatus                          
0000941e  USB_connectionState                        
000094b4  PMM_setVCoreDown                           
00009548  setupOperationMode                         
000095d2  UCS_clockSignalInit                        
0000965a  usbDecodeAndProcessUsbRequest              
000096e0  USB_init                                   
00009764  _auto_init_hold_wdt                        
000097e4  initPorts                                  
00009860  usbSendNextPacketOnIEP0                    
000098d0  USBHID_sendData                            
0000993e  PWRVBUSoffHandler                          
000099a8  hidSendDataInBackground                    
00009a12  usbGetEndpointStatus                       
00009a7c  HidCopyUsbToBuff                           
00009adc  PWRVBUSonHandler                           
00009b3a  memcpyDMA                                  
00009b94  __mspabi_divul                             
00009b94  __mspabi_remul                             
00009bec  DMA_initialize                             
00009c42  usbSetEndpointFeature                      
00009c94  usbGetStringDescriptor                     
00009ce2  DMA_init                                   
00009d2e  PMM_setVCore                               
00009d78  USB_setup                                  
00009dc2  strtok                                     
00009e0c  usbReceiveNextPacketOnOEP0                 
00009e56  SetupPacketInterruptHandler                
00009e9e  TLV_getInfo                                
00009ee6  defaultSetupADC                            
00009f2e  hidReceiveDataInBuffer                     
00009f76  usbClearEndpointFeature                    
00009fbc  UCS_XT2StartWithTimeout                    
00009ffc  USB_initMemcpy                             
0000a03c  __memcpy_far                               
0000a07c  UNMI_ISR                                   
0000a0ba  __TI_zero_init                             
0000a0f8  initClocks                                 
0000a136  __mspabi_srll_15                           
0000a13a  __mspabi_srll_14                           
0000a13e  __mspabi_srll_13                           
0000a142  __mspabi_srll_12                           
0000a146  __mspabi_srll_11                           
0000a14a  __mspabi_srll_10                           
0000a14e  __mspabi_srll_9                            
0000a152  __mspabi_srll_8                            
0000a156  __mspabi_srll_7                            
0000a15a  __mspabi_srll_6                            
0000a15e  __mspabi_srll_5                            
0000a162  __mspabi_srll_4                            
0000a166  __mspabi_srll_3                            
0000a16a  __mspabi_srll_2                            
0000a16e  __mspabi_srll_1                            
0000a174  OEP0InterruptHandler                       
0000a1b0  __TI_decompress_none                       
0000a1ec  USBHID_abortSend                           
0000a222  usbSetAddress                              
0000a256  UCS_initFLLSettle                          
0000a288  USB_connectionInfo                         
0000a2ba  USB_suspend                                
0000a2ea  usbSetConfiguration                        
0000a31a  usbGetDeviceStatus                         
0000a344  usbSetReport                               
0000a36e  strcspn                                    
0000a396  strspn                                     
0000a3be  DMA_setDstAddress                          
0000a3e4  usbGetReport                               
0000a40a  DMA_setSrcAddress                          
0000a42e  usbClearDeviceFeature                      
0000a452  usbSetDeviceFeature                        
0000a476  USB_disable                                
0000a498  USB_disconnect                             
0000a4ba  HidResetData                               
0000a4da  usbSendDataPacketOnEP0                     
0000a4fa  usbGetHidDescriptor                        
0000a518  usbGetInterface                            
0000a536  usbGetInterfaceStatus                      
0000a554  IEP0InterruptHandler                       
0000a570  usbDisableInEndpointInterrupt              
0000a58c  usbDisableOutEndpointInterrupt             
0000a5a8  GPIO_setAsOutputPin                        
0000a5c2  GPIO_setAsPeripheralModuleFunctionOutputPin
0000a5dc  USB_connect                                
0000a5f6  _c_int00_noargs_noexit                     
0000a610  memcpyV                                    
0000a62a  strcat                                     
0000a644  usbSetInterface                            
0000a65e  USB_resume                                 
0000a676  WDT_A_hold                                 
0000a68e  strcmp                                     
0000a6a6  usbGetReportDescriptor                     
0000a6be  GPIO_setOutputLowOnPin                     
0000a6d4  __mspabi_divu                              
0000a6d4  __mspabi_remu                              
0000a6ea  __mspabi_mpyi_f5hw                         
0000a700  usbGetConfigurationDescriptor              
0000a716  usbGetDeviceDescriptor                     
0000a72c  USB_handleVbusOnEvent                      
0000a740  memset                                     
0000a754  usbGetConfiguration                        
0000a768  usbReceiveDataPacketOnEP0                  
0000a77c  HidIsReceiveInProgress                     
0000a78e  memcpy                                     
0000a7a0  usbInvalidRequest                          
0000a7b2  __TI_decompress_rle24                      
0000a7c0  DMA_getInterruptStatus                     
0000a7cc  USB_handleClockEvent                       
0000a7d8  DMA_disableTransfers                       
0000a7e2  DMA_enableTransfers                        
0000a7ec  __mspabi_slli                              
0000a7f6  __mspabi_srli                              
0000a800  DMA_setTransferSize                        
0000a808  DMA_startTransfer                          
0000a810  UCS_XT2Off                                 
0000a818  USBHID_handleDataReceived                  
0000a820  USBHID_handleSendCompleted                 
0000a828  TIMER0_A0_ISR                              
0000a830  DMA_disableTransferDuringReadModifyWrite   
0000a836  DMA_enableTransferDuringReadModifyWrite    
0000a83c  SFR_clearInterrupt                         
0000a842  UCS_clearFaultFlag                         
0000a848  USB_getVersion                             
0000a84e  __TI_ISR_TRAP                              
0000a854  usbClearOEP0ByteCount                      
0000a85a  usbRestoreInEndpointInterrupt              
0000a860  usbRestoreOutEndpointInterrupt             
0000a866  USBHID_handleEP0GetReport                  
0000a86a  USBHID_handleEP0SetReport                  
0000a86e  USBHID_handleEP0SetReportDataAvailable     
0000a872  USBHID_handleReceiveCompleted              
0000a876  USB_handleEnumCompleteEvent                
0000a87a  USB_handleResetEvent                       
0000a87e  USB_handleResumeEvent                      
0000a882  USB_handleSuspendEvent                     
0000a886  USB_handleVbusOffEvent                     
0000a88a  _system_pre_init                           
0000a88e  C$$EXIT                                    
0000a88e  abort                                      
0000a892  tUsbRequestList                            
0000aa60  abromStringDescriptor                      
0000ab00  abromConfigurationDescriptorGroup          
0000ab2a  report_desc_HID0                           
0000ab8a  abromDeviceDescriptor                      
0000ab9c  stUsbHandle                                
0000abb6  report_desc_size                           
0000abe0  __TI_Handler_Table_Base                    
0000abec  __TI_Handler_Table_Limit                   
0000abf2  __TI_CINIT_Base                            
0000ac02  __TI_CINIT_Limit                           
0000ffd2  __TI_int41                                 
0000ffd4  __TI_int42                                 
0000ffd6  __TI_int43                                 
0000ffd8  __TI_int44                                 
0000ffda  __TI_int45                                 
0000ffdc  __TI_int46                                 
0000ffde  __TI_int47                                 
0000ffe0  __TI_int48                                 
0000ffe2  __TI_int49                                 
0000ffe4  __TI_int50                                 
0000ffe6  __TI_int51                                 
0000ffe8  __TI_int52                                 
0000ffea  __TI_int53                                 
0000ffec  __TI_int54                                 
0000ffee  __TI_int55                                 
0000fff0  __TI_int56                                 
0000fff2  __TI_int57                                 
0000fff4  __TI_int58                                 
0000fff6  __TI_int59                                 
0000fff8  __TI_int60                                 
0000fffa  __TI_int61                                 
0000fffc  __TI_int62                                 
0000fffe  _reset_vector                              
ffffffff  __binit__                                  
ffffffff  __c_args__                                 
ffffffff  binit                                      
UNDEFED   __TI_INITARRAY_Base                        
UNDEFED   __TI_INITARRAY_Limit                       

[1012 symbols]
